Archive member included to satisfy reference by file (symbol)

d:/ac6/systemworkbench/plugins/fr.ac6.mcu.externaltools.arm-none.win32_1.15.0.201708311556/tools/compiler/bin/../lib/gcc/arm-none-eabi/6.3.1/thumb/v7e-m/fpv4-sp/hard\libgcc.a(_aeabi_uldivmod.o)
                              Drivers/STM32L4xx_HAL_Driver/Src/stm32l4xx_hal_uart.o (__aeabi_uldivmod)
d:/ac6/systemworkbench/plugins/fr.ac6.mcu.externaltools.arm-none.win32_1.15.0.201708311556/tools/compiler/bin/../lib/gcc/arm-none-eabi/6.3.1/thumb/v7e-m/fpv4-sp/hard\libgcc.a(_udivmoddi4.o)
                              d:/ac6/systemworkbench/plugins/fr.ac6.mcu.externaltools.arm-none.win32_1.15.0.201708311556/tools/compiler/bin/../lib/gcc/arm-none-eabi/6.3.1/thumb/v7e-m/fpv4-sp/hard\libgcc.a(_aeabi_uldivmod.o) (__udivmoddi4)
d:/ac6/systemworkbench/plugins/fr.ac6.mcu.externaltools.arm-none.win32_1.15.0.201708311556/tools/compiler/bin/../lib/gcc/arm-none-eabi/6.3.1/thumb/v7e-m/fpv4-sp/hard\libgcc.a(_dvmd_tls.o)
                              d:/ac6/systemworkbench/plugins/fr.ac6.mcu.externaltools.arm-none.win32_1.15.0.201708311556/tools/compiler/bin/../lib/gcc/arm-none-eabi/6.3.1/thumb/v7e-m/fpv4-sp/hard\libgcc.a(_aeabi_uldivmod.o) (__aeabi_ldiv0)
d:/ac6/systemworkbench/plugins/fr.ac6.mcu.externaltools.arm-none.win32_1.15.0.201708311556/tools/compiler/bin/../lib/gcc/arm-none-eabi/6.3.1/../../../../arm-none-eabi/lib/thumb/v7e-m/fpv4-sp/hard\libc_nano.a(lib_a-exit.o)
                              d:/ac6/systemworkbench/plugins/fr.ac6.mcu.externaltools.arm-none.win32_1.15.0.201708311556/tools/compiler/bin/../lib/gcc/arm-none-eabi/6.3.1/../../../../arm-none-eabi/lib/thumb/v7e-m/fpv4-sp/hard/crt0.o (exit)
d:/ac6/systemworkbench/plugins/fr.ac6.mcu.externaltools.arm-none.win32_1.15.0.201708311556/tools/compiler/bin/../lib/gcc/arm-none-eabi/6.3.1/../../../../arm-none-eabi/lib/thumb/v7e-m/fpv4-sp/hard\libc_nano.a(lib_a-impure.o)
                              d:/ac6/systemworkbench/plugins/fr.ac6.mcu.externaltools.arm-none.win32_1.15.0.201708311556/tools/compiler/bin/../lib/gcc/arm-none-eabi/6.3.1/../../../../arm-none-eabi/lib/thumb/v7e-m/fpv4-sp/hard\libc_nano.a(lib_a-exit.o) (_global_impure_ptr)
d:/ac6/systemworkbench/plugins/fr.ac6.mcu.externaltools.arm-none.win32_1.15.0.201708311556/tools/compiler/bin/../lib/gcc/arm-none-eabi/6.3.1/../../../../arm-none-eabi/lib/thumb/v7e-m/fpv4-sp/hard\libc_nano.a(lib_a-init.o)
                              d:/ac6/systemworkbench/plugins/fr.ac6.mcu.externaltools.arm-none.win32_1.15.0.201708311556/tools/compiler/bin/../lib/gcc/arm-none-eabi/6.3.1/../../../../arm-none-eabi/lib/thumb/v7e-m/fpv4-sp/hard/crt0.o (__libc_init_array)
d:/ac6/systemworkbench/plugins/fr.ac6.mcu.externaltools.arm-none.win32_1.15.0.201708311556/tools/compiler/bin/../lib/gcc/arm-none-eabi/6.3.1/../../../../arm-none-eabi/lib/thumb/v7e-m/fpv4-sp/hard\libc_nano.a(lib_a-memcpy-stub.o)
                              Middlewares/Third_Party/FreeRTOS/Source/queue.o (memcpy)
d:/ac6/systemworkbench/plugins/fr.ac6.mcu.externaltools.arm-none.win32_1.15.0.201708311556/tools/compiler/bin/../lib/gcc/arm-none-eabi/6.3.1/../../../../arm-none-eabi/lib/thumb/v7e-m/fpv4-sp/hard\libc_nano.a(lib_a-memset.o)
                              d:/ac6/systemworkbench/plugins/fr.ac6.mcu.externaltools.arm-none.win32_1.15.0.201708311556/tools/compiler/bin/../lib/gcc/arm-none-eabi/6.3.1/../../../../arm-none-eabi/lib/thumb/v7e-m/fpv4-sp/hard/crt0.o (memset)
d:/ac6/systemworkbench/plugins/fr.ac6.mcu.externaltools.arm-none.win32_1.15.0.201708311556/tools/compiler/bin/../lib/gcc/arm-none-eabi/6.3.1/../../../../arm-none-eabi/lib/thumb/v7e-m/fpv4-sp/hard\libnosys.a(_exit.o)
                              d:/ac6/systemworkbench/plugins/fr.ac6.mcu.externaltools.arm-none.win32_1.15.0.201708311556/tools/compiler/bin/../lib/gcc/arm-none-eabi/6.3.1/../../../../arm-none-eabi/lib/thumb/v7e-m/fpv4-sp/hard\libc_nano.a(lib_a-exit.o) (_exit)

Allocating common symbols
Common symbol       size              file

defaultTaskHandle   0x4               Src/freertos.o
RXControlBlock      0x54              Src/freertos.o
RXHandle            0x4               Src/freertos.o
TXHandle            0x4               Src/freertos.o
uwTick              0x4               Drivers/STM32L4xx_HAL_Driver/Src/stm32l4xx_hal.o
xQueueRegistry      0x40              Middlewares/Third_Party/FreeRTOS/Source/queue.o
TXBuffer            0x800             Src/freertos.o
hdma_usart1_tx      0x48              Src/usart.o
hdma_usart1_rx      0x48              Src/usart.o
huart1              0x78              Src/usart.o
toBeSentQControlBlock
                    0x48              Src/freertos.o
toBeSentQBuffer     0x4               Src/freertos.o
htim1               0x40              Src/stm32l4xx_hal_timebase_TIM.o
TXControlBlock      0x54              Src/freertos.o
RXBuffer            0x800             Src/freertos.o
toBeSentQHandle     0x4               Src/freertos.o
huart2              0x78              Src/usart.o

[...]
Memory Configuration

Name             Origin             Length             Attributes
RAM              0x20000000         0x00010000         xrw
FLASH            0x08000000         0x00040000         xr
*default*        0x00000000         0xffffffff

Linker script and memory map

LOAD d:/ac6/systemworkbench/plugins/fr.ac6.mcu.externaltools.arm-none.win32_1.15.0.201708311556/tools/compiler/bin/../lib/gcc/arm-none-eabi/6.3.1/thumb/v7e-m/fpv4-sp/hard/crti.o
LOAD d:/ac6/systemworkbench/plugins/fr.ac6.mcu.externaltools.arm-none.win32_1.15.0.201708311556/tools/compiler/bin/../lib/gcc/arm-none-eabi/6.3.1/thumb/v7e-m/fpv4-sp/hard/crtbegin.o
LOAD d:/ac6/systemworkbench/plugins/fr.ac6.mcu.externaltools.arm-none.win32_1.15.0.201708311556/tools/compiler/bin/../lib/gcc/arm-none-eabi/6.3.1/../../../../arm-none-eabi/lib/thumb/v7e-m/fpv4-sp/hard/crt0.o
LOAD Drivers/STM32L4xx_HAL_Driver/Src/stm32l4xx_hal.o
LOAD Drivers/STM32L4xx_HAL_Driver/Src/stm32l4xx_hal_cortex.o
LOAD Drivers/STM32L4xx_HAL_Driver/Src/stm32l4xx_hal_dma.o
LOAD Drivers/STM32L4xx_HAL_Driver/Src/stm32l4xx_hal_dma_ex.o
LOAD Drivers/STM32L4xx_HAL_Driver/Src/stm32l4xx_hal_flash.o
LOAD Drivers/STM32L4xx_HAL_Driver/Src/stm32l4xx_hal_flash_ex.o
LOAD Drivers/STM32L4xx_HAL_Driver/Src/stm32l4xx_hal_flash_ramfunc.o
LOAD Drivers/STM32L4xx_HAL_Driver/Src/stm32l4xx_hal_gpio.o
LOAD Drivers/STM32L4xx_HAL_Driver/Src/stm32l4xx_hal_i2c.o
LOAD Drivers/STM32L4xx_HAL_Driver/Src/stm32l4xx_hal_i2c_ex.o
LOAD Drivers/STM32L4xx_HAL_Driver/Src/stm32l4xx_hal_pwr.o
LOAD Drivers/STM32L4xx_HAL_Driver/Src/stm32l4xx_hal_pwr_ex.o
LOAD Drivers/STM32L4xx_HAL_Driver/Src/stm32l4xx_hal_rcc.o
LOAD Drivers/STM32L4xx_HAL_Driver/Src/stm32l4xx_hal_rcc_ex.o
LOAD Drivers/STM32L4xx_HAL_Driver/Src/stm32l4xx_hal_tim.o
LOAD Drivers/STM32L4xx_HAL_Driver/Src/stm32l4xx_hal_tim_ex.o
LOAD Drivers/STM32L4xx_HAL_Driver/Src/stm32l4xx_hal_uart.o
LOAD Drivers/STM32L4xx_HAL_Driver/Src/stm32l4xx_hal_uart_ex.o
LOAD Middlewares/Third_Party/FreeRTOS/Source/CMSIS_RTOS/cmsis_os.o
LOAD Middlewares/Third_Party/FreeRTOS/Source/croutine.o
LOAD Middlewares/Third_Party/FreeRTOS/Source/event_groups.o
LOAD Middlewares/Third_Party/FreeRTOS/Source/list.o
LOAD Middlewares/Third_Party/FreeRTOS/Source/queue.o
LOAD Middlewares/Third_Party/FreeRTOS/Source/tasks.o
LOAD Middlewares/Third_Party/FreeRTOS/Source/timers.o
LOAD Middlewares/Third_Party/FreeRTOS/Source/portable/GCC/ARM_CM4F/port.o
LOAD Middlewares/Third_Party/FreeRTOS/Source/portable/MemMang/heap_4.o
LOAD Src/dma.o
LOAD Src/freertos.o
LOAD Src/gpio.o
LOAD Src/helpers.o
LOAD Src/main.o
LOAD Src/rx_helpers.o
LOAD Src/stm32l4xx_hal_msp.o
LOAD Src/stm32l4xx_hal_timebase_TIM.o
LOAD Src/stm32l4xx_it.o
LOAD Src/system_stm32l4xx.o
LOAD Src/tx_helpers.o
LOAD Src/usart.o
LOAD startup/startup_stm32l432xx.o
LOAD d:/ac6/systemworkbench/plugins/fr.ac6.mcu.externaltools.arm-none.win32_1.15.0.201708311556/tools/compiler/bin/../lib/gcc/arm-none-eabi/6.3.1/../../../../arm-none-eabi/lib/thumb/v7e-m/fpv4-sp/hard\libm.a
START GROUP
LOAD d:/ac6/systemworkbench/plugins/fr.ac6.mcu.externaltools.arm-none.win32_1.15.0.201708311556/tools/compiler/bin/../lib/gcc/arm-none-eabi/6.3.1/thumb/v7e-m/fpv4-sp/hard\libgcc.a
LOAD d:/ac6/systemworkbench/plugins/fr.ac6.mcu.externaltools.arm-none.win32_1.15.0.201708311556/tools/compiler/bin/../lib/gcc/arm-none-eabi/6.3.1/../../../../arm-none-eabi/lib/thumb/v7e-m/fpv4-sp/hard\libc_nano.a
END GROUP
START GROUP
LOAD d:/ac6/systemworkbench/plugins/fr.ac6.mcu.externaltools.arm-none.win32_1.15.0.201708311556/tools/compiler/bin/../lib/gcc/arm-none-eabi/6.3.1/thumb/v7e-m/fpv4-sp/hard\libgcc.a
LOAD d:/ac6/systemworkbench/plugins/fr.ac6.mcu.externaltools.arm-none.win32_1.15.0.201708311556/tools/compiler/bin/../lib/gcc/arm-none-eabi/6.3.1/../../../../arm-none-eabi/lib/thumb/v7e-m/fpv4-sp/hard\libc_nano.a
LOAD d:/ac6/systemworkbench/plugins/fr.ac6.mcu.externaltools.arm-none.win32_1.15.0.201708311556/tools/compiler/bin/../lib/gcc/arm-none-eabi/6.3.1/../../../../arm-none-eabi/lib/thumb/v7e-m/fpv4-sp/hard\libnosys.a
END GROUP
START GROUP
LOAD d:/ac6/systemworkbench/plugins/fr.ac6.mcu.externaltools.arm-none.win32_1.15.0.201708311556/tools/compiler/bin/../lib/gcc/arm-none-eabi/6.3.1/thumb/v7e-m/fpv4-sp/hard\libgcc.a
LOAD d:/ac6/systemworkbench/plugins/fr.ac6.mcu.externaltools.arm-none.win32_1.15.0.201708311556/tools/compiler/bin/../lib/gcc/arm-none-eabi/6.3.1/../../../../arm-none-eabi/lib/thumb/v7e-m/fpv4-sp/hard\libc_nano.a
LOAD d:/ac6/systemworkbench/plugins/fr.ac6.mcu.externaltools.arm-none.win32_1.15.0.201708311556/tools/compiler/bin/../lib/gcc/arm-none-eabi/6.3.1/../../../../arm-none-eabi/lib/thumb/v7e-m/fpv4-sp/hard\libnosys.a
END GROUP
LOAD d:/ac6/systemworkbench/plugins/fr.ac6.mcu.externaltools.arm-none.win32_1.15.0.201708311556/tools/compiler/bin/../lib/gcc/arm-none-eabi/6.3.1/thumb/v7e-m/fpv4-sp/hard/crtend.o
LOAD d:/ac6/systemworkbench/plugins/fr.ac6.mcu.externaltools.arm-none.win32_1.15.0.201708311556/tools/compiler/bin/../lib/gcc/arm-none-eabi/6.3.1/thumb/v7e-m/fpv4-sp/hard/crtn.o
                0x20010000                _estack = 0x20010000
                0x00000200                _Min_Heap_Size = 0x200
                0x00000400                _Min_Stack_Size = 0x400

.isr_vector     0x08000000      0x190
                0x08000000                . = ALIGN (0x8)
 *(.isr_vector)
 .isr_vector    0x08000000      0x18c startup/startup_stm32l432xx.o
                0x08000000                g_pfnVectors
                0x08000190                . = ALIGN (0x8)
 *fill*         0x0800018c        0x4 

.text           0x08000190     0x47a0
                0x08000190                . = ALIGN (0x8)
 *(.text)
 .text          0x08000190       0x6c d:/ac6/systemworkbench/plugins/fr.ac6.mcu.externaltools.arm-none.win32_1.15.0.201708311556/tools/compiler/bin/../lib/gcc/arm-none-eabi/6.3.1/thumb/v7e-m/fpv4-sp/hard/crtbegin.o
 .text          0x080001fc       0x30 d:/ac6/systemworkbench/plugins/fr.ac6.mcu.externaltools.arm-none.win32_1.15.0.201708311556/tools/compiler/bin/../lib/gcc/arm-none-eabi/6.3.1/thumb/v7e-m/fpv4-sp/hard\libgcc.a(_aeabi_uldivmod.o)
                0x080001fc                __aeabi_uldivmod
 .text          0x0800022c      0x2dc d:/ac6/systemworkbench/plugins/fr.ac6.mcu.externaltools.arm-none.win32_1.15.0.201708311556/tools/compiler/bin/../lib/gcc/arm-none-eabi/6.3.1/thumb/v7e-m/fpv4-sp/hard\libgcc.a(_udivmoddi4.o)
                0x0800022c                __udivmoddi4
 .text          0x08000508        0x4 d:/ac6/systemworkbench/plugins/fr.ac6.mcu.externaltools.arm-none.win32_1.15.0.201708311556/tools/compiler/bin/../lib/gcc/arm-none-eabi/6.3.1/thumb/v7e-m/fpv4-sp/hard\libgcc.a(_dvmd_tls.o)
                0x08000508                __aeabi_idiv0
                0x08000508                __aeabi_ldiv0
 *(.text*)
 .text.HAL_Init
                0x0800050c       0x16 Drivers/STM32L4xx_HAL_Driver/Src/stm32l4xx_hal.o
                0x0800050c                HAL_Init
 *fill*         0x08000522        0x2 
 .text.HAL_IncTick
                0x08000524       0x10 Drivers/STM32L4xx_HAL_Driver/Src/stm32l4xx_hal.o
                0x08000524                HAL_IncTick
 .text.HAL_GetTick
                0x08000534        0xc Drivers/STM32L4xx_HAL_Driver/Src/stm32l4xx_hal.o
                0x08000534                HAL_GetTick
 .text.HAL_NVIC_SetPriorityGrouping
                0x08000540       0x24 Drivers/STM32L4xx_HAL_Driver/Src/stm32l4xx_hal_cortex.o
                0x08000540                HAL_NVIC_SetPriorityGrouping
 .text.HAL_NVIC_SetPriority
                0x08000564       0x64 Drivers/STM32L4xx_HAL_Driver/Src/stm32l4xx_hal_cortex.o
                0x08000564                HAL_NVIC_SetPriority
 .text.HAL_NVIC_EnableIRQ
                0x080005c8       0x18 Drivers/STM32L4xx_HAL_Driver/Src/stm32l4xx_hal_cortex.o
                0x080005c8                HAL_NVIC_EnableIRQ
 .text.HAL_SYSTICK_Config
                0x080005e0       0x2c Drivers/STM32L4xx_HAL_Driver/Src/stm32l4xx_hal_cortex.o
                0x080005e0                HAL_SYSTICK_Config
 .text.HAL_SYSTICK_CLKSourceConfig
                0x0800060c       0x20 Drivers/STM32L4xx_HAL_Driver/Src/stm32l4xx_hal_cortex.o
                0x0800060c                HAL_SYSTICK_CLKSourceConfig
 .text.DMA_SetConfig
                0x0800062c       0x30 Drivers/STM32L4xx_HAL_Driver/Src/stm32l4xx_hal_dma.o
 .text.HAL_DMA_Init
                0x0800065c       0xf8 Drivers/STM32L4xx_HAL_Driver/Src/stm32l4xx_hal_dma.o
                0x0800065c                HAL_DMA_Init
 .text.HAL_DMA_Start_IT
                0x08000754       0x76 Drivers/STM32L4xx_HAL_Driver/Src/stm32l4xx_hal_dma.o
                0x08000754                HAL_DMA_Start_IT
 .text.HAL_DMA_Abort
                0x080007ca       0x38 Drivers/STM32L4xx_HAL_Driver/Src/stm32l4xx_hal_dma.o
                0x080007ca                HAL_DMA_Abort
 .text.HAL_DMA_Abort_IT
                0x08000802       0x50 Drivers/STM32L4xx_HAL_Driver/Src/stm32l4xx_hal_dma.o
                0x08000802                HAL_DMA_Abort_IT
 .text.HAL_DMA_IRQHandler
                0x08000852       0xc2 Drivers/STM32L4xx_HAL_Driver/Src/stm32l4xx_hal_dma.o
                0x08000852                HAL_DMA_IRQHandler
 .text.HAL_GPIO_Init
                0x08000914      0x188 Drivers/STM32L4xx_HAL_Driver/Src/stm32l4xx_hal_gpio.o
                0x08000914                HAL_GPIO_Init
 .text.HAL_GPIO_WritePin
                0x08000a9c        0xa Drivers/STM32L4xx_HAL_Driver/Src/stm32l4xx_hal_gpio.o
                0x08000a9c                HAL_GPIO_WritePin
 *fill*         0x08000aa6        0x2 
 .text.HAL_PWR_EnableBkUpAccess
                0x08000aa8       0x10 Drivers/STM32L4xx_HAL_Driver/Src/stm32l4xx_hal_pwr.o
                0x08000aa8                HAL_PWR_EnableBkUpAccess
 .text.HAL_PWREx_GetVoltageRange
                0x08000ab8       0x10 Drivers/STM32L4xx_HAL_Driver/Src/stm32l4xx_hal_pwr_ex.o
                0x08000ab8                HAL_PWREx_GetVoltageRange
 .text.HAL_PWREx_ControlVoltageScaling
                0x08000ac8       0x90 Drivers/STM32L4xx_HAL_Driver/Src/stm32l4xx_hal_pwr_ex.o
                0x08000ac8                HAL_PWREx_ControlVoltageScaling
 .text.RCC_SetFlashLatencyFromMSIRange
                0x08000b58       0x90 Drivers/STM32L4xx_HAL_Driver/Src/stm32l4xx_hal_rcc.o
 .text.HAL_RCC_GetSysClockFreq
                0x08000be8      0x100 Drivers/STM32L4xx_HAL_Driver/Src/stm32l4xx_hal_rcc.o
                0x08000be8                HAL_RCC_GetSysClockFreq
 .text.HAL_RCC_OscConfig
                0x08000ce8      0x5d8 Drivers/STM32L4xx_HAL_Driver/Src/stm32l4xx_hal_rcc.o
                0x08000ce8                HAL_RCC_OscConfig
 .text.HAL_RCC_ClockConfig
                0x080012c0      0x150 Drivers/STM32L4xx_HAL_Driver/Src/stm32l4xx_hal_rcc.o
                0x080012c0                HAL_RCC_ClockConfig
 .text.HAL_RCC_GetHCLKFreq
                0x08001410        0xc Drivers/STM32L4xx_HAL_Driver/Src/stm32l4xx_hal_rcc.o
                0x08001410                HAL_RCC_GetHCLKFreq
 .text.HAL_RCC_GetPCLK1Freq
                0x0800141c       0x20 Drivers/STM32L4xx_HAL_Driver/Src/stm32l4xx_hal_rcc.o
                0x0800141c                HAL_RCC_GetPCLK1Freq
 .text.HAL_RCC_GetPCLK2Freq
                0x0800143c       0x20 Drivers/STM32L4xx_HAL_Driver/Src/stm32l4xx_hal_rcc.o
                0x0800143c                HAL_RCC_GetPCLK2Freq
 .text.HAL_RCC_GetClockConfig
                0x0800145c       0x3c Drivers/STM32L4xx_HAL_Driver/Src/stm32l4xx_hal_rcc.o
                0x0800145c                HAL_RCC_GetClockConfig
 .text.RCCEx_PLLSAI1_Config
                0x08001498      0x17c Drivers/STM32L4xx_HAL_Driver/Src/stm32l4xx_hal_rcc_ex.o
 .text.HAL_RCCEx_PeriphCLKConfig
                0x08001614      0x2e8 Drivers/STM32L4xx_HAL_Driver/Src/stm32l4xx_hal_rcc_ex.o
                0x08001614                HAL_RCCEx_PeriphCLKConfig
 .text.HAL_RCCEx_EnableMSIPLLMode
                0x080018fc       0x10 Drivers/STM32L4xx_HAL_Driver/Src/stm32l4xx_hal_rcc_ex.o
                0x080018fc                HAL_RCCEx_EnableMSIPLLMode
 .text.HAL_TIM_Base_MspInit
                0x0800190c        0x2 Drivers/STM32L4xx_HAL_Driver/Src/stm32l4xx_hal_tim.o
                0x0800190c                HAL_TIM_Base_MspInit
 *fill*         0x0800190e        0x2 
 .text.HAL_TIM_Base_Start_IT
                0x08001910       0x34 Drivers/STM32L4xx_HAL_Driver/Src/stm32l4xx_hal_tim.o
                0x08001910                HAL_TIM_Base_Start_IT
 .text.HAL_TIM_OC_DelayElapsedCallback
                0x08001944        0x2 Drivers/STM32L4xx_HAL_Driver/Src/stm32l4xx_hal_tim.o
                0x08001944                HAL_TIM_OC_DelayElapsedCallback
 .text.HAL_TIM_IC_CaptureCallback
                0x08001946        0x2 Drivers/STM32L4xx_HAL_Driver/Src/stm32l4xx_hal_tim.o
                0x08001946                HAL_TIM_IC_CaptureCallback
 .text.HAL_TIM_PWM_PulseFinishedCallback
                0x08001948        0x2 Drivers/STM32L4xx_HAL_Driver/Src/stm32l4xx_hal_tim.o
                0x08001948                HAL_TIM_PWM_PulseFinishedCallback
 .text.HAL_TIM_TriggerCallback
                0x0800194a        0x2 Drivers/STM32L4xx_HAL_Driver/Src/stm32l4xx_hal_tim.o
                0x0800194a                HAL_TIM_TriggerCallback
 .text.HAL_TIM_IRQHandler
                0x0800194c      0x19a Drivers/STM32L4xx_HAL_Driver/Src/stm32l4xx_hal_tim.o
                0x0800194c                HAL_TIM_IRQHandler
 *fill*         0x08001ae6        0x2 
 .text.TIM_Base_SetConfig
                0x08001ae8       0x78 Drivers/STM32L4xx_HAL_Driver/Src/stm32l4xx_hal_tim.o
                0x08001ae8                TIM_Base_SetConfig
 .text.HAL_TIM_Base_Init
                0x08001b60       0x32 Drivers/STM32L4xx_HAL_Driver/Src/stm32l4xx_hal_tim.o
                0x08001b60                HAL_TIM_Base_Init
 .text.HAL_TIMEx_CommutationCallback
                0x08001b92        0x2 Drivers/STM32L4xx_HAL_Driver/Src/stm32l4xx_hal_tim_ex.o
                0x08001b92                HAL_TIMEx_CommutationCallback
 .text.HAL_TIMEx_BreakCallback
                0x08001b94        0x2 Drivers/STM32L4xx_HAL_Driver/Src/stm32l4xx_hal_tim_ex.o
                0x08001b94                HAL_TIMEx_BreakCallback
 .text.HAL_TIMEx_Break2Callback
                0x08001b96        0x2 Drivers/STM32L4xx_HAL_Driver/Src/stm32l4xx_hal_tim_ex.o
                0x08001b96                HAL_TIMEx_Break2Callback
 .text.UART_EndTxTransfer
                0x08001b98       0x12 Drivers/STM32L4xx_HAL_Driver/Src/stm32l4xx_hal_uart.o
 .text.UART_EndRxTransfer
                0x08001baa       0x20 Drivers/STM32L4xx_HAL_Driver/Src/stm32l4xx_hal_uart.o
 *fill*         0x08001bca        0x2 
 .text.HAL_UART_Receive_IT
                0x08001bcc       0xd4 Drivers/STM32L4xx_HAL_Driver/Src/stm32l4xx_hal_uart.o
                0x08001bcc                HAL_UART_Receive_IT
 .text.HAL_UART_Transmit_DMA
                0x08001ca0       0x90 Drivers/STM32L4xx_HAL_Driver/Src/stm32l4xx_hal_uart.o
                0x08001ca0                HAL_UART_Transmit_DMA
 .text.HAL_UART_Receive_DMA
                0x08001d30       0x9c Drivers/STM32L4xx_HAL_Driver/Src/stm32l4xx_hal_uart.o
                0x08001d30                HAL_UART_Receive_DMA
 .text.HAL_UART_AbortTransmit
                0x08001dcc       0x3c Drivers/STM32L4xx_HAL_Driver/Src/stm32l4xx_hal_uart.o
                0x08001dcc                HAL_UART_AbortTransmit
 .text.HAL_UART_AbortReceive
                0x08001e08       0x58 Drivers/STM32L4xx_HAL_Driver/Src/stm32l4xx_hal_uart.o
                0x08001e08                HAL_UART_AbortReceive
 .text.UART_DMATransmitCplt
                0x08001e60       0x32 Drivers/STM32L4xx_HAL_Driver/Src/stm32l4xx_hal_uart.o
 .text.UART_EndTransmit_IT
                0x08001e92       0x1c Drivers/STM32L4xx_HAL_Driver/Src/stm32l4xx_hal_uart.o
 .text.HAL_UART_TxHalfCpltCallback
                0x08001eae        0x2 Drivers/STM32L4xx_HAL_Driver/Src/stm32l4xx_hal_uart.o
                0x08001eae                HAL_UART_TxHalfCpltCallback
 .text.UART_DMATxHalfCplt
                0x08001eb0        0xa Drivers/STM32L4xx_HAL_Driver/Src/stm32l4xx_hal_uart.o
 .text.UART_RxISR_8BIT
                0x08001eba       0x64 Drivers/STM32L4xx_HAL_Driver/Src/stm32l4xx_hal_uart.o
 .text.UART_RxISR_16BIT
                0x08001f1e       0x64 Drivers/STM32L4xx_HAL_Driver/Src/stm32l4xx_hal_uart.o
 .text.UART_DMAReceiveCplt
                0x08001f82       0x40 Drivers/STM32L4xx_HAL_Driver/Src/stm32l4xx_hal_uart.o
 .text.HAL_UART_RxHalfCpltCallback
                0x08001fc2        0x2 Drivers/STM32L4xx_HAL_Driver/Src/stm32l4xx_hal_uart.o
                0x08001fc2                HAL_UART_RxHalfCpltCallback
 .text.UART_DMARxHalfCplt
                0x08001fc4        0xa Drivers/STM32L4xx_HAL_Driver/Src/stm32l4xx_hal_uart.o
 .text.HAL_UART_ErrorCallback
                0x08001fce        0x2 Drivers/STM32L4xx_HAL_Driver/Src/stm32l4xx_hal_uart.o
                0x08001fce                HAL_UART_ErrorCallback
 .text.UART_DMAError
                0x08001fd0       0x58 Drivers/STM32L4xx_HAL_Driver/Src/stm32l4xx_hal_uart.o
 .text.HAL_UART_IRQHandler
                0x08002028      0x15c Drivers/STM32L4xx_HAL_Driver/Src/stm32l4xx_hal_uart.o
                0x08002028                HAL_UART_IRQHandler
 .text.UART_DMAAbortOnError
                0x08002184       0x14 Drivers/STM32L4xx_HAL_Driver/Src/stm32l4xx_hal_uart.o
 .text.UART_SetConfig
                0x08002198      0x35c Drivers/STM32L4xx_HAL_Driver/Src/stm32l4xx_hal_uart.o
                0x08002198                UART_SetConfig
 .text.UART_AdvFeatureConfig
                0x080024f4       0xca Drivers/STM32L4xx_HAL_Driver/Src/stm32l4xx_hal_uart.o
                0x080024f4                UART_AdvFeatureConfig
 .text.UART_WaitOnFlagUntilTimeout
                0x080025be       0x64 Drivers/STM32L4xx_HAL_Driver/Src/stm32l4xx_hal_uart.o
                0x080025be                UART_WaitOnFlagUntilTimeout
 .text.UART_CheckIdleState
                0x08002622       0x70 Drivers/STM32L4xx_HAL_Driver/Src/stm32l4xx_hal_uart.o
                0x08002622                UART_CheckIdleState
 .text.HAL_UART_Init
                0x08002692       0x68 Drivers/STM32L4xx_HAL_Driver/Src/stm32l4xx_hal_uart.o
                0x08002692                HAL_UART_Init
 .text.HAL_UARTEx_WakeupCallback
                0x080026fa        0x2 Drivers/STM32L4xx_HAL_Driver/Src/stm32l4xx_hal_uart_ex.o
                0x080026fa                HAL_UARTEx_WakeupCallback
 .text.makeFreeRtosPriority
                0x080026fc        0xc Middlewares/Third_Party/FreeRTOS/Source/CMSIS_RTOS/cmsis_os.o
 .text.osKernelStart
                0x08002708        0xa Middlewares/Third_Party/FreeRTOS/Source/CMSIS_RTOS/cmsis_os.o
                0x08002708                osKernelStart
 .text.osThreadCreate
                0x08002712       0x6a Middlewares/Third_Party/FreeRTOS/Source/CMSIS_RTOS/cmsis_os.o
                0x08002712                osThreadCreate
 .text.osDelay  0x0800277c       0x12 Middlewares/Third_Party/FreeRTOS/Source/CMSIS_RTOS/cmsis_os.o
                0x0800277c                osDelay
 .text.osMessageCreate
                0x0800278e       0x28 Middlewares/Third_Party/FreeRTOS/Source/CMSIS_RTOS/cmsis_os.o
                0x0800278e                osMessageCreate
 .text.osSystickHandler
                0x080027b6       0x10 Middlewares/Third_Party/FreeRTOS/Source/CMSIS_RTOS/cmsis_os.o
                0x080027b6                osSystickHandler
 .text.vListInitialise
                0x080027c6       0x16 Middlewares/Third_Party/FreeRTOS/Source/list.o
                0x080027c6                vListInitialise
 .text.vListInitialiseItem
                0x080027dc        0x6 Middlewares/Third_Party/FreeRTOS/Source/list.o
                0x080027dc                vListInitialiseItem
 .text.vListInsertEnd
                0x080027e2       0x18 Middlewares/Third_Party/FreeRTOS/Source/list.o
                0x080027e2                vListInsertEnd
 .text.vListInsert
                0x080027fa       0x34 Middlewares/Third_Party/FreeRTOS/Source/list.o
                0x080027fa                vListInsert
 .text.uxListRemove
                0x0800282e       0x26 Middlewares/Third_Party/FreeRTOS/Source/list.o
                0x0800282e                uxListRemove
 .text.prvIsQueueFull
                0x08002854       0x1e Middlewares/Third_Party/FreeRTOS/Source/queue.o
 .text.prvIsQueueEmpty
                0x08002872       0x1a Middlewares/Third_Party/FreeRTOS/Source/queue.o
 .text.prvCopyDataToQueue
                0x0800288c       0x76 Middlewares/Third_Party/FreeRTOS/Source/queue.o
 .text.prvCopyDataFromQueue
                0x08002902       0x24 Middlewares/Third_Party/FreeRTOS/Source/queue.o
 .text.prvUnlockQueue
                0x08002926       0x6e Middlewares/Third_Party/FreeRTOS/Source/queue.o
 .text.xQueueGenericReset
                0x08002994       0x80 Middlewares/Third_Party/FreeRTOS/Source/queue.o
                0x08002994                xQueueGenericReset
 .text.prvInitialiseNewQueue
                0x08002a14       0x1c Middlewares/Third_Party/FreeRTOS/Source/queue.o
 .text.xQueueGenericCreateStatic
                0x08002a30       0xa0 Middlewares/Third_Party/FreeRTOS/Source/queue.o
                0x08002a30                xQueueGenericCreateStatic
 .text.xQueueGenericCreate
                0x08002ad0       0x4e Middlewares/Third_Party/FreeRTOS/Source/queue.o
                0x08002ad0                xQueueGenericCreate
 *fill*         0x08002b1e        0x2 
 .text.xQueueGenericSend
                0x08002b20      0x188 Middlewares/Third_Party/FreeRTOS/Source/queue.o
                0x08002b20                xQueueGenericSend
 .text.xQueueGenericReceive
                0x08002ca8      0x1b0 Middlewares/Third_Party/FreeRTOS/Source/queue.o
                0x08002ca8                xQueueGenericReceive
 .text.prvResetNextTaskUnblockTime
                0x08002e58       0x2c Middlewares/Third_Party/FreeRTOS/Source/tasks.o
 .text.prvInitialiseNewTask
                0x08002e84       0x80 Middlewares/Third_Party/FreeRTOS/Source/tasks.o
 .text.prvInitialiseTaskLists
                0x08002f04       0x58 Middlewares/Third_Party/FreeRTOS/Source/tasks.o
 .text.prvAddNewTaskToReadyList
                0x08002f5c       0xac Middlewares/Third_Party/FreeRTOS/Source/tasks.o
 .text.prvDeleteTCB
                0x08003008       0x3a Middlewares/Third_Party/FreeRTOS/Source/tasks.o
 *fill*         0x08003042        0x2 
 .text.prvAddCurrentTaskToDelayedList
                0x08003044       0x88 Middlewares/Third_Party/FreeRTOS/Source/tasks.o
 .text.xTaskCreateStatic
                0x080030cc       0x56 Middlewares/Third_Party/FreeRTOS/Source/tasks.o
                0x080030cc                xTaskCreateStatic
 .text.xTaskCreate
                0x08003122       0x66 Middlewares/Third_Party/FreeRTOS/Source/tasks.o
                0x08003122                xTaskCreate
 .text.vTaskStartScheduler
                0x08003188       0x70 Middlewares/Third_Party/FreeRTOS/Source/tasks.o
                0x08003188                vTaskStartScheduler
 .text.vTaskSuspendAll
                0x080031f8       0x14 Middlewares/Third_Party/FreeRTOS/Source/tasks.o
                0x080031f8                vTaskSuspendAll
 .text.xTaskIncrementTick
                0x0800320c      0x114 Middlewares/Third_Party/FreeRTOS/Source/tasks.o
                0x0800320c                xTaskIncrementTick
 .text.xTaskResumeAll
                0x08003320       0xf4 Middlewares/Third_Party/FreeRTOS/Source/tasks.o
                0x08003320                xTaskResumeAll
 .text.vTaskDelay
                0x08003414       0x50 Middlewares/Third_Party/FreeRTOS/Source/tasks.o
                0x08003414                vTaskDelay
 .text.prvCheckTasksWaitingTermination
                0x08003464       0x54 Middlewares/Third_Party/FreeRTOS/Source/tasks.o
 .text.prvIdleTask
                0x080034b8       0x28 Middlewares/Third_Party/FreeRTOS/Source/tasks.o
 .text.vTaskSwitchContext
                0x080034e0       0x90 Middlewares/Third_Party/FreeRTOS/Source/tasks.o
                0x080034e0                vTaskSwitchContext
 .text.vTaskPlaceOnEventList
                0x08003570       0x34 Middlewares/Third_Party/FreeRTOS/Source/tasks.o
                0x08003570                vTaskPlaceOnEventList
 .text.xTaskRemoveFromEventList
                0x080035a4       0x84 Middlewares/Third_Party/FreeRTOS/Source/tasks.o
                0x080035a4                xTaskRemoveFromEventList
 .text.vTaskSetTimeOutState
                0x08003628       0x28 Middlewares/Third_Party/FreeRTOS/Source/tasks.o
                0x08003628                vTaskSetTimeOutState
 .text.xTaskCheckForTimeOut
                0x08003650       0x80 Middlewares/Third_Party/FreeRTOS/Source/tasks.o
                0x08003650                xTaskCheckForTimeOut
 .text.vTaskMissedYield
                0x080036d0       0x10 Middlewares/Third_Party/FreeRTOS/Source/tasks.o
                0x080036d0                vTaskMissedYield
 .text.xTaskGetSchedulerState
                0x080036e0       0x20 Middlewares/Third_Party/FreeRTOS/Source/tasks.o
                0x080036e0                xTaskGetSchedulerState
 .text.vTaskPriorityInherit
                0x08003700       0xb0 Middlewares/Third_Party/FreeRTOS/Source/tasks.o
                0x08003700                vTaskPriorityInherit
 .text.xTaskPriorityDisinherit
                0x080037b0       0xb8 Middlewares/Third_Party/FreeRTOS/Source/tasks.o
                0x080037b0                xTaskPriorityDisinherit
 .text.pvTaskIncrementMutexHeldCount
                0x08003868       0x20 Middlewares/Third_Party/FreeRTOS/Source/tasks.o
                0x08003868                pvTaskIncrementMutexHeldCount
 .text.xTaskNotifyWait
                0x08003888       0xa8 Middlewares/Third_Party/FreeRTOS/Source/tasks.o
                0x08003888                xTaskNotifyWait
 .text.xTaskGenericNotifyFromISR
                0x08003930      0x114 Middlewares/Third_Party/FreeRTOS/Source/tasks.o
                0x08003930                xTaskGenericNotifyFromISR
 .text.prvTaskExitError
                0x08003a44       0x34 Middlewares/Third_Party/FreeRTOS/Source/portable/GCC/ARM_CM4F/port.o
 .text.prvPortStartFirstTask
                0x08003a78       0x20 Middlewares/Third_Party/FreeRTOS/Source/portable/GCC/ARM_CM4F/port.o
 .text.vPortEnableVFP
                0x08003a98       0x14 Middlewares/Third_Party/FreeRTOS/Source/portable/GCC/ARM_CM4F/port.o
 .text.pxPortInitialiseStack
                0x08003aac       0x2c Middlewares/Third_Party/FreeRTOS/Source/portable/GCC/ARM_CM4F/port.o
                0x08003aac                pxPortInitialiseStack
 *fill*         0x08003ad8        0x8 
 .text.SVC_Handler
                0x08003ae0       0x24 Middlewares/Third_Party/FreeRTOS/Source/portable/GCC/ARM_CM4F/port.o
                0x08003ae0                SVC_Handler
 .text.vPortEnterCritical
                0x08003b04       0x44 Middlewares/Third_Party/FreeRTOS/Source/portable/GCC/ARM_CM4F/port.o
                0x08003b04                vPortEnterCritical
 .text.vPortExitCritical
                0x08003b48       0x2c Middlewares/Third_Party/FreeRTOS/Source/portable/GCC/ARM_CM4F/port.o
                0x08003b48                vPortExitCritical
 *fill*         0x08003b74        0xc 
 .text.PendSV_Handler
                0x08003b80       0x64 Middlewares/Third_Party/FreeRTOS/Source/portable/GCC/ARM_CM4F/port.o
                0x08003b80                PendSV_Handler
 .text.xPortSysTickHandler
                0x08003be4       0x2c Middlewares/Third_Party/FreeRTOS/Source/portable/GCC/ARM_CM4F/port.o
                0x08003be4                xPortSysTickHandler
 .text.vPortSetupTimerInterrupt
                0x08003c10       0x2c Middlewares/Third_Party/FreeRTOS/Source/portable/GCC/ARM_CM4F/port.o
                0x08003c10                vPortSetupTimerInterrupt
 .text.xPortStartScheduler
                0x08003c3c       0xe8 Middlewares/Third_Party/FreeRTOS/Source/portable/GCC/ARM_CM4F/port.o
                0x08003c3c                xPortStartScheduler
 .text.vPortValidateInterruptPriority
                0x08003d24       0x58 Middlewares/Third_Party/FreeRTOS/Source/portable/GCC/ARM_CM4F/port.o
                0x08003d24                vPortValidateInterruptPriority
 .text.prvHeapInit
                0x08003d7c       0x58 Middlewares/Third_Party/FreeRTOS/Source/portable/MemMang/heap_4.o
 .text.prvInsertBlockIntoFreeList
                0x08003dd4       0x58 Middlewares/Third_Party/FreeRTOS/Source/portable/MemMang/heap_4.o
 .text.pvPortMalloc
                0x08003e2c      0x10c Middlewares/Third_Party/FreeRTOS/Source/portable/MemMang/heap_4.o
                0x08003e2c                pvPortMalloc
 .text.vPortFree
                0x08003f38       0x70 Middlewares/Third_Party/FreeRTOS/Source/portable/MemMang/heap_4.o
                0x08003f38                vPortFree
 .text.MX_DMA_Init
                0x08003fa8       0x44 Src/dma.o
                0x08003fa8                MX_DMA_Init
 .text.StartDefaultTask
                0x08003fec        0xa Src/freertos.o
                0x08003fec                StartDefaultTask
 .text.StartRX  0x08003ff6       0x10 Src/freertos.o
                0x08003ff6                StartRX
 *fill*         0x08004006        0x2 
 .text.StartTX  0x08004008       0x28 Src/freertos.o
                0x08004008                StartTX
 .text.vApplicationGetIdleTaskMemory
                0x08004030       0x14 Src/freertos.o
                0x08004030                vApplicationGetIdleTaskMemory
 .text.MX_FREERTOS_Init
                0x08004044       0x90 Src/freertos.o
                0x08004044                MX_FREERTOS_Init
 .text.MX_GPIO_Init
                0x080040d4       0x6c Src/gpio.o
                0x080040d4                MX_GPIO_Init
 .text.waitUntilNotifiedOrTimeout
                0x08004140       0x3c Src/helpers.o
                0x08004140                waitUntilNotifiedOrTimeout
 .text.HAL_TIM_PeriodElapsedCallback
                0x0800417c       0x18 Src/main.o
                0x0800417c                HAL_TIM_PeriodElapsedCallback
 .text._Error_Handler
                0x08004194        0x2 Src/main.o
                0x08004194                _Error_Handler
 *fill*         0x08004196        0x2 
 .text.SystemClock_Config
                0x08004198       0xd4 Src/main.o
                0x08004198                SystemClock_Config
 .text.main     0x0800426c       0x24 Src/main.o
                0x0800426c                main
 .text.writeToMotorDataTable
                0x08004290       0x10 Src/rx_helpers.o
 .text.processWriteDataInst
                0x080042a0       0x78 Src/rx_helpers.o
 .text.processReadDataInst
                0x08004318       0x80 Src/rx_helpers.o
 .text.receive  0x08004398       0x3c Src/rx_helpers.o
                0x08004398                receive
 .text.processData
                0x080043d4       0x24 Src/rx_helpers.o
                0x080043d4                processData
 .text.HAL_UART_RxCpltCallback
                0x080043f8       0x48 Src/rx_helpers.o
                0x080043f8                HAL_UART_RxCpltCallback
 .text.HAL_MspInit
                0x08004440       0x90 Src/stm32l4xx_hal_msp.o
                0x08004440                HAL_MspInit
 .text.HAL_InitTick
                0x080044d0       0x78 Src/stm32l4xx_hal_timebase_TIM.o
                0x080044d0                HAL_InitTick
 .text.SysTick_Handler
                0x08004548        0x8 Src/stm32l4xx_it.o
                0x08004548                SysTick_Handler
 .text.DMA1_Channel4_IRQHandler
                0x08004550       0x10 Src/stm32l4xx_it.o
                0x08004550                DMA1_Channel4_IRQHandler
 .text.DMA1_Channel5_IRQHandler
                0x08004560       0x10 Src/stm32l4xx_it.o
                0x08004560                DMA1_Channel5_IRQHandler
 .text.TIM1_UP_TIM16_IRQHandler
                0x08004570       0x10 Src/stm32l4xx_it.o
                0x08004570                TIM1_UP_TIM16_IRQHandler
 .text.USART1_IRQHandler
                0x08004580       0x10 Src/stm32l4xx_it.o
                0x08004580                USART1_IRQHandler
 .text.SystemInit
                0x08004590       0x48 Src/system_stm32l4xx.o
                0x08004590                SystemInit
 .text.update_buffer_contents
                0x080045d8       0x60 Src/tx_helpers.o
                0x080045d8                update_buffer_contents
 .text.transmit_buffer_contents
                0x08004638       0x28 Src/tx_helpers.o
                0x08004638                transmit_buffer_contents
 .text.HAL_UART_TxCpltCallback
                0x08004660       0x48 Src/tx_helpers.o
                0x08004660                HAL_UART_TxCpltCallback
 .text.MX_USART1_UART_Init
                0x080046a8       0x50 Src/usart.o
                0x080046a8                MX_USART1_UART_Init
 .text.MX_USART2_UART_Init
                0x080046f8       0x40 Src/usart.o
                0x080046f8                MX_USART2_UART_Init
 .text.HAL_UART_MspInit
                0x08004738      0x12c Src/usart.o
                0x08004738                HAL_UART_MspInit
 .text.Reset_Handler
                0x08004864       0x50 startup/startup_stm32l432xx.o
                0x08004864                Reset_Handler
 .text.Default_Handler
                0x080048b4        0x2 startup/startup_stm32l432xx.o
                0x080048b4                RTC_Alarm_IRQHandler
                0x080048b4                EXTI2_IRQHandler
                0x080048b4                DebugMon_Handler
                0x080048b4                TIM1_CC_IRQHandler
                0x080048b4                TSC_IRQHandler
                0x080048b4                HardFault_Handler
                0x080048b4                TAMP_STAMP_IRQHandler
                0x080048b4                NMI_Handler
                0x080048b4                EXTI3_IRQHandler
                0x080048b4                LPTIM2_IRQHandler
                0x080048b4                I2C3_ER_IRQHandler
                0x080048b4                EXTI0_IRQHandler
                0x080048b4                CAN1_RX0_IRQHandler
                0x080048b4                FPU_IRQHandler
                0x080048b4                UsageFault_Handler
                0x080048b4                SPI1_IRQHandler
                0x080048b4                TIM6_DAC_IRQHandler
                0x080048b4                DMA2_Channel2_IRQHandler
                0x080048b4                ADC1_IRQHandler
                0x080048b4                DMA1_Channel7_IRQHandler
                0x080048b4                CAN1_RX1_IRQHandler
                0x080048b4                DMA2_Channel1_IRQHandler
                0x080048b4                QUADSPI_IRQHandler
                0x080048b4                I2C1_EV_IRQHandler
                0x080048b4                DMA1_Channel6_IRQHandler
                0x080048b4                DMA2_Channel4_IRQHandler
                0x080048b4                RCC_IRQHandler
                0x080048b4                TIM1_TRG_COM_IRQHandler
                0x080048b4                DMA1_Channel1_IRQHandler
                0x080048b4                Default_Handler
                0x080048b4                DMA2_Channel7_IRQHandler
                0x080048b4                EXTI15_10_IRQHandler
                0x080048b4                TIM7_IRQHandler
                0x080048b4                I2C3_EV_IRQHandler
                0x080048b4                USB_IRQHandler
                0x080048b4                EXTI9_5_IRQHandler
                0x080048b4                RTC_WKUP_IRQHandler
                0x080048b4                PVD_PVM_IRQHandler
                0x080048b4                MemManage_Handler
                0x080048b4                CAN1_TX_IRQHandler
                0x080048b4                DMA2_Channel5_IRQHandler
                0x080048b4                CRS_IRQHandler
                0x080048b4                EXTI4_IRQHandler
                0x080048b4                RNG_IRQHandler
                0x080048b4                DMA1_Channel3_IRQHandler
                0x080048b4                COMP_IRQHandler
                0x080048b4                WWDG_IRQHandler
                0x080048b4                LPUART1_IRQHandler
                0x080048b4                DMA2_Channel6_IRQHandler
                0x080048b4                TIM2_IRQHandler
                0x080048b4                EXTI1_IRQHandler
                0x080048b4                USART2_IRQHandler
                0x080048b4                DMA1_Channel2_IRQHandler
                0x080048b4                CAN1_SCE_IRQHandler
                0x080048b4                FLASH_IRQHandler
                0x080048b4                BusFault_Handler
                0x080048b4                SPI3_IRQHandler
                0x080048b4                I2C1_ER_IRQHandler
                0x080048b4                SWPMI1_IRQHandler
                0x080048b4                LPTIM1_IRQHandler
                0x080048b4                SAI1_IRQHandler
                0x080048b4                DMA2_Channel3_IRQHandler
                0x080048b4                TIM1_BRK_TIM15_IRQHandler
 *fill*         0x080048b6        0x2 
 .text.__libc_init_array
                0x080048b8       0x48 d:/ac6/systemworkbench/plugins/fr.ac6.mcu.externaltools.arm-none.win32_1.15.0.201708311556/tools/compiler/bin/../lib/gcc/arm-none-eabi/6.3.1/../../../../arm-none-eabi/lib/thumb/v7e-m/fpv4-sp/hard\libc_nano.a(lib_a-init.o)
                0x080048b8                __libc_init_array
 .text.memcpy   0x08004900       0x16 d:/ac6/systemworkbench/plugins/fr.ac6.mcu.externaltools.arm-none.win32_1.15.0.201708311556/tools/compiler/bin/../lib/gcc/arm-none-eabi/6.3.1/../../../../arm-none-eabi/lib/thumb/v7e-m/fpv4-sp/hard\libc_nano.a(lib_a-memcpy-stub.o)
                0x08004900                memcpy
 *(.glue_7)
 .glue_7        0x08004916        0x0 linker stubs
 *(.glue_7t)
 .glue_7t       0x08004916        0x0 linker stubs
 *(.eh_frame)
 *fill*         0x08004916        0x2 
 .eh_frame      0x08004918        0x0 d:/ac6/systemworkbench/plugins/fr.ac6.mcu.externaltools.arm-none.win32_1.15.0.201708311556/tools/compiler/bin/../lib/gcc/arm-none-eabi/6.3.1/thumb/v7e-m/fpv4-sp/hard/crtbegin.o
 *(.init)
 .init          0x08004918        0x4 d:/ac6/systemworkbench/plugins/fr.ac6.mcu.externaltools.arm-none.win32_1.15.0.201708311556/tools/compiler/bin/../lib/gcc/arm-none-eabi/6.3.1/thumb/v7e-m/fpv4-sp/hard/crti.o
                0x08004918                _init
 .init          0x0800491c        0x8 d:/ac6/systemworkbench/plugins/fr.ac6.mcu.externaltools.arm-none.win32_1.15.0.201708311556/tools/compiler/bin/../lib/gcc/arm-none-eabi/6.3.1/thumb/v7e-m/fpv4-sp/hard/crtn.o
 *(.fini)
 .fini          0x08004924        0x4 d:/ac6/systemworkbench/plugins/fr.ac6.mcu.externaltools.arm-none.win32_1.15.0.201708311556/tools/compiler/bin/../lib/gcc/arm-none-eabi/6.3.1/thumb/v7e-m/fpv4-sp/hard/crti.o
                0x08004924                _fini
 .fini          0x08004928        0x8 d:/ac6/systemworkbench/plugins/fr.ac6.mcu.externaltools.arm-none.win32_1.15.0.201708311556/tools/compiler/bin/../lib/gcc/arm-none-eabi/6.3.1/thumb/v7e-m/fpv4-sp/hard/crtn.o
                0x08004930                . = ALIGN (0x8)
                0x08004930                _etext = .

.vfp11_veneer   0x08004930        0x0
 .vfp11_veneer  0x08004930        0x0 linker stubs

.v4_bx          0x08004930        0x0
 .v4_bx         0x08004930        0x0 linker stubs

.iplt           0x08004930        0x0
 .iplt          0x08004930        0x0 d:/ac6/systemworkbench/plugins/fr.ac6.mcu.externaltools.arm-none.win32_1.15.0.201708311556/tools/compiler/bin/../lib/gcc/arm-none-eabi/6.3.1/thumb/v7e-m/fpv4-sp/hard/crtbegin.o

.rodata         0x08004930       0xe8
                0x08004930                . = ALIGN (0x8)
 *(.rodata)
 .rodata        0x08004930       0x64 Src/freertos.o
 .rodata        0x08004994       0x48 Src/system_stm32l4xx.o
                0x08004994                MSIRangeTable
                0x080049c4                AHBPrescTable
                0x080049d4                APBPrescTable
 *(.rodata*)
 .rodata.str1.4
                0x080049dc        0x5 Middlewares/Third_Party/FreeRTOS/Source/tasks.o
 *fill*         0x080049e1        0x3 
 .rodata.str1.4
                0x080049e4       0x14 Src/freertos.o
 .rodata.str1.4
                0x080049f8        0xe Src/main.o
 *fill*         0x08004a06        0x2 
 .rodata.str1.4
                0x08004a08       0x10 Src/usart.o
                                  0xf (size before relaxing)
                0x08004a18                . = ALIGN (0x8)

.ARM.extab      0x08004a18        0x0
                0x08004a18                . = ALIGN (0x8)
 *(.ARM.extab* .gnu.linkonce.armextab.*)
                0x08004a18                . = ALIGN (0x8)

.ARM            0x08004a18        0x8
                0x08004a18                . = ALIGN (0x8)
                0x08004a18                __exidx_start = .
 *(.ARM.exidx*)
 .ARM.exidx     0x08004a18        0x8 d:/ac6/systemworkbench/plugins/fr.ac6.mcu.externaltools.arm-none.win32_1.15.0.201708311556/tools/compiler/bin/../lib/gcc/arm-none-eabi/6.3.1/thumb/v7e-m/fpv4-sp/hard\libgcc.a(_udivmoddi4.o)
                0x08004a20                __exidx_end = .
                0x08004a20                . = ALIGN (0x8)

.rel.dyn        0x08004a20        0x0
 .rel.iplt      0x08004a20        0x0 d:/ac6/systemworkbench/plugins/fr.ac6.mcu.externaltools.arm-none.win32_1.15.0.201708311556/tools/compiler/bin/../lib/gcc/arm-none-eabi/6.3.1/thumb/v7e-m/fpv4-sp/hard/crtbegin.o

.preinit_array  0x08004a20        0x0
                0x08004a20                . = ALIGN (0x8)
                0x08004a20                PROVIDE (__preinit_array_start, .)
 *(.preinit_array*)
                0x08004a20                PROVIDE (__preinit_array_end, .)
                0x08004a20                . = ALIGN (0x8)

.init_array     0x08004a20        0x8
                0x08004a20                . = ALIGN (0x8)
                0x08004a20                PROVIDE (__init_array_start, .)
 *(SORT(.init_array.*))
 *(.init_array*)
 .init_array    0x08004a20        0x4 d:/ac6/systemworkbench/plugins/fr.ac6.mcu.externaltools.arm-none.win32_1.15.0.201708311556/tools/compiler/bin/../lib/gcc/arm-none-eabi/6.3.1/thumb/v7e-m/fpv4-sp/hard/crtbegin.o
                0x08004a24                PROVIDE (__init_array_end, .)
                0x08004a28                . = ALIGN (0x8)
 *fill*         0x08004a24        0x4 

.fini_array     0x08004a28        0x8
                0x08004a28                . = ALIGN (0x8)
                [!provide]                PROVIDE (__fini_array_start, .)
 *(SORT(.fini_array.*))
 *(.fini_array*)
 .fini_array    0x08004a28        0x4 d:/ac6/systemworkbench/plugins/fr.ac6.mcu.externaltools.arm-none.win32_1.15.0.201708311556/tools/compiler/bin/../lib/gcc/arm-none-eabi/6.3.1/thumb/v7e-m/fpv4-sp/hard/crtbegin.o
                [!provide]                PROVIDE (__fini_array_end, .)
                0x08004a30                . = ALIGN (0x8)
 *fill*         0x08004a2c        0x4 
                0x08004a30                _sidata = LOADADDR (.data)

.data           0x20000000       0x18 load address 0x08004a30
                0x20000000                . = ALIGN (0x8)
                0x20000000                _sdata = .
 *(.data)
 .data          0x20000000        0x4 Middlewares/Third_Party/FreeRTOS/Source/portable/GCC/ARM_CM4F/port.o
 .data          0x20000004        0x4 Src/system_stm32l4xx.o
                0x20000004                SystemCoreClock
 .data          0x20000008        0xc Src/tx_helpers.o
 *(.data*)
                0x20000018                . = ALIGN (0x8)
 *fill*         0x20000014        0x4 
                0x20000018                _edata = .

.jcr            0x20000018        0x0 load address 0x08004a48
 .jcr           0x20000018        0x0 d:/ac6/systemworkbench/plugins/fr.ac6.mcu.externaltools.arm-none.win32_1.15.0.201708311556/tools/compiler/bin/../lib/gcc/arm-none-eabi/6.3.1/thumb/v7e-m/fpv4-sp/hard/crtbegin.o

.igot.plt       0x20000018        0x0 load address 0x08004a48
 .igot.plt      0x20000018        0x0 d:/ac6/systemworkbench/plugins/fr.ac6.mcu.externaltools.arm-none.win32_1.15.0.201708311556/tools/compiler/bin/../lib/gcc/arm-none-eabi/6.3.1/thumb/v7e-m/fpv4-sp/hard/crtbegin.o
                0x20000018                . = ALIGN (0x4)

.bss            0x20000018     0x2268 load address 0x08004a48
                0x20000018                _sbss = .
                0x20000018                __bss_start__ = _sbss
 *(.bss)
 .bss           0x20000018       0x1c d:/ac6/systemworkbench/plugins/fr.ac6.mcu.externaltools.arm-none.win32_1.15.0.201708311556/tools/compiler/bin/../lib/gcc/arm-none-eabi/6.3.1/thumb/v7e-m/fpv4-sp/hard/crtbegin.o
 .bss           0x20000034      0x128 Middlewares/Third_Party/FreeRTOS/Source/tasks.o
                0x20000134                pxCurrentTCB
 .bss           0x2000015c        0x8 Middlewares/Third_Party/FreeRTOS/Source/portable/GCC/ARM_CM4F/port.o
 .bss           0x20000164      0xbd0 Middlewares/Third_Party/FreeRTOS/Source/portable/MemMang/heap_4.o
 .bss           0x20000d34      0x254 Src/freertos.o
 .bss           0x20000f88       0x2d Src/rx_helpers.o
 *(.bss*)
 *(COMMON)
 *fill*         0x20000fb5        0x3 
 COMMON         0x20000fb8        0x4 Drivers/STM32L4xx_HAL_Driver/Src/stm32l4xx_hal.o
                0x20000fb8                uwTick
 COMMON         0x20000fbc     0x1104 Src/freertos.o
                0x20000fbc                defaultTaskHandle
                0x20000fc0                RXControlBlock
                0x20001014                RXHandle
                0x20001018                TXHandle
                0x2000101c                TXBuffer
                0x2000181c                toBeSentQControlBlock
                0x20001864                toBeSentQBuffer
                0x20001868                TXControlBlock
                0x200018bc                RXBuffer
                0x200020bc                toBeSentQHandle
 COMMON         0x200020c0       0x40 Src/stm32l4xx_hal_timebase_TIM.o
                0x200020c0                htim1
 COMMON         0x20002100      0x180 Src/usart.o
                0x20002100                hdma_usart1_tx
                0x20002148                hdma_usart1_rx
                0x20002190                huart1
                0x20002208                huart2
                0x20002280                . = ALIGN (0x4)
                0x20002280                _ebss = .
                0x20002280                __bss_end__ = _ebss

._user_heap_stack
                0x20002280      0x600 load address 0x08004a48
                0x20002280                . = ALIGN (0x8)
                [!provide]                PROVIDE (end, .)
                [!provide]                PROVIDE (_end, .)
                0x20002480                . = (. + _Min_Heap_Size)
 *fill*         0x20002280      0x200 
                0x20002880                . = (. + _Min_Stack_Size)
 *fill*         0x20002480      0x400 
                0x20002880                . = ALIGN (0x8)

/DISCARD/
 libc.a(*)
 libm.a(*)
 libgcc.a(*)

.ARM.attributes
                0x00000000       0x30
 *(.ARM.attributes)
 .ARM.attributes
                0x00000000       0x22 d:/ac6/systemworkbench/plugins/fr.ac6.mcu.externaltools.arm-none.win32_1.15.0.201708311556/tools/compiler/bin/../lib/gcc/arm-none-eabi/6.3.1/thumb/v7e-m/fpv4-sp/hard/crti.o
 .ARM.attributes
                0x00000022       0x34 d:/ac6/systemworkbench/plugins/fr.ac6.mcu.externaltools.arm-none.win32_1.15.0.201708311556/tools/compiler/bin/../lib/gcc/arm-none-eabi/6.3.1/thumb/v7e-m/fpv4-sp/hard/crtbegin.o
 .ARM.attributes
                0x00000056       0x39 Drivers/STM32L4xx_HAL_Driver/Src/stm32l4xx_hal.o
 .ARM.attributes
                0x0000008f       0x39 Drivers/STM32L4xx_HAL_Driver/Src/stm32l4xx_hal_cortex.o
 .ARM.attributes
                0x000000c8       0x39 Drivers/STM32L4xx_HAL_Driver/Src/stm32l4xx_hal_dma.o
 .ARM.attributes
                0x00000101       0x39 Drivers/STM32L4xx_HAL_Driver/Src/stm32l4xx_hal_gpio.o
 .ARM.attributes
                0x0000013a       0x39 Drivers/STM32L4xx_HAL_Driver/Src/stm32l4xx_hal_pwr.o
 .ARM.attributes
                0x00000173       0x39 Drivers/STM32L4xx_HAL_Driver/Src/stm32l4xx_hal_pwr_ex.o
 .ARM.attributes
                0x000001ac       0x39 Drivers/STM32L4xx_HAL_Driver/Src/stm32l4xx_hal_rcc.o
 .ARM.attributes
                0x000001e5       0x39 Drivers/STM32L4xx_HAL_Driver/Src/stm32l4xx_hal_rcc_ex.o
 .ARM.attributes
                0x0000021e       0x39 Drivers/STM32L4xx_HAL_Driver/Src/stm32l4xx_hal_tim.o
 .ARM.attributes
                0x00000257       0x39 Drivers/STM32L4xx_HAL_Driver/Src/stm32l4xx_hal_tim_ex.o
 .ARM.attributes
                0x00000290       0x39 Drivers/STM32L4xx_HAL_Driver/Src/stm32l4xx_hal_uart.o
 .ARM.attributes
                0x000002c9       0x39 Drivers/STM32L4xx_HAL_Driver/Src/stm32l4xx_hal_uart_ex.o
 .ARM.attributes
                0x00000302       0x39 Middlewares/Third_Party/FreeRTOS/Source/CMSIS_RTOS/cmsis_os.o
 .ARM.attributes
                0x0000033b       0x39 Middlewares/Third_Party/FreeRTOS/Source/list.o
 .ARM.attributes
                0x00000374       0x39 Middlewares/Third_Party/FreeRTOS/Source/queue.o
 .ARM.attributes
                0x000003ad       0x39 Middlewares/Third_Party/FreeRTOS/Source/tasks.o
 .ARM.attributes
                0x000003e6       0x39 Middlewares/Third_Party/FreeRTOS/Source/portable/GCC/ARM_CM4F/port.o
 .ARM.attributes
                0x0000041f       0x39 Middlewares/Third_Party/FreeRTOS/Source/portable/MemMang/heap_4.o
 .ARM.attributes
                0x00000458       0x39 Src/dma.o
 .ARM.attributes
                0x00000491       0x39 Src/freertos.o
 .ARM.attributes
                0x000004ca       0x39 Src/gpio.o
 .ARM.attributes
                0x00000503       0x39 Src/helpers.o
 .ARM.attributes
                0x0000053c       0x39 Src/main.o
 .ARM.attributes
                0x00000575       0x39 Src/rx_helpers.o
 .ARM.attributes
                0x000005ae       0x39 Src/stm32l4xx_hal_msp.o
 .ARM.attributes
                0x000005e7       0x39 Src/stm32l4xx_hal_timebase_TIM.o
 .ARM.attributes
                0x00000620       0x39 Src/stm32l4xx_it.o
 .ARM.attributes
                0x00000659       0x39 Src/system_stm32l4xx.o
 .ARM.attributes
                0x00000692       0x39 Src/tx_helpers.o
 .ARM.attributes
                0x000006cb       0x39 Src/usart.o
 .ARM.attributes
                0x00000704       0x21 startup/startup_stm32l432xx.o
 .ARM.attributes
                0x00000725       0x22 d:/ac6/systemworkbench/plugins/fr.ac6.mcu.externaltools.arm-none.win32_1.15.0.201708311556/tools/compiler/bin/../lib/gcc/arm-none-eabi/6.3.1/thumb/v7e-m/fpv4-sp/hard\libgcc.a(_aeabi_uldivmod.o)
 .ARM.attributes
                0x00000747       0x34 d:/ac6/systemworkbench/plugins/fr.ac6.mcu.externaltools.arm-none.win32_1.15.0.201708311556/tools/compiler/bin/../lib/gcc/arm-none-eabi/6.3.1/thumb/v7e-m/fpv4-sp/hard\libgcc.a(_udivmoddi4.o)
 .ARM.attributes
                0x0000077b       0x22 d:/ac6/systemworkbench/plugins/fr.ac6.mcu.externaltools.arm-none.win32_1.15.0.201708311556/tools/compiler/bin/../lib/gcc/arm-none-eabi/6.3.1/thumb/v7e-m/fpv4-sp/hard\libgcc.a(_dvmd_tls.o)
 .ARM.attributes
                0x0000079d       0x34 d:/ac6/systemworkbench/plugins/fr.ac6.mcu.externaltools.arm-none.win32_1.15.0.201708311556/tools/compiler/bin/../lib/gcc/arm-none-eabi/6.3.1/../../../../arm-none-eabi/lib/thumb/v7e-m/fpv4-sp/hard\libc_nano.a(lib_a-init.o)
 .ARM.attributes
                0x000007d1       0x34 d:/ac6/systemworkbench/plugins/fr.ac6.mcu.externaltools.arm-none.win32_1.15.0.201708311556/tools/compiler/bin/../lib/gcc/arm-none-eabi/6.3.1/../../../../arm-none-eabi/lib/thumb/v7e-m/fpv4-sp/hard\libc_nano.a(lib_a-memcpy-stub.o)
 .ARM.attributes
                0x00000805       0x22 d:/ac6/systemworkbench/plugins/fr.ac6.mcu.externaltools.arm-none.win32_1.15.0.201708311556/tools/compiler/bin/../lib/gcc/arm-none-eabi/6.3.1/thumb/v7e-m/fpv4-sp/hard/crtn.o
OUTPUT(L432_Helper.elf elf32-littlearm)

.debug_info     0x00000000    0x289a8
 .debug_info    0x00000000     0x119b Drivers/STM32L4xx_HAL_Driver/Src/stm32l4xx_hal.o
 .debug_info    0x0000119b     0x170b Drivers/STM32L4xx_HAL_Driver/Src/stm32l4xx_hal_cortex.o
 .debug_info    0x000028a6     0x1062 Drivers/STM32L4xx_HAL_Driver/Src/stm32l4xx_hal_dma.o
 .debug_info    0x00003908     0x1090 Drivers/STM32L4xx_HAL_Driver/Src/stm32l4xx_hal_gpio.o
 .debug_info    0x00004998     0x1224 Drivers/STM32L4xx_HAL_Driver/Src/stm32l4xx_hal_pwr.o
 .debug_info    0x00005bbc     0x122b Drivers/STM32L4xx_HAL_Driver/Src/stm32l4xx_hal_pwr_ex.o
 .debug_info    0x00006de7     0x15a3 Drivers/STM32L4xx_HAL_Driver/Src/stm32l4xx_hal_rcc.o
 .debug_info    0x0000838a     0x1898 Drivers/STM32L4xx_HAL_Driver/Src/stm32l4xx_hal_rcc_ex.o
 .debug_info    0x00009c22     0x37d8 Drivers/STM32L4xx_HAL_Driver/Src/stm32l4xx_hal_tim.o
 .debug_info    0x0000d3fa     0x1d32 Drivers/STM32L4xx_HAL_Driver/Src/stm32l4xx_hal_tim_ex.o
 .debug_info    0x0000f12c     0x2406 Drivers/STM32L4xx_HAL_Driver/Src/stm32l4xx_hal_uart.o
 .debug_info    0x00011532     0x1249 Drivers/STM32L4xx_HAL_Driver/Src/stm32l4xx_hal_uart_ex.o
 .debug_info    0x0001277b     0x2767 Middlewares/Third_Party/FreeRTOS/Source/CMSIS_RTOS/cmsis_os.o
 .debug_info    0x00014ee2      0xad4 Middlewares/Third_Party/FreeRTOS/Source/list.o
 .debug_info    0x000159b6     0x22f8 Middlewares/Third_Party/FreeRTOS/Source/queue.o
 .debug_info    0x00017cae     0x2ccc Middlewares/Third_Party/FreeRTOS/Source/tasks.o
 .debug_info    0x0001a97a      0x534 Middlewares/Third_Party/FreeRTOS/Source/portable/GCC/ARM_CM4F/port.o
 .debug_info    0x0001aeae      0xc78 Middlewares/Third_Party/FreeRTOS/Source/portable/MemMang/heap_4.o
 .debug_info    0x0001bb26      0xdce Src/dma.o
 .debug_info    0x0001c8f4     0x167f Src/freertos.o
 .debug_info    0x0001df73      0xd6d Src/gpio.o
 .debug_info    0x0001ece0      0x197 Src/helpers.o
 .debug_info    0x0001ee77     0x1b16 Src/main.o
 .debug_info    0x0002098d     0x137f Src/rx_helpers.o
 .debug_info    0x00021d0c      0xe6f Src/stm32l4xx_hal_msp.o
 .debug_info    0x00022b7b     0x140c Src/stm32l4xx_hal_timebase_TIM.o
 .debug_info    0x00023f87     0x129b Src/stm32l4xx_it.o
 .debug_info    0x00025222      0xdf6 Src/system_stm32l4xx.o
 .debug_info    0x00026018     0x1209 Src/tx_helpers.o
 .debug_info    0x00027221     0x16e0 Src/usart.o
 .debug_info    0x00028901       0xa7 startup/startup_stm32l432xx.o

.debug_abbrev   0x00000000     0x519c
 .debug_abbrev  0x00000000      0x2e3 Drivers/STM32L4xx_HAL_Driver/Src/stm32l4xx_hal.o
 .debug_abbrev  0x000002e3      0x3b8 Drivers/STM32L4xx_HAL_Driver/Src/stm32l4xx_hal_cortex.o
 .debug_abbrev  0x0000069b      0x2da Drivers/STM32L4xx_HAL_Driver/Src/stm32l4xx_hal_dma.o
 .debug_abbrev  0x00000975      0x2a5 Drivers/STM32L4xx_HAL_Driver/Src/stm32l4xx_hal_gpio.o
 .debug_abbrev  0x00000c1a      0x278 Drivers/STM32L4xx_HAL_Driver/Src/stm32l4xx_hal_pwr.o
 .debug_abbrev  0x00000e92      0x2d2 Drivers/STM32L4xx_HAL_Driver/Src/stm32l4xx_hal_pwr_ex.o
 .debug_abbrev  0x00001164      0x2ea Drivers/STM32L4xx_HAL_Driver/Src/stm32l4xx_hal_rcc.o
 .debug_abbrev  0x0000144e      0x30a Drivers/STM32L4xx_HAL_Driver/Src/stm32l4xx_hal_rcc_ex.o
 .debug_abbrev  0x00001758      0x2b1 Drivers/STM32L4xx_HAL_Driver/Src/stm32l4xx_hal_tim.o
 .debug_abbrev  0x00001a09      0x2dc Drivers/STM32L4xx_HAL_Driver/Src/stm32l4xx_hal_tim_ex.o
 .debug_abbrev  0x00001ce5      0x2f4 Drivers/STM32L4xx_HAL_Driver/Src/stm32l4xx_hal_uart.o
 .debug_abbrev  0x00001fd9      0x2be Drivers/STM32L4xx_HAL_Driver/Src/stm32l4xx_hal_uart_ex.o
 .debug_abbrev  0x00002297      0x3d0 Middlewares/Third_Party/FreeRTOS/Source/CMSIS_RTOS/cmsis_os.o
 .debug_abbrev  0x00002667      0x21c Middlewares/Third_Party/FreeRTOS/Source/list.o
 .debug_abbrev  0x00002883      0x38e Middlewares/Third_Party/FreeRTOS/Source/queue.o
 .debug_abbrev  0x00002c11      0x3cd Middlewares/Third_Party/FreeRTOS/Source/tasks.o
 .debug_abbrev  0x00002fde      0x205 Middlewares/Third_Party/FreeRTOS/Source/portable/GCC/ARM_CM4F/port.o
 .debug_abbrev  0x000031e3      0x318 Middlewares/Third_Party/FreeRTOS/Source/portable/MemMang/heap_4.o
 .debug_abbrev  0x000034fb      0x232 Src/dma.o
 .debug_abbrev  0x0000372d      0x28f Src/freertos.o
 .debug_abbrev  0x000039bc      0x229 Src/gpio.o
 .debug_abbrev  0x00003be5       0xeb Src/helpers.o
 .debug_abbrev  0x00003cd0      0x28c Src/main.o
 .debug_abbrev  0x00003f5c      0x390 Src/rx_helpers.o
 .debug_abbrev  0x000042ec      0x232 Src/stm32l4xx_hal_msp.o
 .debug_abbrev  0x0000451e      0x295 Src/stm32l4xx_hal_timebase_TIM.o
 .debug_abbrev  0x000047b3      0x205 Src/stm32l4xx_it.o
 .debug_abbrev  0x000049b8      0x226 Src/system_stm32l4xx.o
 .debug_abbrev  0x00004bde      0x331 Src/tx_helpers.o
 .debug_abbrev  0x00004f0f      0x27b Src/usart.o
 .debug_abbrev  0x0000518a       0x12 startup/startup_stm32l432xx.o

.debug_loc      0x00000000     0xdf53
 .debug_loc     0x00000000       0x76 Drivers/STM32L4xx_HAL_Driver/Src/stm32l4xx_hal.o
 .debug_loc     0x00000076      0x5ce Drivers/STM32L4xx_HAL_Driver/Src/stm32l4xx_hal_cortex.o
 .debug_loc     0x00000644      0x738 Drivers/STM32L4xx_HAL_Driver/Src/stm32l4xx_hal_dma.o
 .debug_loc     0x00000d7c      0x343 Drivers/STM32L4xx_HAL_Driver/Src/stm32l4xx_hal_gpio.o
 .debug_loc     0x000010bf      0x17d Drivers/STM32L4xx_HAL_Driver/Src/stm32l4xx_hal_pwr.o
 .debug_loc     0x0000123c      0x571 Drivers/STM32L4xx_HAL_Driver/Src/stm32l4xx_hal_pwr_ex.o
 .debug_loc     0x000017ad      0x5e8 Drivers/STM32L4xx_HAL_Driver/Src/stm32l4xx_hal_rcc.o
 .debug_loc     0x00001d95     0x156b Drivers/STM32L4xx_HAL_Driver/Src/stm32l4xx_hal_rcc_ex.o
 .debug_loc     0x00003300     0x3721 Drivers/STM32L4xx_HAL_Driver/Src/stm32l4xx_hal_tim.o
 .debug_loc     0x00006a21     0x170b Drivers/STM32L4xx_HAL_Driver/Src/stm32l4xx_hal_tim_ex.o
 .debug_loc     0x0000812c     0x17a8 Drivers/STM32L4xx_HAL_Driver/Src/stm32l4xx_hal_uart.o
 .debug_loc     0x000098d4      0x390 Drivers/STM32L4xx_HAL_Driver/Src/stm32l4xx_hal_uart_ex.o
 .debug_loc     0x00009c64     0x10ca Middlewares/Third_Party/FreeRTOS/Source/CMSIS_RTOS/cmsis_os.o
 .debug_loc     0x0000ad2e       0x70 Middlewares/Third_Party/FreeRTOS/Source/list.o
 .debug_loc     0x0000ad9e     0x1004 Middlewares/Third_Party/FreeRTOS/Source/queue.o
 .debug_loc     0x0000bda2     0x1658 Middlewares/Third_Party/FreeRTOS/Source/tasks.o
 .debug_loc     0x0000d3fa      0x104 Middlewares/Third_Party/FreeRTOS/Source/portable/GCC/ARM_CM4F/port.o
 .debug_loc     0x0000d4fe      0x291 Middlewares/Third_Party/FreeRTOS/Source/portable/MemMang/heap_4.o
 .debug_loc     0x0000d78f       0x76 Src/freertos.o
 .debug_loc     0x0000d805       0x93 Src/helpers.o
 .debug_loc     0x0000d898       0x3a Src/main.o
 .debug_loc     0x0000d8d2      0x240 Src/rx_helpers.o
 .debug_loc     0x0000db12       0x79 Src/stm32l4xx_hal_timebase_TIM.o
 .debug_loc     0x0000db8b      0x1e4 Src/system_stm32l4xx.o
 .debug_loc     0x0000dd6f      0x144 Src/tx_helpers.o
 .debug_loc     0x0000deb3       0xa0 Src/usart.o

.debug_aranges  0x00000000     0x1488
 .debug_aranges
                0x00000000       0xf0 Drivers/STM32L4xx_HAL_Driver/Src/stm32l4xx_hal.o
 .debug_aranges
                0x000000f0       0xa8 Drivers/STM32L4xx_HAL_Driver/Src/stm32l4xx_hal_cortex.o
 .debug_aranges
                0x00000198       0x80 Drivers/STM32L4xx_HAL_Driver/Src/stm32l4xx_hal_dma.o
 .debug_aranges
                0x00000218       0x58 Drivers/STM32L4xx_HAL_Driver/Src/stm32l4xx_hal_gpio.o
 .debug_aranges
                0x00000270       0x98 Drivers/STM32L4xx_HAL_Driver/Src/stm32l4xx_hal_pwr.o
 .debug_aranges
                0x00000308      0x108 Drivers/STM32L4xx_HAL_Driver/Src/stm32l4xx_hal_pwr_ex.o
 .debug_aranges
                0x00000410       0x88 Drivers/STM32L4xx_HAL_Driver/Src/stm32l4xx_hal_rcc.o
 .debug_aranges
                0x00000498       0xe8 Drivers/STM32L4xx_HAL_Driver/Src/stm32l4xx_hal_rcc_ex.o
 .debug_aranges
                0x00000580      0x378 Drivers/STM32L4xx_HAL_Driver/Src/stm32l4xx_hal_tim.o
 .debug_aranges
                0x000008f8      0x158 Drivers/STM32L4xx_HAL_Driver/Src/stm32l4xx_hal_tim_ex.o
 .debug_aranges
                0x00000a50      0x1f8 Drivers/STM32L4xx_HAL_Driver/Src/stm32l4xx_hal_uart.o
 .debug_aranges
                0x00000c48       0x60 Drivers/STM32L4xx_HAL_Driver/Src/stm32l4xx_hal_uart_ex.o
 .debug_aranges
                0x00000ca8      0x1d8 Middlewares/Third_Party/FreeRTOS/Source/CMSIS_RTOS/cmsis_os.o
 .debug_aranges
                0x00000e80       0x40 Middlewares/Third_Party/FreeRTOS/Source/list.o
 .debug_aranges
                0x00000ec0       0xf0 Middlewares/Third_Party/FreeRTOS/Source/queue.o
 .debug_aranges
                0x00000fb0      0x1a0 Middlewares/Third_Party/FreeRTOS/Source/tasks.o
 .debug_aranges
                0x00001150       0x80 Middlewares/Third_Party/FreeRTOS/Source/portable/GCC/ARM_CM4F/port.o
 .debug_aranges
                0x000011d0       0x50 Middlewares/Third_Party/FreeRTOS/Source/portable/MemMang/heap_4.o
 .debug_aranges
                0x00001220       0x20 Src/dma.o
 .debug_aranges
                0x00001240       0x40 Src/freertos.o
 .debug_aranges
                0x00001280       0x20 Src/gpio.o
 .debug_aranges
                0x000012a0       0x20 Src/helpers.o
 .debug_aranges
                0x000012c0       0x38 Src/main.o
 .debug_aranges
                0x000012f8       0x48 Src/rx_helpers.o
 .debug_aranges
                0x00001340       0x20 Src/stm32l4xx_hal_msp.o
 .debug_aranges
                0x00001360       0x30 Src/stm32l4xx_hal_timebase_TIM.o
 .debug_aranges
                0x00001390       0x40 Src/stm32l4xx_it.o
 .debug_aranges
                0x000013d0       0x28 Src/system_stm32l4xx.o
 .debug_aranges
                0x000013f8       0x30 Src/tx_helpers.o
 .debug_aranges
                0x00001428       0x38 Src/usart.o
 .debug_aranges
                0x00001460       0x28 startup/startup_stm32l432xx.o

.debug_ranges   0x00000000     0x1510
 .debug_ranges  0x00000000       0xe0 Drivers/STM32L4xx_HAL_Driver/Src/stm32l4xx_hal.o
 .debug_ranges  0x000000e0       0xf8 Drivers/STM32L4xx_HAL_Driver/Src/stm32l4xx_hal_cortex.o
 .debug_ranges  0x000001d8       0x70 Drivers/STM32L4xx_HAL_Driver/Src/stm32l4xx_hal_dma.o
 .debug_ranges  0x00000248       0x48 Drivers/STM32L4xx_HAL_Driver/Src/stm32l4xx_hal_gpio.o
 .debug_ranges  0x00000290       0x88 Drivers/STM32L4xx_HAL_Driver/Src/stm32l4xx_hal_pwr.o
 .debug_ranges  0x00000318       0xf8 Drivers/STM32L4xx_HAL_Driver/Src/stm32l4xx_hal_pwr_ex.o
 .debug_ranges  0x00000410       0x90 Drivers/STM32L4xx_HAL_Driver/Src/stm32l4xx_hal_rcc.o
 .debug_ranges  0x000004a0       0xf8 Drivers/STM32L4xx_HAL_Driver/Src/stm32l4xx_hal_rcc_ex.o
 .debug_ranges  0x00000598      0x368 Drivers/STM32L4xx_HAL_Driver/Src/stm32l4xx_hal_tim.o
 .debug_ranges  0x00000900      0x148 Drivers/STM32L4xx_HAL_Driver/Src/stm32l4xx_hal_tim_ex.o
 .debug_ranges  0x00000a48      0x1e8 Drivers/STM32L4xx_HAL_Driver/Src/stm32l4xx_hal_uart.o
 .debug_ranges  0x00000c30       0x50 Drivers/STM32L4xx_HAL_Driver/Src/stm32l4xx_hal_uart_ex.o
 .debug_ranges  0x00000c80      0x1c8 Middlewares/Third_Party/FreeRTOS/Source/CMSIS_RTOS/cmsis_os.o
 .debug_ranges  0x00000e48       0x30 Middlewares/Third_Party/FreeRTOS/Source/list.o
 .debug_ranges  0x00000e78      0x190 Middlewares/Third_Party/FreeRTOS/Source/queue.o
 .debug_ranges  0x00001008      0x258 Middlewares/Third_Party/FreeRTOS/Source/tasks.o
 .debug_ranges  0x00001260       0x88 Middlewares/Third_Party/FreeRTOS/Source/portable/GCC/ARM_CM4F/port.o
 .debug_ranges  0x000012e8       0x40 Middlewares/Third_Party/FreeRTOS/Source/portable/MemMang/heap_4.o
 .debug_ranges  0x00001328       0x10 Src/dma.o
 .debug_ranges  0x00001338       0x30 Src/freertos.o
 .debug_ranges  0x00001368       0x10 Src/gpio.o
 .debug_ranges  0x00001378       0x10 Src/helpers.o
 .debug_ranges  0x00001388       0x28 Src/main.o
 .debug_ranges  0x000013b0       0x68 Src/rx_helpers.o
 .debug_ranges  0x00001418       0x10 Src/stm32l4xx_hal_msp.o
 .debug_ranges  0x00001428       0x20 Src/stm32l4xx_hal_timebase_TIM.o
 .debug_ranges  0x00001448       0x30 Src/stm32l4xx_it.o
 .debug_ranges  0x00001478       0x18 Src/system_stm32l4xx.o
 .debug_ranges  0x00001490       0x38 Src/tx_helpers.o
 .debug_ranges  0x000014c8       0x28 Src/usart.o
 .debug_ranges  0x000014f0       0x20 startup/startup_stm32l432xx.o

.debug_macro    0x00000000    0x25131
 .debug_macro   0x00000000      0x377 Drivers/STM32L4xx_HAL_Driver/Src/stm32l4xx_hal.o
 .debug_macro   0x00000377      0x8bc Drivers/STM32L4xx_HAL_Driver/Src/stm32l4xx_hal.o
 .debug_macro   0x00000c33       0x58 Drivers/STM32L4xx_HAL_Driver/Src/stm32l4xx_hal.o
 .debug_macro   0x00000c8b       0xb4 Drivers/STM32L4xx_HAL_Driver/Src/stm32l4xx_hal.o
 .debug_macro   0x00000d3f       0x2e Drivers/STM32L4xx_HAL_Driver/Src/stm32l4xx_hal.o
 .debug_macro   0x00000d6d       0x28 Drivers/STM32L4xx_HAL_Driver/Src/stm32l4xx_hal.o
 .debug_macro   0x00000d95       0x22 Drivers/STM32L4xx_HAL_Driver/Src/stm32l4xx_hal.o
 .debug_macro   0x00000db7       0x87 Drivers/STM32L4xx_HAL_Driver/Src/stm32l4xx_hal.o
 .debug_macro   0x00000e3e       0x51 Drivers/STM32L4xx_HAL_Driver/Src/stm32l4xx_hal.o
 .debug_macro   0x00000e8f       0xef Drivers/STM32L4xx_HAL_Driver/Src/stm32l4xx_hal.o
 .debug_macro   0x00000f7e       0x6a Drivers/STM32L4xx_HAL_Driver/Src/stm32l4xx_hal.o
 .debug_macro   0x00000fe8      0x1df Drivers/STM32L4xx_HAL_Driver/Src/stm32l4xx_hal.o
 .debug_macro   0x000011c7       0x35 Drivers/STM32L4xx_HAL_Driver/Src/stm32l4xx_hal.o
 .debug_macro   0x000011fc       0x50 Drivers/STM32L4xx_HAL_Driver/Src/stm32l4xx_hal.o
 .debug_macro   0x0000124c      0xe66 Drivers/STM32L4xx_HAL_Driver/Src/stm32l4xx_hal.o
 .debug_macro   0x000020b2    0x14728 Drivers/STM32L4xx_HAL_Driver/Src/stm32l4xx_hal.o
 .debug_macro   0x000167da       0x43 Drivers/STM32L4xx_HAL_Driver/Src/stm32l4xx_hal.o
 .debug_macro   0x0001681d     0x3788 Drivers/STM32L4xx_HAL_Driver/Src/stm32l4xx_hal.o
 .debug_macro   0x00019fa5       0x58 Drivers/STM32L4xx_HAL_Driver/Src/stm32l4xx_hal.o
 .debug_macro   0x00019ffd       0x35 Drivers/STM32L4xx_HAL_Driver/Src/stm32l4xx_hal.o
 .debug_macro   0x0001a032       0x9c Drivers/STM32L4xx_HAL_Driver/Src/stm32l4xx_hal.o
 .debug_macro   0x0001a0ce       0x16 Drivers/STM32L4xx_HAL_Driver/Src/stm32l4xx_hal.o
 .debug_macro   0x0001a0e4       0x97 Drivers/STM32L4xx_HAL_Driver/Src/stm32l4xx_hal.o
 .debug_macro   0x0001a17b      0x330 Drivers/STM32L4xx_HAL_Driver/Src/stm32l4xx_hal.o
 .debug_macro   0x0001a4ab       0xfd Drivers/STM32L4xx_HAL_Driver/Src/stm32l4xx_hal.o
 .debug_macro   0x0001a5a8       0x10 Drivers/STM32L4xx_HAL_Driver/Src/stm32l4xx_hal.o
 .debug_macro   0x0001a5b8       0x58 Drivers/STM32L4xx_HAL_Driver/Src/stm32l4xx_hal.o
 .debug_macro   0x0001a610       0x1f Drivers/STM32L4xx_HAL_Driver/Src/stm32l4xx_hal.o
 .debug_macro   0x0001a62f       0x43 Drivers/STM32L4xx_HAL_Driver/Src/stm32l4xx_hal.o
 .debug_macro   0x0001a672       0x20 Drivers/STM32L4xx_HAL_Driver/Src/stm32l4xx_hal.o
 .debug_macro   0x0001a692      0x187 Drivers/STM32L4xx_HAL_Driver/Src/stm32l4xx_hal.o
 .debug_macro   0x0001a819       0x10 Drivers/STM32L4xx_HAL_Driver/Src/stm32l4xx_hal.o
 .debug_macro   0x0001a829       0x1c Drivers/STM32L4xx_HAL_Driver/Src/stm32l4xx_hal.o
 .debug_macro   0x0001a845       0x52 Drivers/STM32L4xx_HAL_Driver/Src/stm32l4xx_hal.o
 .debug_macro   0x0001a897       0x40 Drivers/STM32L4xx_HAL_Driver/Src/stm32l4xx_hal.o
 .debug_macro   0x0001a8d7       0x10 Drivers/STM32L4xx_HAL_Driver/Src/stm32l4xx_hal.o
 .debug_macro   0x0001a8e7       0x40 Drivers/STM32L4xx_HAL_Driver/Src/stm32l4xx_hal.o
 .debug_macro   0x0001a927       0xd7 Drivers/STM32L4xx_HAL_Driver/Src/stm32l4xx_hal.o
 .debug_macro   0x0001a9fe       0x16 Drivers/STM32L4xx_HAL_Driver/Src/stm32l4xx_hal.o
 .debug_macro   0x0001aa14      0x18b Drivers/STM32L4xx_HAL_Driver/Src/stm32l4xx_hal.o
 .debug_macro   0x0001ab9f       0x50 Drivers/STM32L4xx_HAL_Driver/Src/stm32l4xx_hal.o
 .debug_macro   0x0001abef     0x118b Drivers/STM32L4xx_HAL_Driver/Src/stm32l4xx_hal.o
 .debug_macro   0x0001bd7a      0x535 Drivers/STM32L4xx_HAL_Driver/Src/stm32l4xx_hal.o
 .debug_macro   0x0001c2af      0x148 Drivers/STM32L4xx_HAL_Driver/Src/stm32l4xx_hal.o
 .debug_macro   0x0001c3f7      0x10b Drivers/STM32L4xx_HAL_Driver/Src/stm32l4xx_hal.o
 .debug_macro   0x0001c502      0x26b Drivers/STM32L4xx_HAL_Driver/Src/stm32l4xx_hal.o
 .debug_macro   0x0001c76d      0x23a Drivers/STM32L4xx_HAL_Driver/Src/stm32l4xx_hal.o
 .debug_macro   0x0001c9a7      0x367 Drivers/STM32L4xx_HAL_Driver/Src/stm32l4xx_hal.o
 .debug_macro   0x0001cd0e       0xe4 Drivers/STM32L4xx_HAL_Driver/Src/stm32l4xx_hal.o
 .debug_macro   0x0001cdf2      0x225 Drivers/STM32L4xx_HAL_Driver/Src/stm32l4xx_hal.o
 .debug_macro   0x0001d017       0x61 Drivers/STM32L4xx_HAL_Driver/Src/stm32l4xx_hal.o
 .debug_macro   0x0001d078       0x97 Drivers/STM32L4xx_HAL_Driver/Src/stm32l4xx_hal.o
 .debug_macro   0x0001d10f      0x126 Drivers/STM32L4xx_HAL_Driver/Src/stm32l4xx_hal.o
 .debug_macro   0x0001d235      0x2d2 Drivers/STM32L4xx_HAL_Driver/Src/stm32l4xx_hal.o
 .debug_macro   0x0001d507      0x9f7 Drivers/STM32L4xx_HAL_Driver/Src/stm32l4xx_hal.o
 .debug_macro   0x0001defe      0x135 Drivers/STM32L4xx_HAL_Driver/Src/stm32l4xx_hal.o
 .debug_macro   0x0001e033      0x55f Drivers/STM32L4xx_HAL_Driver/Src/stm32l4xx_hal.o
 .debug_macro   0x0001e592       0x44 Drivers/STM32L4xx_HAL_Driver/Src/stm32l4xx_hal.o
 .debug_macro   0x0001e5d6      0x21a Drivers/STM32L4xx_HAL_Driver/Src/stm32l4xx_hal.o
 .debug_macro   0x0001e7f0      0x32f Drivers/STM32L4xx_HAL_Driver/Src/stm32l4xx_hal_cortex.o
 .debug_macro   0x0001eb1f      0x32f Drivers/STM32L4xx_HAL_Driver/Src/stm32l4xx_hal_dma.o
 .debug_macro   0x0001ee4e      0x36e Drivers/STM32L4xx_HAL_Driver/Src/stm32l4xx_hal_gpio.o
 .debug_macro   0x0001f1bc      0x347 Drivers/STM32L4xx_HAL_Driver/Src/stm32l4xx_hal_pwr.o
 .debug_macro   0x0001f503      0x353 Drivers/STM32L4xx_HAL_Driver/Src/stm32l4xx_hal_pwr_ex.o
 .debug_macro   0x0001f856      0x371 Drivers/STM32L4xx_HAL_Driver/Src/stm32l4xx_hal_rcc.o
 .debug_macro   0x0001fbc7      0x365 Drivers/STM32L4xx_HAL_Driver/Src/stm32l4xx_hal_rcc_ex.o
 .debug_macro   0x0001ff2c      0x330 Drivers/STM32L4xx_HAL_Driver/Src/stm32l4xx_hal_tim.o
 .debug_macro   0x0002025c      0x32f Drivers/STM32L4xx_HAL_Driver/Src/stm32l4xx_hal_tim_ex.o
 .debug_macro   0x0002058b      0x35a Drivers/STM32L4xx_HAL_Driver/Src/stm32l4xx_hal_uart.o
 .debug_macro   0x000208e5      0x32f Drivers/STM32L4xx_HAL_Driver/Src/stm32l4xx_hal_uart_ex.o
 .debug_macro   0x00020c14      0x1f3 Middlewares/Third_Party/FreeRTOS/Source/CMSIS_RTOS/cmsis_os.o
 .debug_macro   0x00020e07       0x52 Middlewares/Third_Party/FreeRTOS/Source/CMSIS_RTOS/cmsis_os.o
 .debug_macro   0x00020e59       0x8d Middlewares/Third_Party/FreeRTOS/Source/CMSIS_RTOS/cmsis_os.o
 .debug_macro   0x00020ee6      0x174 Middlewares/Third_Party/FreeRTOS/Source/CMSIS_RTOS/cmsis_os.o
 .debug_macro   0x0002105a       0x57 Middlewares/Third_Party/FreeRTOS/Source/CMSIS_RTOS/cmsis_os.o
 .debug_macro   0x000210b1       0x10 Middlewares/Third_Party/FreeRTOS/Source/CMSIS_RTOS/cmsis_os.o
 .debug_macro   0x000210c1       0x35 Middlewares/Third_Party/FreeRTOS/Source/CMSIS_RTOS/cmsis_os.o
 .debug_macro   0x000210f6       0xd2 Middlewares/Third_Party/FreeRTOS/Source/CMSIS_RTOS/cmsis_os.o
 .debug_macro   0x000211c8      0x168 Middlewares/Third_Party/FreeRTOS/Source/CMSIS_RTOS/cmsis_os.o
 .debug_macro   0x00021330       0xe4 Middlewares/Third_Party/FreeRTOS/Source/CMSIS_RTOS/cmsis_os.o
 .debug_macro   0x00021414       0x10 Middlewares/Third_Party/FreeRTOS/Source/CMSIS_RTOS/cmsis_os.o
 .debug_macro   0x00021424       0x26 Middlewares/Third_Party/FreeRTOS/Source/CMSIS_RTOS/cmsis_os.o
 .debug_macro   0x0002144a      0x40f Middlewares/Third_Party/FreeRTOS/Source/CMSIS_RTOS/cmsis_os.o
 .debug_macro   0x00021859       0xc0 Middlewares/Third_Party/FreeRTOS/Source/CMSIS_RTOS/cmsis_os.o
 .debug_macro   0x00021919       0x8c Middlewares/Third_Party/FreeRTOS/Source/CMSIS_RTOS/cmsis_os.o
 .debug_macro   0x000219a5       0x91 Middlewares/Third_Party/FreeRTOS/Source/CMSIS_RTOS/cmsis_os.o
 .debug_macro   0x00021a36       0x9b Middlewares/Third_Party/FreeRTOS/Source/CMSIS_RTOS/cmsis_os.o
 .debug_macro   0x00021ad1       0x78 Middlewares/Third_Party/FreeRTOS/Source/CMSIS_RTOS/cmsis_os.o
 .debug_macro   0x00021b49       0x19 Middlewares/Third_Party/FreeRTOS/Source/CMSIS_RTOS/cmsis_os.o
 .debug_macro   0x00021b62       0xf2 Middlewares/Third_Party/FreeRTOS/Source/CMSIS_RTOS/cmsis_os.o
 .debug_macro   0x00021c54       0x26 Middlewares/Third_Party/FreeRTOS/Source/CMSIS_RTOS/cmsis_os.o
 .debug_macro   0x00021c7a      0x18b Middlewares/Third_Party/FreeRTOS/Source/list.o
 .debug_macro   0x00021e05      0x207 Middlewares/Third_Party/FreeRTOS/Source/queue.o
 .debug_macro   0x0002200c       0x16 Middlewares/Third_Party/FreeRTOS/Source/queue.o
 .debug_macro   0x00022022      0x26a Middlewares/Third_Party/FreeRTOS/Source/tasks.o
 .debug_macro   0x0002228c       0x11 Middlewares/Third_Party/FreeRTOS/Source/tasks.o
 .debug_macro   0x0002229d      0x1ad Middlewares/Third_Party/FreeRTOS/Source/portable/GCC/ARM_CM4F/port.o
 .debug_macro   0x0002244a      0x1b2 Middlewares/Third_Party/FreeRTOS/Source/portable/MemMang/heap_4.o
 .debug_macro   0x000225fc      0x339 Src/dma.o
 .debug_macro   0x00022935      0x429 Src/freertos.o
 .debug_macro   0x00022d5e       0x22 Src/freertos.o
 .debug_macro   0x00022d80       0xba Src/freertos.o
 .debug_macro   0x00022e3a       0x3b Src/freertos.o
 .debug_macro   0x00022e75       0x10 Src/freertos.o
 .debug_macro   0x00022e85      0x339 Src/gpio.o
 .debug_macro   0x000231be      0x13e Src/helpers.o
 .debug_macro   0x000232fc      0x405 Src/main.o
 .debug_macro   0x00023701       0xd8 Src/main.o
 .debug_macro   0x000237d9      0x453 Src/rx_helpers.o
 .debug_macro   0x00023c2c       0x1c Src/rx_helpers.o
 .debug_macro   0x00023c48      0x32f Src/stm32l4xx_hal_msp.o
 .debug_macro   0x00023f77      0x32f Src/stm32l4xx_hal_timebase_TIM.o
 .debug_macro   0x000242a6      0x3ed Src/stm32l4xx_it.o
 .debug_macro   0x00024693      0x336 Src/system_stm32l4xx.o
 .debug_macro   0x000249c9      0x41b Src/tx_helpers.o
 .debug_macro   0x00024de4      0x34d Src/usart.o

.debug_line     0x00000000    0x15b39
 .debug_line    0x00000000      0xae8 Drivers/STM32L4xx_HAL_Driver/Src/stm32l4xx_hal.o
 .debug_line    0x00000ae8      0xb0d Drivers/STM32L4xx_HAL_Driver/Src/stm32l4xx_hal_cortex.o
 .debug_line    0x000015f5      0xb68 Drivers/STM32L4xx_HAL_Driver/Src/stm32l4xx_hal_dma.o
 .debug_line    0x0000215d      0xa4f Drivers/STM32L4xx_HAL_Driver/Src/stm32l4xx_hal_gpio.o
 .debug_line    0x00002bac      0xa46 Drivers/STM32L4xx_HAL_Driver/Src/stm32l4xx_hal_pwr.o
 .debug_line    0x000035f2      0xc3f Drivers/STM32L4xx_HAL_Driver/Src/stm32l4xx_hal_pwr_ex.o
 .debug_line    0x00004231      0xc4f Drivers/STM32L4xx_HAL_Driver/Src/stm32l4xx_hal_rcc.o
 .debug_line    0x00004e80      0xe70 Drivers/STM32L4xx_HAL_Driver/Src/stm32l4xx_hal_rcc_ex.o
 .debug_line    0x00005cf0     0x1b6f Drivers/STM32L4xx_HAL_Driver/Src/stm32l4xx_hal_tim.o
 .debug_line    0x0000785f      0xfd2 Drivers/STM32L4xx_HAL_Driver/Src/stm32l4xx_hal_tim_ex.o
 .debug_line    0x00008831     0x1439 Drivers/STM32L4xx_HAL_Driver/Src/stm32l4xx_hal_uart.o
 .debug_line    0x00009c6a      0xa68 Drivers/STM32L4xx_HAL_Driver/Src/stm32l4xx_hal_uart_ex.o
 .debug_line    0x0000a6d2      0xcaf Middlewares/Third_Party/FreeRTOS/Source/CMSIS_RTOS/cmsis_os.o
 .debug_line    0x0000b381      0x607 Middlewares/Third_Party/FreeRTOS/Source/list.o
 .debug_line    0x0000b988      0xb94 Middlewares/Third_Party/FreeRTOS/Source/queue.o
 .debug_line    0x0000c51c      0xefb Middlewares/Third_Party/FreeRTOS/Source/tasks.o
 .debug_line    0x0000d417      0x688 Middlewares/Third_Party/FreeRTOS/Source/portable/GCC/ARM_CM4F/port.o
 .debug_line    0x0000da9f      0x6b9 Middlewares/Third_Party/FreeRTOS/Source/portable/MemMang/heap_4.o
 .debug_line    0x0000e158      0x8f7 Src/dma.o
 .debug_line    0x0000ea4f      0xc2c Src/freertos.o
 .debug_line    0x0000f67b      0x8fd Src/gpio.o
 .debug_line    0x0000ff78      0x5e4 Src/helpers.o
 .debug_line    0x0001055c      0xbf1 Src/main.o
 .debug_line    0x0001114d      0xc82 Src/rx_helpers.o
 .debug_line    0x00011dcf      0x900 Src/stm32l4xx_hal_msp.o
 .debug_line    0x000126cf      0x930 Src/stm32l4xx_hal_timebase_TIM.o
 .debug_line    0x00012fff      0xbce Src/stm32l4xx_it.o
 .debug_line    0x00013bcd      0x939 Src/system_stm32l4xx.o
 .debug_line    0x00014506      0xc12 Src/tx_helpers.o
 .debug_line    0x00015118      0x9a2 Src/usart.o
 .debug_line    0x00015aba       0x7f startup/startup_stm32l432xx.o

.debug_str      0x00000000    0xcd8e0
 .debug_str     0x00000000    0xc0d75 Drivers/STM32L4xx_HAL_Driver/Src/stm32l4xx_hal.o
                              0xc11a0 (size before relaxing)
 .debug_str     0x000c0d75      0x39e Drivers/STM32L4xx_HAL_Driver/Src/stm32l4xx_hal_cortex.o
                              0xc0fbb (size before relaxing)
 .debug_str     0x000c1113      0x3fd Drivers/STM32L4xx_HAL_Driver/Src/stm32l4xx_hal_dma.o
                              0xc0b29 (size before relaxing)
 .debug_str     0x000c1510      0x30d Drivers/STM32L4xx_HAL_Driver/Src/stm32l4xx_hal_gpio.o
                              0xc0b62 (size before relaxing)
 .debug_str     0x000c181d      0x35e Drivers/STM32L4xx_HAL_Driver/Src/stm32l4xx_hal_pwr.o
                              0xc0c0c (size before relaxing)
 .debug_str     0x000c1b7b      0x318 Drivers/STM32L4xx_HAL_Driver/Src/stm32l4xx_hal_pwr_ex.o
                              0xc0ce8 (size before relaxing)
 .debug_str     0x000c1e93      0x4e6 Drivers/STM32L4xx_HAL_Driver/Src/stm32l4xx_hal_rcc.o
                              0xc0e20 (size before relaxing)
 .debug_str     0x000c2379      0x69b Drivers/STM32L4xx_HAL_Driver/Src/stm32l4xx_hal_rcc_ex.o
                              0xc10dc (size before relaxing)
 .debug_str     0x000c2a14      0xf0d Drivers/STM32L4xx_HAL_Driver/Src/stm32l4xx_hal_tim.o
                              0xc18d9 (size before relaxing)
 .debug_str     0x000c3921      0x60a Drivers/STM32L4xx_HAL_Driver/Src/stm32l4xx_hal_tim_ex.o
                              0xc12a4 (size before relaxing)
 .debug_str     0x000c3f2b      0xa52 Drivers/STM32L4xx_HAL_Driver/Src/stm32l4xx_hal_uart.o
                              0xc1543 (size before relaxing)
 .debug_str     0x000c497d      0x185 Drivers/STM32L4xx_HAL_Driver/Src/stm32l4xx_hal_uart_ex.o
                              0xc0d97 (size before relaxing)
 .debug_str     0x000c4b02     0x647e Middlewares/Third_Party/FreeRTOS/Source/CMSIS_RTOS/cmsis_os.o
                               0xcbcb (size before relaxing)
 .debug_str     0x000caf80      0x225 Middlewares/Third_Party/FreeRTOS/Source/list.o
                               0x96d3 (size before relaxing)
 .debug_str     0x000cb1a5      0x707 Middlewares/Third_Party/FreeRTOS/Source/queue.o
                               0xaee2 (size before relaxing)
 .debug_str     0x000cb8ac      0xf7f Middlewares/Third_Party/FreeRTOS/Source/tasks.o
                               0xb8d9 (size before relaxing)
 .debug_str     0x000cc82b      0x77c Middlewares/Third_Party/FreeRTOS/Source/portable/GCC/ARM_CM4F/port.o
                               0x774b (size before relaxing)
 .debug_str     0x000ccfa7      0x243 Middlewares/Third_Party/FreeRTOS/Source/portable/MemMang/heap_4.o
                               0x9e13 (size before relaxing)
 .debug_str     0x000cd1ea       0x22 Src/dma.o
                              0xc0bda (size before relaxing)
 .debug_str     0x000cd20c      0x26a Src/freertos.o
                              0xc6884 (size before relaxing)
 .debug_str     0x000cd476       0x25 Src/gpio.o
                              0xc08a7 (size before relaxing)
 .debug_str     0x000cd49b       0x7c Src/helpers.o
                               0x91af (size before relaxing)
 .debug_str     0x000cd517       0x7e Src/main.o
                              0xc6ec6 (size before relaxing)
 .debug_str     0x000cd595      0x159 Src/rx_helpers.o
                              0xc6645 (size before relaxing)
 .debug_str     0x000cd6ee       0x1b Src/stm32l4xx_hal_msp.o
                              0xc0be9 (size before relaxing)
 .debug_str     0x000cd709       0x61 Src/stm32l4xx_hal_timebase_TIM.o
                              0xc114e (size before relaxing)
 .debug_str     0x000cd76a       0xb3 Src/stm32l4xx_it.o
                              0xc65de (size before relaxing)
 .debug_str     0x000cd81d       0x50 Src/system_stm32l4xx.o
                              0xc088c (size before relaxing)
 .debug_str     0x000cd86d       0x59 Src/tx_helpers.o
                              0xc652c (size before relaxing)
 .debug_str     0x000cd8c6       0x1a Src/usart.o
                              0xc11e2 (size before relaxing)

.comment        0x00000000       0x7f
 .comment       0x00000000       0x7f Drivers/STM32L4xx_HAL_Driver/Src/stm32l4xx_hal.o
                                 0x80 (size before relaxing)
 .comment       0x0000007f       0x80 Drivers/STM32L4xx_HAL_Driver/Src/stm32l4xx_hal_cortex.o
 .comment       0x0000007f       0x80 Drivers/STM32L4xx_HAL_Driver/Src/stm32l4xx_hal_dma.o
 .comment       0x0000007f       0x80 Drivers/STM32L4xx_HAL_Driver/Src/stm32l4xx_hal_gpio.o
 .comment       0x0000007f       0x80 Drivers/STM32L4xx_HAL_Driver/Src/stm32l4xx_hal_pwr.o
 .comment       0x0000007f       0x80 Drivers/STM32L4xx_HAL_Driver/Src/stm32l4xx_hal_pwr_ex.o
 .comment       0x0000007f       0x80 Drivers/STM32L4xx_HAL_Driver/Src/stm32l4xx_hal_rcc.o
 .comment       0x0000007f       0x80 Drivers/STM32L4xx_HAL_Driver/Src/stm32l4xx_hal_rcc_ex.o
 .comment       0x0000007f       0x80 Drivers/STM32L4xx_HAL_Driver/Src/stm32l4xx_hal_tim.o
 .comment       0x0000007f       0x80 Drivers/STM32L4xx_HAL_Driver/Src/stm32l4xx_hal_tim_ex.o
 .comment       0x0000007f       0x80 Drivers/STM32L4xx_HAL_Driver/Src/stm32l4xx_hal_uart.o
 .comment       0x0000007f       0x80 Drivers/STM32L4xx_HAL_Driver/Src/stm32l4xx_hal_uart_ex.o
 .comment       0x0000007f       0x80 Middlewares/Third_Party/FreeRTOS/Source/CMSIS_RTOS/cmsis_os.o
 .comment       0x0000007f       0x80 Middlewares/Third_Party/FreeRTOS/Source/list.o
 .comment       0x0000007f       0x80 Middlewares/Third_Party/FreeRTOS/Source/queue.o
 .comment       0x0000007f       0x80 Middlewares/Third_Party/FreeRTOS/Source/tasks.o
 .comment       0x0000007f       0x80 Middlewares/Third_Party/FreeRTOS/Source/portable/GCC/ARM_CM4F/port.o
 .comment       0x0000007f       0x80 Middlewares/Third_Party/FreeRTOS/Source/portable/MemMang/heap_4.o
 .comment       0x0000007f       0x80 Src/dma.o
 .comment       0x0000007f       0x80 Src/freertos.o
 .comment       0x0000007f       0x80 Src/gpio.o
 .comment       0x0000007f       0x80 Src/helpers.o
 .comment       0x0000007f       0x80 Src/main.o
 .comment       0x0000007f       0x80 Src/rx_helpers.o
 .comment       0x0000007f       0x80 Src/stm32l4xx_hal_msp.o
 .comment       0x0000007f       0x80 Src/stm32l4xx_hal_timebase_TIM.o
 .comment       0x0000007f       0x80 Src/stm32l4xx_it.o
 .comment       0x0000007f       0x80 Src/system_stm32l4xx.o
 .comment       0x0000007f       0x80 Src/tx_helpers.o
 .comment       0x0000007f       0x80 Src/usart.o

.debug_frame    0x00000000     0x3588
 .debug_frame   0x00000000      0x1e4 Drivers/STM32L4xx_HAL_Driver/Src/stm32l4xx_hal.o
 .debug_frame   0x000001e4      0x15c Drivers/STM32L4xx_HAL_Driver/Src/stm32l4xx_hal_cortex.o
 .debug_frame   0x00000340      0x158 Drivers/STM32L4xx_HAL_Driver/Src/stm32l4xx_hal_dma.o
 .debug_frame   0x00000498       0xd0 Drivers/STM32L4xx_HAL_Driver/Src/stm32l4xx_hal_gpio.o
 .debug_frame   0x00000568      0x120 Drivers/STM32L4xx_HAL_Driver/Src/stm32l4xx_hal_pwr.o
 .debug_frame   0x00000688      0x1f8 Drivers/STM32L4xx_HAL_Driver/Src/stm32l4xx_hal_pwr_ex.o
 .debug_frame   0x00000880      0x184 Drivers/STM32L4xx_HAL_Driver/Src/stm32l4xx_hal_rcc.o
 .debug_frame   0x00000a04      0x238 Drivers/STM32L4xx_HAL_Driver/Src/stm32l4xx_hal_rcc_ex.o
 .debug_frame   0x00000c3c      0xa1c Drivers/STM32L4xx_HAL_Driver/Src/stm32l4xx_hal_tim.o
 .debug_frame   0x00001658      0x400 Drivers/STM32L4xx_HAL_Driver/Src/stm32l4xx_hal_tim_ex.o
 .debug_frame   0x00001a58      0x588 Drivers/STM32L4xx_HAL_Driver/Src/stm32l4xx_hal_uart.o
 .debug_frame   0x00001fe0       0xec Drivers/STM32L4xx_HAL_Driver/Src/stm32l4xx_hal_uart_ex.o
 .debug_frame   0x000020cc      0x5a0 Middlewares/Third_Party/FreeRTOS/Source/CMSIS_RTOS/cmsis_os.o
 .debug_frame   0x0000266c       0x6c Middlewares/Third_Party/FreeRTOS/Source/list.o
 .debug_frame   0x000026d8      0x2f8 Middlewares/Third_Party/FreeRTOS/Source/queue.o
 .debug_frame   0x000029d0      0x524 Middlewares/Third_Party/FreeRTOS/Source/tasks.o
 .debug_frame   0x00002ef4       0xfc Middlewares/Third_Party/FreeRTOS/Source/portable/GCC/ARM_CM4F/port.o
 .debug_frame   0x00002ff0       0xac Middlewares/Third_Party/FreeRTOS/Source/portable/MemMang/heap_4.o
 .debug_frame   0x0000309c       0x2c Src/dma.o
 .debug_frame   0x000030c8       0x8c Src/freertos.o
 .debug_frame   0x00003154       0x30 Src/gpio.o
 .debug_frame   0x00003184       0x30 Src/helpers.o
 .debug_frame   0x000031b4       0x70 Src/main.o
 .debug_frame   0x00003224       0xa8 Src/rx_helpers.o
 .debug_frame   0x000032cc       0x2c Src/stm32l4xx_hal_msp.o
 .debug_frame   0x000032f8       0x50 Src/stm32l4xx_hal_timebase_TIM.o
 .debug_frame   0x00003348       0x88 Src/stm32l4xx_it.o
 .debug_frame   0x000033d0       0x30 Src/system_stm32l4xx.o
 .debug_frame   0x00003400       0x58 Src/tx_helpers.o
 .debug_frame   0x00003458       0x7c Src/usart.o
 .debug_frame   0x000034d4       0x2c d:/ac6/systemworkbench/plugins/fr.ac6.mcu.externaltools.arm-none.win32_1.15.0.201708311556/tools/compiler/bin/../lib/gcc/arm-none-eabi/6.3.1/thumb/v7e-m/fpv4-sp/hard\libgcc.a(_aeabi_uldivmod.o)
 .debug_frame   0x00003500       0x34 d:/ac6/systemworkbench/plugins/fr.ac6.mcu.externaltools.arm-none.win32_1.15.0.201708311556/tools/compiler/bin/../lib/gcc/arm-none-eabi/6.3.1/thumb/v7e-m/fpv4-sp/hard\libgcc.a(_udivmoddi4.o)
 .debug_frame   0x00003534       0x2c d:/ac6/systemworkbench/plugins/fr.ac6.mcu.externaltools.arm-none.win32_1.15.0.201708311556/tools/compiler/bin/../lib/gcc/arm-none-eabi/6.3.1/../../../../arm-none-eabi/lib/thumb/v7e-m/fpv4-sp/hard\libc_nano.a(lib_a-init.o)
 .debug_frame   0x00003560       0x28 d:/ac6/systemworkbench/plugins/fr.ac6.mcu.externaltools.arm-none.win32_1.15.0.201708311556/tools/compiler/bin/../lib/gcc/arm-none-eabi/6.3.1/../../../../arm-none-eabi/lib/thumb/v7e-m/fpv4-sp/hard\libc_nano.a(lib_a-memcpy-stub.o)
