Archive member included to satisfy reference by file (symbol)

d:/ac6/systemworkbench/plugins/fr.ac6.mcu.externaltools.arm-none.win32_1.15.0.201708311556/tools/compiler/bin/../lib/gcc/arm-none-eabi/6.3.1/thumb/v7e-m/fpv5/hard\libgcc.a(_aeabi_uldivmod.o)
                              Drivers/STM32H7xx_HAL_Driver/Src/stm32h7xx_hal_uart.o (__aeabi_uldivmod)
d:/ac6/systemworkbench/plugins/fr.ac6.mcu.externaltools.arm-none.win32_1.15.0.201708311556/tools/compiler/bin/../lib/gcc/arm-none-eabi/6.3.1/thumb/v7e-m/fpv5/hard\libgcc.a(_udivmoddi4.o)
                              d:/ac6/systemworkbench/plugins/fr.ac6.mcu.externaltools.arm-none.win32_1.15.0.201708311556/tools/compiler/bin/../lib/gcc/arm-none-eabi/6.3.1/thumb/v7e-m/fpv5/hard\libgcc.a(_aeabi_uldivmod.o) (__udivmoddi4)
d:/ac6/systemworkbench/plugins/fr.ac6.mcu.externaltools.arm-none.win32_1.15.0.201708311556/tools/compiler/bin/../lib/gcc/arm-none-eabi/6.3.1/thumb/v7e-m/fpv5/hard\libgcc.a(_dvmd_tls.o)
                              d:/ac6/systemworkbench/plugins/fr.ac6.mcu.externaltools.arm-none.win32_1.15.0.201708311556/tools/compiler/bin/../lib/gcc/arm-none-eabi/6.3.1/thumb/v7e-m/fpv5/hard\libgcc.a(_aeabi_uldivmod.o) (__aeabi_ldiv0)
d:/ac6/systemworkbench/plugins/fr.ac6.mcu.externaltools.arm-none.win32_1.15.0.201708311556/tools/compiler/bin/../lib/gcc/arm-none-eabi/6.3.1/../../../../arm-none-eabi/lib/thumb/v7e-m/fpv5/hard\libc_nano.a(lib_a-exit.o)
                              d:/ac6/systemworkbench/plugins/fr.ac6.mcu.externaltools.arm-none.win32_1.15.0.201708311556/tools/compiler/bin/../lib/gcc/arm-none-eabi/6.3.1/../../../../arm-none-eabi/lib/thumb/v7e-m/fpv5/hard/crt0.o (exit)
d:/ac6/systemworkbench/plugins/fr.ac6.mcu.externaltools.arm-none.win32_1.15.0.201708311556/tools/compiler/bin/../lib/gcc/arm-none-eabi/6.3.1/../../../../arm-none-eabi/lib/thumb/v7e-m/fpv5/hard\libc_nano.a(lib_a-impure.o)
                              d:/ac6/systemworkbench/plugins/fr.ac6.mcu.externaltools.arm-none.win32_1.15.0.201708311556/tools/compiler/bin/../lib/gcc/arm-none-eabi/6.3.1/../../../../arm-none-eabi/lib/thumb/v7e-m/fpv5/hard\libc_nano.a(lib_a-exit.o) (_global_impure_ptr)
d:/ac6/systemworkbench/plugins/fr.ac6.mcu.externaltools.arm-none.win32_1.15.0.201708311556/tools/compiler/bin/../lib/gcc/arm-none-eabi/6.3.1/../../../../arm-none-eabi/lib/thumb/v7e-m/fpv5/hard\libc_nano.a(lib_a-init.o)
                              d:/ac6/systemworkbench/plugins/fr.ac6.mcu.externaltools.arm-none.win32_1.15.0.201708311556/tools/compiler/bin/../lib/gcc/arm-none-eabi/6.3.1/../../../../arm-none-eabi/lib/thumb/v7e-m/fpv5/hard/crt0.o (__libc_init_array)
d:/ac6/systemworkbench/plugins/fr.ac6.mcu.externaltools.arm-none.win32_1.15.0.201708311556/tools/compiler/bin/../lib/gcc/arm-none-eabi/6.3.1/../../../../arm-none-eabi/lib/thumb/v7e-m/fpv5/hard\libc_nano.a(lib_a-memcpy-stub.o)
                              Middlewares/Third_Party/FreeRTOS/Source/queue.o (memcpy)
d:/ac6/systemworkbench/plugins/fr.ac6.mcu.externaltools.arm-none.win32_1.15.0.201708311556/tools/compiler/bin/../lib/gcc/arm-none-eabi/6.3.1/../../../../arm-none-eabi/lib/thumb/v7e-m/fpv5/hard\libc_nano.a(lib_a-memset.o)
                              d:/ac6/systemworkbench/plugins/fr.ac6.mcu.externaltools.arm-none.win32_1.15.0.201708311556/tools/compiler/bin/../lib/gcc/arm-none-eabi/6.3.1/../../../../arm-none-eabi/lib/thumb/v7e-m/fpv5/hard/crt0.o (memset)
d:/ac6/systemworkbench/plugins/fr.ac6.mcu.externaltools.arm-none.win32_1.15.0.201708311556/tools/compiler/bin/../lib/gcc/arm-none-eabi/6.3.1/../../../../arm-none-eabi/lib/thumb/v7e-m/fpv5/hard\libnosys.a(_exit.o)
                              d:/ac6/systemworkbench/plugins/fr.ac6.mcu.externaltools.arm-none.win32_1.15.0.201708311556/tools/compiler/bin/../lib/gcc/arm-none-eabi/6.3.1/../../../../arm-none-eabi/lib/thumb/v7e-m/fpv5/hard\libc_nano.a(lib_a-exit.o) (_exit)

Allocating common symbols
Common symbol       size              file

txTaskHandle        0x4               Src/freertos.o
defaultTaskHandle   0x4               Src/freertos.o
huart3              0x80              Src/usart.o
semTxControlBlock   0x48              Src/freertos.o
xQueueRegistry      0x40              Middlewares/Third_Party/FreeRTOS/Source/queue.o
hdma_usart3_tx      0x78              Src/usart.o
pFlash              0x1c              Drivers/STM32H7xx_HAL_Driver/Src/stm32h7xx_hal_flash.o
hdma_usart1_tx      0x78              Src/usart.o
semTxHandle         0x4               Src/freertos.o
huart1              0x80              Src/usart.o
txTaskBuffer        0x200             Src/freertos.o
htim1               0x40              Src/stm32h7xx_hal_timebase_TIM.o
txTaskControlBlock  0x54              Src/freertos.o

Discarded input sections

 .text          0x00000000        0x0 d:/ac6/systemworkbench/plugins/fr.ac6.mcu.externaltools.arm-none.win32_1.15.0.201708311556/tools/compiler/bin/../lib/gcc/arm-none-eabi/6.3.1/thumb/v7e-m/fpv5/hard/crti.o
[...]
Memory Configuration

Name             Origin             Length             Attributes
DTCMRAM          0x20000000         0x00020000         xrw
RAM_D1           0x24000000         0x00080000         xrw
RAM_D2           0x30000000         0x00048000         xrw
RAM_D3           0x38000000         0x00010000         xrw
ITCMRAM          0x00000000         0x00010000         xrw
FLASH            0x08000000         0x00200000         xr
*default*        0x00000000         0xffffffff

Linker script and memory map

LOAD d:/ac6/systemworkbench/plugins/fr.ac6.mcu.externaltools.arm-none.win32_1.15.0.201708311556/tools/compiler/bin/../lib/gcc/arm-none-eabi/6.3.1/thumb/v7e-m/fpv5/hard/crti.o
LOAD d:/ac6/systemworkbench/plugins/fr.ac6.mcu.externaltools.arm-none.win32_1.15.0.201708311556/tools/compiler/bin/../lib/gcc/arm-none-eabi/6.3.1/thumb/v7e-m/fpv5/hard/crtbegin.o
LOAD d:/ac6/systemworkbench/plugins/fr.ac6.mcu.externaltools.arm-none.win32_1.15.0.201708311556/tools/compiler/bin/../lib/gcc/arm-none-eabi/6.3.1/../../../../arm-none-eabi/lib/thumb/v7e-m/fpv5/hard/crt0.o
LOAD Drivers/STM32H7xx_HAL_Driver/Src/stm32h7xx_hal.o
LOAD Drivers/STM32H7xx_HAL_Driver/Src/stm32h7xx_hal_cortex.o
LOAD Drivers/STM32H7xx_HAL_Driver/Src/stm32h7xx_hal_dma.o
LOAD Drivers/STM32H7xx_HAL_Driver/Src/stm32h7xx_hal_dma_ex.o
LOAD Drivers/STM32H7xx_HAL_Driver/Src/stm32h7xx_hal_flash.o
LOAD Drivers/STM32H7xx_HAL_Driver/Src/stm32h7xx_hal_flash_ex.o
LOAD Drivers/STM32H7xx_HAL_Driver/Src/stm32h7xx_hal_gpio.o
LOAD Drivers/STM32H7xx_HAL_Driver/Src/stm32h7xx_hal_hsem.o
LOAD Drivers/STM32H7xx_HAL_Driver/Src/stm32h7xx_hal_i2c.o
LOAD Drivers/STM32H7xx_HAL_Driver/Src/stm32h7xx_hal_i2c_ex.o
LOAD Drivers/STM32H7xx_HAL_Driver/Src/stm32h7xx_hal_mdma.o
LOAD Drivers/STM32H7xx_HAL_Driver/Src/stm32h7xx_hal_pwr.o
LOAD Drivers/STM32H7xx_HAL_Driver/Src/stm32h7xx_hal_pwr_ex.o
LOAD Drivers/STM32H7xx_HAL_Driver/Src/stm32h7xx_hal_rcc.o
LOAD Drivers/STM32H7xx_HAL_Driver/Src/stm32h7xx_hal_rcc_ex.o
LOAD Drivers/STM32H7xx_HAL_Driver/Src/stm32h7xx_hal_tim.o
LOAD Drivers/STM32H7xx_HAL_Driver/Src/stm32h7xx_hal_tim_ex.o
LOAD Drivers/STM32H7xx_HAL_Driver/Src/stm32h7xx_hal_uart.o
LOAD Drivers/STM32H7xx_HAL_Driver/Src/stm32h7xx_hal_uart_ex.o
LOAD Middlewares/Third_Party/FreeRTOS/Source/CMSIS_RTOS/cmsis_os.o
LOAD Middlewares/Third_Party/FreeRTOS/Source/croutine.o
LOAD Middlewares/Third_Party/FreeRTOS/Source/event_groups.o
LOAD Middlewares/Third_Party/FreeRTOS/Source/list.o
LOAD Middlewares/Third_Party/FreeRTOS/Source/queue.o
LOAD Middlewares/Third_Party/FreeRTOS/Source/tasks.o
LOAD Middlewares/Third_Party/FreeRTOS/Source/timers.o
LOAD Middlewares/Third_Party/FreeRTOS/Source/portable/GCC/ARM_CM7/r0p1/port.o
LOAD Middlewares/Third_Party/FreeRTOS/Source/portable/MemMang/heap_4.o
LOAD Src/dma.o
LOAD Src/freertos.o
LOAD Src/gpio.o
LOAD Src/main.o
LOAD Src/stm32h7xx_hal_msp.o
LOAD Src/stm32h7xx_hal_timebase_TIM.o
LOAD Src/stm32h7xx_it.o
LOAD Src/system_stm32h7xx.o
LOAD Src/usart.o
LOAD startup/startup_stm32h743xx.o
LOAD d:/ac6/systemworkbench/plugins/fr.ac6.mcu.externaltools.arm-none.win32_1.15.0.201708311556/tools/compiler/bin/../lib/gcc/arm-none-eabi/6.3.1/../../../../arm-none-eabi/lib/thumb/v7e-m/fpv5/hard\libm.a
START GROUP
LOAD d:/ac6/systemworkbench/plugins/fr.ac6.mcu.externaltools.arm-none.win32_1.15.0.201708311556/tools/compiler/bin/../lib/gcc/arm-none-eabi/6.3.1/thumb/v7e-m/fpv5/hard\libgcc.a
LOAD d:/ac6/systemworkbench/plugins/fr.ac6.mcu.externaltools.arm-none.win32_1.15.0.201708311556/tools/compiler/bin/../lib/gcc/arm-none-eabi/6.3.1/../../../../arm-none-eabi/lib/thumb/v7e-m/fpv5/hard\libc_nano.a
END GROUP
START GROUP
LOAD d:/ac6/systemworkbench/plugins/fr.ac6.mcu.externaltools.arm-none.win32_1.15.0.201708311556/tools/compiler/bin/../lib/gcc/arm-none-eabi/6.3.1/thumb/v7e-m/fpv5/hard\libgcc.a
LOAD d:/ac6/systemworkbench/plugins/fr.ac6.mcu.externaltools.arm-none.win32_1.15.0.201708311556/tools/compiler/bin/../lib/gcc/arm-none-eabi/6.3.1/../../../../arm-none-eabi/lib/thumb/v7e-m/fpv5/hard\libc_nano.a
LOAD d:/ac6/systemworkbench/plugins/fr.ac6.mcu.externaltools.arm-none.win32_1.15.0.201708311556/tools/compiler/bin/../lib/gcc/arm-none-eabi/6.3.1/../../../../arm-none-eabi/lib/thumb/v7e-m/fpv5/hard\libnosys.a
END GROUP
START GROUP
LOAD d:/ac6/systemworkbench/plugins/fr.ac6.mcu.externaltools.arm-none.win32_1.15.0.201708311556/tools/compiler/bin/../lib/gcc/arm-none-eabi/6.3.1/thumb/v7e-m/fpv5/hard\libgcc.a
LOAD d:/ac6/systemworkbench/plugins/fr.ac6.mcu.externaltools.arm-none.win32_1.15.0.201708311556/tools/compiler/bin/../lib/gcc/arm-none-eabi/6.3.1/../../../../arm-none-eabi/lib/thumb/v7e-m/fpv5/hard\libc_nano.a
LOAD d:/ac6/systemworkbench/plugins/fr.ac6.mcu.externaltools.arm-none.win32_1.15.0.201708311556/tools/compiler/bin/../lib/gcc/arm-none-eabi/6.3.1/../../../../arm-none-eabi/lib/thumb/v7e-m/fpv5/hard\libnosys.a
END GROUP
LOAD d:/ac6/systemworkbench/plugins/fr.ac6.mcu.externaltools.arm-none.win32_1.15.0.201708311556/tools/compiler/bin/../lib/gcc/arm-none-eabi/6.3.1/thumb/v7e-m/fpv5/hard/crtend.o
LOAD d:/ac6/systemworkbench/plugins/fr.ac6.mcu.externaltools.arm-none.win32_1.15.0.201708311556/tools/compiler/bin/../lib/gcc/arm-none-eabi/6.3.1/thumb/v7e-m/fpv5/hard/crtn.o
                0x20020000                _estack = 0x20020000
                0x00000200                _Min_Heap_Size = 0x200
                0x00000400                _Min_Stack_Size = 0x400

.isr_vector     0x08000000      0x298
                0x08000000                . = ALIGN (0x4)
 *(.isr_vector)
 .isr_vector    0x08000000      0x298 startup/startup_stm32h743xx.o
                0x08000000                g_pfnVectors
                0x08000298                . = ALIGN (0x4)

.text           0x080002a0     0x5cd0
                0x080002a0                . = ALIGN (0x4)
 *(.text)
 .text          0x080002a0       0x6c d:/ac6/systemworkbench/plugins/fr.ac6.mcu.externaltools.arm-none.win32_1.15.0.201708311556/tools/compiler/bin/../lib/gcc/arm-none-eabi/6.3.1/thumb/v7e-m/fpv5/hard/crtbegin.o
 .text          0x0800030c       0x30 d:/ac6/systemworkbench/plugins/fr.ac6.mcu.externaltools.arm-none.win32_1.15.0.201708311556/tools/compiler/bin/../lib/gcc/arm-none-eabi/6.3.1/thumb/v7e-m/fpv5/hard\libgcc.a(_aeabi_uldivmod.o)
                0x0800030c                __aeabi_uldivmod
 .text          0x0800033c      0x2dc d:/ac6/systemworkbench/plugins/fr.ac6.mcu.externaltools.arm-none.win32_1.15.0.201708311556/tools/compiler/bin/../lib/gcc/arm-none-eabi/6.3.1/thumb/v7e-m/fpv5/hard\libgcc.a(_udivmoddi4.o)
                0x0800033c                __udivmoddi4
 .text          0x08000618        0x4 d:/ac6/systemworkbench/plugins/fr.ac6.mcu.externaltools.arm-none.win32_1.15.0.201708311556/tools/compiler/bin/../lib/gcc/arm-none-eabi/6.3.1/thumb/v7e-m/fpv5/hard\libgcc.a(_dvmd_tls.o)
                0x08000618                __aeabi_idiv0
                0x08000618                __aeabi_ldiv0
 *(.text*)
 .text.HAL_Init
                0x0800061c       0x1e Drivers/STM32H7xx_HAL_Driver/Src/stm32h7xx_hal.o
                0x0800061c                HAL_Init
 *fill*         0x0800063a        0x2 
 .text.HAL_IncTick
                0x0800063c       0x18 Drivers/STM32H7xx_HAL_Driver/Src/stm32h7xx_hal.o
                0x0800063c                HAL_IncTick
 .text.HAL_GetTick
                0x08000654        0xc Drivers/STM32H7xx_HAL_Driver/Src/stm32h7xx_hal.o
                0x08000654                HAL_GetTick
 .text.HAL_NVIC_SetPriorityGrouping
                0x08000660       0x24 Drivers/STM32H7xx_HAL_Driver/Src/stm32h7xx_hal_cortex.o
                0x08000660                HAL_NVIC_SetPriorityGrouping
 .text.HAL_NVIC_SetPriority
                0x08000684       0x60 Drivers/STM32H7xx_HAL_Driver/Src/stm32h7xx_hal_cortex.o
                0x08000684                HAL_NVIC_SetPriority
 .text.HAL_NVIC_EnableIRQ
                0x080006e4       0x1c Drivers/STM32H7xx_HAL_Driver/Src/stm32h7xx_hal_cortex.o
                0x080006e4                HAL_NVIC_EnableIRQ
 .text.HAL_SYSTICK_Config
                0x08000700       0x2c Drivers/STM32H7xx_HAL_Driver/Src/stm32h7xx_hal_cortex.o
                0x08000700                HAL_SYSTICK_Config
 .text.HAL_SYSTICK_CLKSourceConfig
                0x0800072c       0x20 Drivers/STM32H7xx_HAL_Driver/Src/stm32h7xx_hal_cortex.o
                0x0800072c                HAL_SYSTICK_CLKSourceConfig
 .text.DMA_SetConfig
                0x0800074c       0x94 Drivers/STM32H7xx_HAL_Driver/Src/stm32h7xx_hal_dma.o
 .text.DMA_CalcBaseAndBitshift
                0x080007e0       0x38 Drivers/STM32H7xx_HAL_Driver/Src/stm32h7xx_hal_dma.o
 .text.DMA_CheckFifoParam
                0x08000818       0x92 Drivers/STM32H7xx_HAL_Driver/Src/stm32h7xx_hal_dma.o
 *fill*         0x080008aa        0x2 
 .text.DMA_CalcDMAMUXChannelBaseAndMask
                0x080008ac       0x78 Drivers/STM32H7xx_HAL_Driver/Src/stm32h7xx_hal_dma.o
 .text.DMA_CalcDMAMUXRequestGenBaseAndMask
                0x08000924       0x50 Drivers/STM32H7xx_HAL_Driver/Src/stm32h7xx_hal_dma.o
 .text.HAL_DMA_Init
                0x08000974      0x1ac Drivers/STM32H7xx_HAL_Driver/Src/stm32h7xx_hal_dma.o
                0x08000974                HAL_DMA_Init
 .text.HAL_DMA_Start_IT
                0x08000b20       0xfc Drivers/STM32H7xx_HAL_Driver/Src/stm32h7xx_hal_dma.o
                0x08000b20                HAL_DMA_Start_IT
 .text.HAL_DMA_Abort_IT
                0x08000c1c       0xb4 Drivers/STM32H7xx_HAL_Driver/Src/stm32h7xx_hal_dma.o
                0x08000c1c                HAL_DMA_Abort_IT
 .text.HAL_DMA_IRQHandler
                0x08000cd0      0x340 Drivers/STM32H7xx_HAL_Driver/Src/stm32h7xx_hal_dma.o
                0x08000cd0                HAL_DMA_IRQHandler
 .text.HAL_DMA_GetError
                0x08001010        0x4 Drivers/STM32H7xx_HAL_Driver/Src/stm32h7xx_hal_dma.o
                0x08001010                HAL_DMA_GetError
 .text.HAL_GPIO_Init
                0x08001014      0x1ec Drivers/STM32H7xx_HAL_Driver/Src/stm32h7xx_hal_gpio.o
                0x08001014                HAL_GPIO_Init
 .text.HAL_GPIO_WritePin
                0x08001200        0xa Drivers/STM32H7xx_HAL_Driver/Src/stm32h7xx_hal_gpio.o
                0x08001200                HAL_GPIO_WritePin
 .text.HAL_GPIO_TogglePin
                0x0800120a        0x8 Drivers/STM32H7xx_HAL_Driver/Src/stm32h7xx_hal_gpio.o
                0x0800120a                HAL_GPIO_TogglePin
 *fill*         0x08001212        0x2 
 .text.HAL_RCC_OscConfig
                0x08001214      0x58c Drivers/STM32H7xx_HAL_Driver/Src/stm32h7xx_hal_rcc.o
                0x08001214                HAL_RCC_OscConfig
 .text.HAL_RCC_GetSysClockFreq
                0x080017a0      0x1cc Drivers/STM32H7xx_HAL_Driver/Src/stm32h7xx_hal_rcc.o
                0x080017a0                HAL_RCC_GetSysClockFreq
 .text.HAL_RCC_ClockConfig
                0x0800196c      0x1f0 Drivers/STM32H7xx_HAL_Driver/Src/stm32h7xx_hal_rcc.o
                0x0800196c                HAL_RCC_ClockConfig
 .text.HAL_RCC_GetHCLKFreq
                0x08001b5c       0x34 Drivers/STM32H7xx_HAL_Driver/Src/stm32h7xx_hal_rcc.o
                0x08001b5c                HAL_RCC_GetHCLKFreq
 .text.HAL_RCC_GetPCLK1Freq
                0x08001b90       0x2c Drivers/STM32H7xx_HAL_Driver/Src/stm32h7xx_hal_rcc.o
                0x08001b90                HAL_RCC_GetPCLK1Freq
 .text.HAL_RCC_GetPCLK2Freq
                0x08001bbc       0x2c Drivers/STM32H7xx_HAL_Driver/Src/stm32h7xx_hal_rcc.o
                0x08001bbc                HAL_RCC_GetPCLK2Freq
 .text.HAL_RCC_GetClockConfig
                0x08001be8       0x54 Drivers/STM32H7xx_HAL_Driver/Src/stm32h7xx_hal_rcc.o
                0x08001be8                HAL_RCC_GetClockConfig
 .text.RCCEx_PLL2_Config
                0x08001c3c       0xc0 Drivers/STM32H7xx_HAL_Driver/Src/stm32h7xx_hal_rcc_ex.o
 .text.RCCEx_PLL3_Config
                0x08001cfc       0xc0 Drivers/STM32H7xx_HAL_Driver/Src/stm32h7xx_hal_rcc_ex.o
 .text.HAL_RCCEx_PeriphCLKConfig
                0x08001dbc      0xab0 Drivers/STM32H7xx_HAL_Driver/Src/stm32h7xx_hal_rcc_ex.o
                0x08001dbc                HAL_RCCEx_PeriphCLKConfig
 .text.HAL_RCCEx_GetD3PCLK1Freq
                0x0800286c       0x2c Drivers/STM32H7xx_HAL_Driver/Src/stm32h7xx_hal_rcc_ex.o
                0x0800286c                HAL_RCCEx_GetD3PCLK1Freq
 .text.HAL_RCCEx_GetPLL2ClockFreq
                0x08002898      0x1c8 Drivers/STM32H7xx_HAL_Driver/Src/stm32h7xx_hal_rcc_ex.o
                0x08002898                HAL_RCCEx_GetPLL2ClockFreq
 .text.HAL_RCCEx_GetPLL3ClockFreq
                0x08002a60      0x1c8 Drivers/STM32H7xx_HAL_Driver/Src/stm32h7xx_hal_rcc_ex.o
                0x08002a60                HAL_RCCEx_GetPLL3ClockFreq
 .text.HAL_RCCEx_GetD1SysClockFreq
                0x08002c28       0x34 Drivers/STM32H7xx_HAL_Driver/Src/stm32h7xx_hal_rcc_ex.o
                0x08002c28                HAL_RCCEx_GetD1SysClockFreq
 .text.HAL_TIM_Base_MspInit
                0x08002c5c        0x2 Drivers/STM32H7xx_HAL_Driver/Src/stm32h7xx_hal_tim.o
                0x08002c5c                HAL_TIM_Base_MspInit
 .text.HAL_TIM_Base_Start_IT
                0x08002c5e       0x1a Drivers/STM32H7xx_HAL_Driver/Src/stm32h7xx_hal_tim.o
                0x08002c5e                HAL_TIM_Base_Start_IT
 .text.HAL_TIM_OC_DelayElapsedCallback
                0x08002c78        0x2 Drivers/STM32H7xx_HAL_Driver/Src/stm32h7xx_hal_tim.o
                0x08002c78                HAL_TIM_OC_DelayElapsedCallback
 .text.HAL_TIM_IC_CaptureCallback
                0x08002c7a        0x2 Drivers/STM32H7xx_HAL_Driver/Src/stm32h7xx_hal_tim.o
                0x08002c7a                HAL_TIM_IC_CaptureCallback
 .text.HAL_TIM_PWM_PulseFinishedCallback
                0x08002c7c        0x2 Drivers/STM32H7xx_HAL_Driver/Src/stm32h7xx_hal_tim.o
                0x08002c7c                HAL_TIM_PWM_PulseFinishedCallback
 .text.HAL_TIM_TriggerCallback
                0x08002c7e        0x2 Drivers/STM32H7xx_HAL_Driver/Src/stm32h7xx_hal_tim.o
                0x08002c7e                HAL_TIM_TriggerCallback
 .text.HAL_TIM_IRQHandler
                0x08002c80      0x19a Drivers/STM32H7xx_HAL_Driver/Src/stm32h7xx_hal_tim.o
                0x08002c80                HAL_TIM_IRQHandler
 *fill*         0x08002e1a        0x2 
 .text.TIM_Base_SetConfig
                0x08002e1c      0x104 Drivers/STM32H7xx_HAL_Driver/Src/stm32h7xx_hal_tim.o
                0x08002e1c                TIM_Base_SetConfig
 .text.HAL_TIM_Base_Init
                0x08002f20       0x32 Drivers/STM32H7xx_HAL_Driver/Src/stm32h7xx_hal_tim.o
                0x08002f20                HAL_TIM_Base_Init
 .text.HAL_TIMEx_CommutationCallback
                0x08002f52        0x2 Drivers/STM32H7xx_HAL_Driver/Src/stm32h7xx_hal_tim_ex.o
                0x08002f52                HAL_TIMEx_CommutationCallback
 .text.HAL_TIMEx_BreakCallback
                0x08002f54        0x2 Drivers/STM32H7xx_HAL_Driver/Src/stm32h7xx_hal_tim_ex.o
                0x08002f54                HAL_TIMEx_BreakCallback
 .text.UART_EndTxTransfer
                0x08002f56       0x12 Drivers/STM32H7xx_HAL_Driver/Src/stm32h7xx_hal_uart.o
 .text.UART_EndRxTransfer
                0x08002f68       0x1c Drivers/STM32H7xx_HAL_Driver/Src/stm32h7xx_hal_uart.o
 .text.UART_Transmit_IT
                0x08002f84       0x80 Drivers/STM32H7xx_HAL_Driver/Src/stm32h7xx_hal_uart.o
 .text.HAL_UART_Transmit_DMA
                0x08003004       0x8c Drivers/STM32H7xx_HAL_Driver/Src/stm32h7xx_hal_uart.o
                0x08003004                HAL_UART_Transmit_DMA
 .text.UART_DMATransmitCplt
                0x08003090       0x30 Drivers/STM32H7xx_HAL_Driver/Src/stm32h7xx_hal_uart.o
 .text.UART_EndTransmit_IT
                0x080030c0       0x1a Drivers/STM32H7xx_HAL_Driver/Src/stm32h7xx_hal_uart.o
 .text.HAL_UART_TxHalfCpltCallback
                0x080030da        0x2 Drivers/STM32H7xx_HAL_Driver/Src/stm32h7xx_hal_uart.o
                0x080030da                HAL_UART_TxHalfCpltCallback
 .text.UART_DMATxHalfCplt
                0x080030dc        0xa Drivers/STM32H7xx_HAL_Driver/Src/stm32h7xx_hal_uart.o
 .text.HAL_UART_RxCpltCallback
                0x080030e6        0x2 Drivers/STM32H7xx_HAL_Driver/Src/stm32h7xx_hal_uart.o
                0x080030e6                HAL_UART_RxCpltCallback
 .text.UART_Receive_IT
                0x080030e8       0x84 Drivers/STM32H7xx_HAL_Driver/Src/stm32h7xx_hal_uart.o
 .text.HAL_UART_ErrorCallback
                0x0800316c        0x2 Drivers/STM32H7xx_HAL_Driver/Src/stm32h7xx_hal_uart.o
                0x0800316c                HAL_UART_ErrorCallback
 .text.UART_DMAError
                0x0800316e       0x60 Drivers/STM32H7xx_HAL_Driver/Src/stm32h7xx_hal_uart.o
 *fill*         0x080031ce        0x2 
 .text.HAL_UART_IRQHandler
                0x080031d0      0x18c Drivers/STM32H7xx_HAL_Driver/Src/stm32h7xx_hal_uart.o
                0x080031d0                HAL_UART_IRQHandler
 .text.UART_DMAAbortOnError
                0x0800335c       0x14 Drivers/STM32H7xx_HAL_Driver/Src/stm32h7xx_hal_uart.o
 .text.UART_SetConfig
                0x08003370      0x908 Drivers/STM32H7xx_HAL_Driver/Src/stm32h7xx_hal_uart.o
                0x08003370                UART_SetConfig
 .text.UART_AdvFeatureConfig
                0x08003c78       0xca Drivers/STM32H7xx_HAL_Driver/Src/stm32h7xx_hal_uart.o
                0x08003c78                UART_AdvFeatureConfig
 .text.UART_WaitOnFlagUntilTimeout
                0x08003d42       0x64 Drivers/STM32H7xx_HAL_Driver/Src/stm32h7xx_hal_uart.o
                0x08003d42                UART_WaitOnFlagUntilTimeout
 .text.UART_CheckIdleState
                0x08003da6       0x70 Drivers/STM32H7xx_HAL_Driver/Src/stm32h7xx_hal_uart.o
                0x08003da6                UART_CheckIdleState
 .text.HAL_UART_Init
                0x08003e16       0x68 Drivers/STM32H7xx_HAL_Driver/Src/stm32h7xx_hal_uart.o
                0x08003e16                HAL_UART_Init
 .text.HAL_UARTEx_WakeupCallback
                0x08003e7e        0x2 Drivers/STM32H7xx_HAL_Driver/Src/stm32h7xx_hal_uart_ex.o
                0x08003e7e                HAL_UARTEx_WakeupCallback
 .text.makeFreeRtosPriority
                0x08003e80        0xc Middlewares/Third_Party/FreeRTOS/Source/CMSIS_RTOS/cmsis_os.o
 .text.osKernelStart
                0x08003e8c        0xa Middlewares/Third_Party/FreeRTOS/Source/CMSIS_RTOS/cmsis_os.o
                0x08003e8c                osKernelStart
 .text.osThreadCreate
                0x08003e96       0x6a Middlewares/Third_Party/FreeRTOS/Source/CMSIS_RTOS/cmsis_os.o
                0x08003e96                osThreadCreate
 .text.osDelay  0x08003f00       0x12 Middlewares/Third_Party/FreeRTOS/Source/CMSIS_RTOS/cmsis_os.o
                0x08003f00                osDelay
 .text.osSemaphoreCreate
                0x08003f12       0x4a Middlewares/Third_Party/FreeRTOS/Source/CMSIS_RTOS/cmsis_os.o
                0x08003f12                osSemaphoreCreate
 .text.osSystickHandler
                0x08003f5c       0x10 Middlewares/Third_Party/FreeRTOS/Source/CMSIS_RTOS/cmsis_os.o
                0x08003f5c                osSystickHandler
 .text.vListInitialise
                0x08003f6c       0x16 Middlewares/Third_Party/FreeRTOS/Source/list.o
                0x08003f6c                vListInitialise
 .text.vListInitialiseItem
                0x08003f82        0x6 Middlewares/Third_Party/FreeRTOS/Source/list.o
                0x08003f82                vListInitialiseItem
 .text.vListInsertEnd
                0x08003f88       0x18 Middlewares/Third_Party/FreeRTOS/Source/list.o
                0x08003f88                vListInsertEnd
 .text.vListInsert
                0x08003fa0       0x34 Middlewares/Third_Party/FreeRTOS/Source/list.o
                0x08003fa0                vListInsert
 .text.uxListRemove
                0x08003fd4       0x26 Middlewares/Third_Party/FreeRTOS/Source/list.o
                0x08003fd4                uxListRemove
 .text.prvIsQueueFull
                0x08003ffa       0x1e Middlewares/Third_Party/FreeRTOS/Source/queue.o
 .text.prvIsQueueEmpty
                0x08004018       0x1a Middlewares/Third_Party/FreeRTOS/Source/queue.o
 .text.prvCopyDataToQueue
                0x08004032       0x76 Middlewares/Third_Party/FreeRTOS/Source/queue.o
 .text.prvCopyDataFromQueue
                0x080040a8       0x24 Middlewares/Third_Party/FreeRTOS/Source/queue.o
 .text.prvUnlockQueue
                0x080040cc       0x6e Middlewares/Third_Party/FreeRTOS/Source/queue.o
 *fill*         0x0800413a        0x2 
 .text.xQueueGenericReset
                0x0800413c       0x84 Middlewares/Third_Party/FreeRTOS/Source/queue.o
                0x0800413c                xQueueGenericReset
 .text.prvInitialiseNewQueue
                0x080041c0       0x1c Middlewares/Third_Party/FreeRTOS/Source/queue.o
 .text.xQueueGenericCreateStatic
                0x080041dc       0xbc Middlewares/Third_Party/FreeRTOS/Source/queue.o
                0x080041dc                xQueueGenericCreateStatic
 .text.xQueueGenericCreate
                0x08004298       0x52 Middlewares/Third_Party/FreeRTOS/Source/queue.o
                0x08004298                xQueueGenericCreate
 *fill*         0x080042ea        0x2 
 .text.xQueueGenericSend
                0x080042ec      0x198 Middlewares/Third_Party/FreeRTOS/Source/queue.o
                0x080042ec                xQueueGenericSend
 .text.xQueueGiveFromISR
                0x08004484       0xcc Middlewares/Third_Party/FreeRTOS/Source/queue.o
                0x08004484                xQueueGiveFromISR
 .text.xQueueGenericReceive
                0x08004550      0x1bc Middlewares/Third_Party/FreeRTOS/Source/queue.o
                0x08004550                xQueueGenericReceive
 .text.prvResetNextTaskUnblockTime
                0x0800470c       0x2c Middlewares/Third_Party/FreeRTOS/Source/tasks.o
 .text.prvInitialiseNewTask
                0x08004738       0x80 Middlewares/Third_Party/FreeRTOS/Source/tasks.o
 .text.prvInitialiseTaskLists
                0x080047b8       0x58 Middlewares/Third_Party/FreeRTOS/Source/tasks.o
 .text.prvAddNewTaskToReadyList
                0x08004810       0xac Middlewares/Third_Party/FreeRTOS/Source/tasks.o
 .text.prvDeleteTCB
                0x080048bc       0x3e Middlewares/Third_Party/FreeRTOS/Source/tasks.o
 *fill*         0x080048fa        0x2 
 .text.prvAddCurrentTaskToDelayedList
                0x080048fc       0x90 Middlewares/Third_Party/FreeRTOS/Source/tasks.o
 .text.xTaskCreateStatic
                0x0800498c       0x5e Middlewares/Third_Party/FreeRTOS/Source/tasks.o
                0x0800498c                xTaskCreateStatic
 .text.xTaskCreate
                0x080049ea       0x66 Middlewares/Third_Party/FreeRTOS/Source/tasks.o
                0x080049ea                xTaskCreate
 .text.vTaskStartScheduler
                0x08004a50       0x74 Middlewares/Third_Party/FreeRTOS/Source/tasks.o
                0x08004a50                vTaskStartScheduler
 .text.vTaskSuspendAll
                0x08004ac4       0x14 Middlewares/Third_Party/FreeRTOS/Source/tasks.o
                0x08004ac4                vTaskSuspendAll
 .text.xTaskIncrementTick
                0x08004ad8      0x118 Middlewares/Third_Party/FreeRTOS/Source/tasks.o
                0x08004ad8                xTaskIncrementTick
 .text.xTaskResumeAll
                0x08004bf0       0xf8 Middlewares/Third_Party/FreeRTOS/Source/tasks.o
                0x08004bf0                xTaskResumeAll
 .text.vTaskDelay
                0x08004ce8       0x54 Middlewares/Third_Party/FreeRTOS/Source/tasks.o
                0x08004ce8                vTaskDelay
 .text.prvCheckTasksWaitingTermination
                0x08004d3c       0x54 Middlewares/Third_Party/FreeRTOS/Source/tasks.o
 .text.prvIdleTask
                0x08004d90       0x28 Middlewares/Third_Party/FreeRTOS/Source/tasks.o
 .text.vTaskSwitchContext
                0x08004db8       0x94 Middlewares/Third_Party/FreeRTOS/Source/tasks.o
                0x08004db8                vTaskSwitchContext
 .text.vTaskPlaceOnEventList
                0x08004e4c       0x38 Middlewares/Third_Party/FreeRTOS/Source/tasks.o
                0x08004e4c                vTaskPlaceOnEventList
 .text.xTaskRemoveFromEventList
                0x08004e84       0x88 Middlewares/Third_Party/FreeRTOS/Source/tasks.o
                0x08004e84                xTaskRemoveFromEventList
 .text.vTaskSetTimeOutState
                0x08004f0c       0x2c Middlewares/Third_Party/FreeRTOS/Source/tasks.o
                0x08004f0c                vTaskSetTimeOutState
 .text.xTaskCheckForTimeOut
                0x08004f38       0x88 Middlewares/Third_Party/FreeRTOS/Source/tasks.o
                0x08004f38                xTaskCheckForTimeOut
 .text.vTaskMissedYield
                0x08004fc0       0x10 Middlewares/Third_Party/FreeRTOS/Source/tasks.o
                0x08004fc0                vTaskMissedYield
 .text.xTaskGetSchedulerState
                0x08004fd0       0x20 Middlewares/Third_Party/FreeRTOS/Source/tasks.o
                0x08004fd0                xTaskGetSchedulerState
 .text.vTaskPriorityInherit
                0x08004ff0       0xb0 Middlewares/Third_Party/FreeRTOS/Source/tasks.o
                0x08004ff0                vTaskPriorityInherit
 .text.xTaskPriorityDisinherit
                0x080050a0       0xc0 Middlewares/Third_Party/FreeRTOS/Source/tasks.o
                0x080050a0                xTaskPriorityDisinherit
 .text.pvTaskIncrementMutexHeldCount
                0x08005160       0x20 Middlewares/Third_Party/FreeRTOS/Source/tasks.o
                0x08005160                pvTaskIncrementMutexHeldCount
 .text.prvTaskExitError
                0x08005180       0x3c Middlewares/Third_Party/FreeRTOS/Source/portable/GCC/ARM_CM7/r0p1/port.o
 .text.prvPortStartFirstTask
                0x080051bc       0x20 Middlewares/Third_Party/FreeRTOS/Source/portable/GCC/ARM_CM7/r0p1/port.o
 .text.vPortEnableVFP
                0x080051dc       0x14 Middlewares/Third_Party/FreeRTOS/Source/portable/GCC/ARM_CM7/r0p1/port.o
 .text.pxPortInitialiseStack
                0x080051f0       0x2c Middlewares/Third_Party/FreeRTOS/Source/portable/GCC/ARM_CM7/r0p1/port.o
                0x080051f0                pxPortInitialiseStack
 *fill*         0x0800521c        0x4 
 .text.SVC_Handler
                0x08005220       0x24 Middlewares/Third_Party/FreeRTOS/Source/portable/GCC/ARM_CM7/r0p1/port.o
                0x08005220                SVC_Handler
 .text.vPortEnterCritical
                0x08005244       0x4c Middlewares/Third_Party/FreeRTOS/Source/portable/GCC/ARM_CM7/r0p1/port.o
                0x08005244                vPortEnterCritical
 .text.vPortExitCritical
                0x08005290       0x30 Middlewares/Third_Party/FreeRTOS/Source/portable/GCC/ARM_CM7/r0p1/port.o
                0x08005290                vPortExitCritical
 .text.PendSV_Handler
                0x080052c0       0x64 Middlewares/Third_Party/FreeRTOS/Source/portable/GCC/ARM_CM7/r0p1/port.o
                0x080052c0                PendSV_Handler
 .text.xPortSysTickHandler
                0x08005324       0x30 Middlewares/Third_Party/FreeRTOS/Source/portable/GCC/ARM_CM7/r0p1/port.o
                0x08005324                xPortSysTickHandler
 .text.vPortSetupTimerInterrupt
                0x08005354       0x2c Middlewares/Third_Party/FreeRTOS/Source/portable/GCC/ARM_CM7/r0p1/port.o
                0x08005354                vPortSetupTimerInterrupt
 .text.xPortStartScheduler
                0x08005380       0xa4 Middlewares/Third_Party/FreeRTOS/Source/portable/GCC/ARM_CM7/r0p1/port.o
                0x08005380                xPortStartScheduler
 .text.vPortValidateInterruptPriority
                0x08005424       0x60 Middlewares/Third_Party/FreeRTOS/Source/portable/GCC/ARM_CM7/r0p1/port.o
                0x08005424                vPortValidateInterruptPriority
 .text.prvHeapInit
                0x08005484       0x58 Middlewares/Third_Party/FreeRTOS/Source/portable/MemMang/heap_4.o
 .text.prvInsertBlockIntoFreeList
                0x080054dc       0x58 Middlewares/Third_Party/FreeRTOS/Source/portable/MemMang/heap_4.o
 .text.pvPortMalloc
                0x08005534      0x118 Middlewares/Third_Party/FreeRTOS/Source/portable/MemMang/heap_4.o
                0x08005534                pvPortMalloc
 .text.vPortFree
                0x0800564c       0x7c Middlewares/Third_Party/FreeRTOS/Source/portable/MemMang/heap_4.o
                0x0800564c                vPortFree
 .text.MX_DMA_Init
                0x080056c8       0x60 Src/dma.o
                0x080056c8                MX_DMA_Init
 .text.StartDefaultTask
                0x08005728       0x1c Src/freertos.o
                0x08005728                StartDefaultTask
 .text.StartTxTask
                0x08005744       0x40 Src/freertos.o
                0x08005744                StartTxTask
 .text.vApplicationGetIdleTaskMemory
                0x08005784       0x14 Src/freertos.o
                0x08005784                vApplicationGetIdleTaskMemory
 .text.MX_FREERTOS_Init
                0x08005798       0x6c Src/freertos.o
                0x08005798                MX_FREERTOS_Init
 .text.HAL_UART_TxCpltCallback
                0x08005804       0x2c Src/freertos.o
                0x08005804                HAL_UART_TxCpltCallback
 .text.MX_GPIO_Init
                0x08005830      0x19c Src/gpio.o
                0x08005830                MX_GPIO_Init
 .text.HAL_TIM_PeriodElapsedCallback
                0x080059cc       0x18 Src/main.o
                0x080059cc                HAL_TIM_PeriodElapsedCallback
 .text._Error_Handler
                0x080059e4        0x2 Src/main.o
                0x080059e4                _Error_Handler
 *fill*         0x080059e6        0x2 
 .text.SystemClock_Config
                0x080059e8       0xe0 Src/main.o
                0x080059e8                SystemClock_Config
 .text.main     0x08005ac8       0x24 Src/main.o
                0x08005ac8                main
 .text.HAL_MspInit
                0x08005aec       0x84 Src/stm32h7xx_hal_msp.o
                0x08005aec                HAL_MspInit
 .text.HAL_InitTick
                0x08005b70       0x80 Src/stm32h7xx_hal_timebase_TIM.o
                0x08005b70                HAL_InitTick
 .text.SysTick_Handler
                0x08005bf0        0x8 Src/stm32h7xx_it.o
                0x08005bf0                SysTick_Handler
 .text.DMA1_Stream0_IRQHandler
                0x08005bf8       0x10 Src/stm32h7xx_it.o
                0x08005bf8                DMA1_Stream0_IRQHandler
 .text.TIM1_UP_IRQHandler
                0x08005c08       0x10 Src/stm32h7xx_it.o
                0x08005c08                TIM1_UP_IRQHandler
 .text.USART1_IRQHandler
                0x08005c18       0x10 Src/stm32h7xx_it.o
                0x08005c18                USART1_IRQHandler
 .text.USART3_IRQHandler
                0x08005c28       0x10 Src/stm32h7xx_it.o
                0x08005c28                USART3_IRQHandler
 .text.DMA2_Stream1_IRQHandler
                0x08005c38       0x10 Src/stm32h7xx_it.o
                0x08005c38                DMA2_Stream1_IRQHandler
 .text.SystemInit
                0x08005c48       0x68 Src/system_stm32h7xx.o
                0x08005c48                SystemInit
 .text.MX_USART1_UART_Init
                0x08005cb0       0x4c Src/usart.o
                0x08005cb0                MX_USART1_UART_Init
 .text.MX_USART3_UART_Init
                0x08005cfc       0x4c Src/usart.o
                0x08005cfc                MX_USART3_UART_Init
 .text.HAL_UART_MspInit
                0x08005d48      0x15c Src/usart.o
                0x08005d48                HAL_UART_MspInit
 .text.Reset_Handler
                0x08005ea4       0x50 startup/startup_stm32h743xx.o
                0x08005ea4                Reset_Handler
 .text.Default_Handler
                0x08005ef4        0x2 startup/startup_stm32h743xx.o
                0x08005ef4                RTC_Alarm_IRQHandler
                0x08005ef4                EXTI2_IRQHandler
                0x08005ef4                TIM8_CC_IRQHandler
                0x08005ef4                HRTIM1_Master_IRQHandler
                0x08005ef4                DebugMon_Handler
                0x08005ef4                UART8_IRQHandler
                0x08005ef4                SPI4_IRQHandler
                0x08005ef4                TIM1_CC_IRQHandler
                0x08005ef4                BDMA_Channel6_IRQHandler
                0x08005ef4                DMA2_Stream5_IRQHandler
                0x08005ef4                HardFault_Handler
                0x08005ef4                HRTIM1_FLT_IRQHandler
                0x08005ef4                JPEG_IRQHandler
                0x08005ef4                DMA1_Stream5_IRQHandler
                0x08005ef4                BDMA_Channel1_IRQHandler
                0x08005ef4                HRTIM1_TIMD_IRQHandler
                0x08005ef4                TAMP_STAMP_IRQHandler
                0x08005ef4                NMI_Handler
                0x08005ef4                EXTI3_IRQHandler
                0x08005ef4                LPTIM4_IRQHandler
                0x08005ef4                TIM8_TRG_COM_TIM14_IRQHandler
                0x08005ef4                LPTIM2_IRQHandler
                0x08005ef4                DFSDM1_FLT1_IRQHandler
                0x08005ef4                DMAMUX2_OVR_IRQHandler
                0x08005ef4                TIM8_UP_TIM13_IRQHandler
                0x08005ef4                I2C3_ER_IRQHandler
                0x08005ef4                DFSDM1_FLT2_IRQHandler
                0x08005ef4                MDMA_IRQHandler
                0x08005ef4                LPTIM3_IRQHandler
                0x08005ef4                HSEM1_IRQHandler
                0x08005ef4                EXTI0_IRQHandler
                0x08005ef4                I2C2_EV_IRQHandler
                0x08005ef4                DMA1_Stream2_IRQHandler
                0x08005ef4                FPU_IRQHandler
                0x08005ef4                OTG_HS_WKUP_IRQHandler
                0x08005ef4                FDCAN1_IT1_IRQHandler
                0x08005ef4                UsageFault_Handler
                0x08005ef4                LTDC_ER_IRQHandler
                0x08005ef4                DMA2_Stream2_IRQHandler
                0x08005ef4                HRTIM1_TIME_IRQHandler
                0x08005ef4                SPI1_IRQHandler
                0x08005ef4                TIM6_DAC_IRQHandler
                0x08005ef4                DCMI_IRQHandler
                0x08005ef4                HRTIM1_TIMC_IRQHandler
                0x08005ef4                DMA2_Stream3_IRQHandler
                0x08005ef4                SAI2_IRQHandler
                0x08005ef4                DFSDM1_FLT3_IRQHandler
                0x08005ef4                USART6_IRQHandler
                0x08005ef4                TIM17_IRQHandler
                0x08005ef4                BDMA_Channel7_IRQHandler
                0x08005ef4                LPTIM5_IRQHandler
                0x08005ef4                UART5_IRQHandler
                0x08005ef4                ADC3_IRQHandler
                0x08005ef4                DMA2_Stream0_IRQHandler
                0x08005ef4                TIM4_IRQHandler
                0x08005ef4                BDMA_Channel2_IRQHandler
                0x08005ef4                QUADSPI_IRQHandler
                0x08005ef4                I2C1_EV_IRQHandler
                0x08005ef4                DMA1_Stream6_IRQHandler
                0x08005ef4                DMAMUX1_OVR_IRQHandler
                0x08005ef4                DMA1_Stream1_IRQHandler
                0x08005ef4                TIM16_IRQHandler
                0x08005ef4                UART4_IRQHandler
                0x08005ef4                BDMA_Channel5_IRQHandler
                0x08005ef4                TIM3_IRQHandler
                0x08005ef4                RCC_IRQHandler
                0x08005ef4                TIM8_BRK_TIM12_IRQHandler
                0x08005ef4                TIM1_TRG_COM_IRQHandler
                0x08005ef4                Default_Handler
                0x08005ef4                CEC_IRQHandler
                0x08005ef4                EXTI15_10_IRQHandler
                0x08005ef4                BDMA_Channel0_IRQHandler
                0x08005ef4                ADC_IRQHandler
                0x08005ef4                DMA1_Stream7_IRQHandler
                0x08005ef4                HRTIM1_TIMA_IRQHandler
                0x08005ef4                SPI5_IRQHandler
                0x08005ef4                TIM7_IRQHandler
                0x08005ef4                SDMMC1_IRQHandler
                0x08005ef4                TIM5_IRQHandler
                0x08005ef4                DMA2_Stream7_IRQHandler
                0x08005ef4                TIM15_IRQHandler
                0x08005ef4                PVD_AVD_IRQHandler
                0x08005ef4                I2C3_EV_IRQHandler
                0x08005ef4                EXTI9_5_IRQHandler
                0x08005ef4                RTC_WKUP_IRQHandler
                0x08005ef4                LTDC_IRQHandler
                0x08005ef4                SAI3_IRQHandler
                0x08005ef4                ETH_WKUP_IRQHandler
                0x08005ef4                SPDIF_RX_IRQHandler
                0x08005ef4                SPI2_IRQHandler
                0x08005ef4                OTG_HS_EP1_IN_IRQHandler
                0x08005ef4                MemManage_Handler
                0x08005ef4                CRS_IRQHandler
                0x08005ef4                EXTI4_IRQHandler
                0x08005ef4                RNG_IRQHandler
                0x08005ef4                HRTIM1_TIMB_IRQHandler
                0x08005ef4                FDCAN2_IT1_IRQHandler
                0x08005ef4                ETH_IRQHandler
                0x08005ef4                BDMA_Channel4_IRQHandler
                0x08005ef4                OTG_HS_EP1_OUT_IRQHandler
                0x08005ef4                WWDG_IRQHandler
                0x08005ef4                SPI6_IRQHandler
                0x08005ef4                MDIOS_IRQHandler
                0x08005ef4                I2C4_EV_IRQHandler
                0x08005ef4                FDCAN2_IT0_IRQHandler
                0x08005ef4                LPUART1_IRQHandler
                0x08005ef4                FDCAN1_IT0_IRQHandler
                0x08005ef4                TIM2_IRQHandler
                0x08005ef4                OTG_FS_WKUP_IRQHandler
                0x08005ef4                OTG_HS_IRQHandler
                0x08005ef4                DMA2D_IRQHandler
                0x08005ef4                TIM1_BRK_IRQHandler
                0x08005ef4                EXTI1_IRQHandler
                0x08005ef4                SDMMC2_IRQHandler
                0x08005ef4                OTG_FS_EP1_OUT_IRQHandler
                0x08005ef4                BDMA_Channel3_IRQHandler
                0x08005ef4                UART7_IRQHandler
                0x08005ef4                MDIOS_WKUP_IRQHandler
                0x08005ef4                USART2_IRQHandler
                0x08005ef4                DFSDM1_FLT0_IRQHandler
                0x08005ef4                SAI4_IRQHandler
                0x08005ef4                I2C2_ER_IRQHandler
                0x08005ef4                FLASH_IRQHandler
                0x08005ef4                DMA2_Stream4_IRQHandler
                0x08005ef4                BusFault_Handler
                0x08005ef4                OTG_FS_IRQHandler
                0x08005ef4                SPI3_IRQHandler
                0x08005ef4                WAKEUP_PIN_IRQHandler
                0x08005ef4                DMA1_Stream4_IRQHandler
                0x08005ef4                OTG_FS_EP1_IN_IRQHandler
                0x08005ef4                I2C1_ER_IRQHandler
                0x08005ef4                FMC_IRQHandler
                0x08005ef4                FDCAN_CAL_IRQHandler
                0x08005ef4                SWPMI1_IRQHandler
                0x08005ef4                COMP1_IRQHandler
                0x08005ef4                LPTIM1_IRQHandler
                0x08005ef4                I2C4_ER_IRQHandler
                0x08005ef4                DMA2_Stream6_IRQHandler
                0x08005ef4                SAI1_IRQHandler
                0x08005ef4                DMA1_Stream3_IRQHandler
 *fill*         0x08005ef6        0x2 
 .text.__libc_init_array
                0x08005ef8       0x48 d:/ac6/systemworkbench/plugins/fr.ac6.mcu.externaltools.arm-none.win32_1.15.0.201708311556/tools/compiler/bin/../lib/gcc/arm-none-eabi/6.3.1/../../../../arm-none-eabi/lib/thumb/v7e-m/fpv5/hard\libc_nano.a(lib_a-init.o)
                0x08005ef8                __libc_init_array
 .text.memcpy   0x08005f40       0x16 d:/ac6/systemworkbench/plugins/fr.ac6.mcu.externaltools.arm-none.win32_1.15.0.201708311556/tools/compiler/bin/../lib/gcc/arm-none-eabi/6.3.1/../../../../arm-none-eabi/lib/thumb/v7e-m/fpv5/hard\libc_nano.a(lib_a-memcpy-stub.o)
                0x08005f40                memcpy
 *(.glue_7)
 .glue_7        0x08005f56        0x0 linker stubs
 *(.glue_7t)
 .glue_7t       0x08005f56        0x0 linker stubs
 *(.eh_frame)
 *fill*         0x08005f56        0x2 
 .eh_frame      0x08005f58        0x0 d:/ac6/systemworkbench/plugins/fr.ac6.mcu.externaltools.arm-none.win32_1.15.0.201708311556/tools/compiler/bin/../lib/gcc/arm-none-eabi/6.3.1/thumb/v7e-m/fpv5/hard/crtbegin.o
 *(.init)
 .init          0x08005f58        0x4 d:/ac6/systemworkbench/plugins/fr.ac6.mcu.externaltools.arm-none.win32_1.15.0.201708311556/tools/compiler/bin/../lib/gcc/arm-none-eabi/6.3.1/thumb/v7e-m/fpv5/hard/crti.o
                0x08005f58                _init
 .init          0x08005f5c        0x8 d:/ac6/systemworkbench/plugins/fr.ac6.mcu.externaltools.arm-none.win32_1.15.0.201708311556/tools/compiler/bin/../lib/gcc/arm-none-eabi/6.3.1/thumb/v7e-m/fpv5/hard/crtn.o
 *(.fini)
 .fini          0x08005f64        0x4 d:/ac6/systemworkbench/plugins/fr.ac6.mcu.externaltools.arm-none.win32_1.15.0.201708311556/tools/compiler/bin/../lib/gcc/arm-none-eabi/6.3.1/thumb/v7e-m/fpv5/hard/crti.o
                0x08005f64                _fini
 .fini          0x08005f68        0x8 d:/ac6/systemworkbench/plugins/fr.ac6.mcu.externaltools.arm-none.win32_1.15.0.201708311556/tools/compiler/bin/../lib/gcc/arm-none-eabi/6.3.1/thumb/v7e-m/fpv5/hard/crtn.o
                0x08005f70                . = ALIGN (0x4)
                0x08005f70                _etext = .

.vfp11_veneer   0x08005f70        0x0
 .vfp11_veneer  0x08005f70        0x0 linker stubs

.v4_bx          0x08005f70        0x0
 .v4_bx         0x08005f70        0x0 linker stubs

.iplt           0x08005f70        0x0
 .iplt          0x08005f70        0x0 d:/ac6/systemworkbench/plugins/fr.ac6.mcu.externaltools.arm-none.win32_1.15.0.201708311556/tools/compiler/bin/../lib/gcc/arm-none-eabi/6.3.1/thumb/v7e-m/fpv5/hard/crtbegin.o

.rodata         0x08005f70       0xb0
                0x08005f70                . = ALIGN (0x4)
 *(.rodata)
 .rodata        0x08005f70        0x8 Drivers/STM32H7xx_HAL_Driver/Src/stm32h7xx_hal_dma.o
 .rodata        0x08005f78       0x18 Drivers/STM32H7xx_HAL_Driver/Src/stm32h7xx_hal_uart.o
 .rodata        0x08005f90       0x38 Src/freertos.o
 .rodata        0x08005fc8       0x10 Src/system_stm32h7xx.o
                0x08005fc8                D1CorePrescTable
 *(.rodata*)
 .rodata.str1.4
                0x08005fd8        0x5 Middlewares/Third_Party/FreeRTOS/Source/tasks.o
 *fill*         0x08005fdd        0x3 
 .rodata.str1.4
                0x08005fe0       0x20 Src/freertos.o
 .rodata.str1.4
                0x08006000        0xe Src/main.o
 *fill*         0x0800600e        0x2 
 .rodata.str1.4
                0x08006010       0x10 Src/usart.o
                                  0xf (size before relaxing)
                0x08006020                . = ALIGN (0x4)

.ARM.extab
 *(.ARM.extab* .gnu.linkonce.armextab.*)

.ARM            0x08006020        0x8
                0x08006020                __exidx_start = .
 *(.ARM.exidx*)
 .ARM.exidx     0x08006020        0x8 d:/ac6/systemworkbench/plugins/fr.ac6.mcu.externaltools.arm-none.win32_1.15.0.201708311556/tools/compiler/bin/../lib/gcc/arm-none-eabi/6.3.1/thumb/v7e-m/fpv5/hard\libgcc.a(_udivmoddi4.o)
                0x08006028                __exidx_end = .

.rel.dyn        0x08006028        0x0
 .rel.iplt      0x08006028        0x0 d:/ac6/systemworkbench/plugins/fr.ac6.mcu.externaltools.arm-none.win32_1.15.0.201708311556/tools/compiler/bin/../lib/gcc/arm-none-eabi/6.3.1/thumb/v7e-m/fpv5/hard/crtbegin.o

.preinit_array  0x08006028        0x0
                0x08006028                PROVIDE (__preinit_array_start, .)
 *(.preinit_array*)
                0x08006028                PROVIDE (__preinit_array_end, .)

.init_array     0x08006028        0x4
                0x08006028                PROVIDE (__init_array_start, .)
 *(SORT(.init_array.*))
 *(.init_array*)
 .init_array    0x08006028        0x4 d:/ac6/systemworkbench/plugins/fr.ac6.mcu.externaltools.arm-none.win32_1.15.0.201708311556/tools/compiler/bin/../lib/gcc/arm-none-eabi/6.3.1/thumb/v7e-m/fpv5/hard/crtbegin.o
                0x0800602c                PROVIDE (__init_array_end, .)

.fini_array     0x0800602c        0x4
                [!provide]                PROVIDE (__fini_array_start, .)
 *(SORT(.fini_array.*))
 *(.fini_array*)
 .fini_array    0x0800602c        0x4 d:/ac6/systemworkbench/plugins/fr.ac6.mcu.externaltools.arm-none.win32_1.15.0.201708311556/tools/compiler/bin/../lib/gcc/arm-none-eabi/6.3.1/thumb/v7e-m/fpv5/hard/crtbegin.o
                [!provide]                PROVIDE (__fini_array_end, .)
                0x08006030                _sidata = LOADADDR (.data)

.data           0x20000000       0x14 load address 0x08006030
                0x20000000                . = ALIGN (0x4)
                0x20000000                _sdata = .
 *(.data)
 .data          0x20000000        0x8 Drivers/STM32H7xx_HAL_Driver/Src/stm32h7xx_hal.o
 .data          0x20000008        0x4 Middlewares/Third_Party/FreeRTOS/Source/portable/GCC/ARM_CM7/r0p1/port.o
 .data          0x2000000c        0x8 Src/system_stm32h7xx.o
                0x2000000c                SystemCoreClock
                0x20000010                SystemD2Clock
 *(.data*)
                0x20000014                . = ALIGN (0x4)
                0x20000014                _edata = .

.jcr            0x20000014        0x0 load address 0x08006044
 .jcr           0x20000014        0x0 d:/ac6/systemworkbench/plugins/fr.ac6.mcu.externaltools.arm-none.win32_1.15.0.201708311556/tools/compiler/bin/../lib/gcc/arm-none-eabi/6.3.1/thumb/v7e-m/fpv5/hard/crtbegin.o

.igot.plt       0x20000014        0x0 load address 0x08006044
 .igot.plt      0x20000014        0x0 d:/ac6/systemworkbench/plugins/fr.ac6.mcu.externaltools.arm-none.win32_1.15.0.201708311556/tools/compiler/bin/../lib/gcc/arm-none-eabi/6.3.1/thumb/v7e-m/fpv5/hard/crtbegin.o
                0x20000014                . = ALIGN (0x4)

.bss            0x20000014     0x4494 load address 0x08006044
                0x20000014                _sbss = .
                0x20000014                __bss_start__ = _sbss
 *(.bss)
 .bss           0x20000014       0x1c d:/ac6/systemworkbench/plugins/fr.ac6.mcu.externaltools.arm-none.win32_1.15.0.201708311556/tools/compiler/bin/../lib/gcc/arm-none-eabi/6.3.1/thumb/v7e-m/fpv5/hard/crtbegin.o
 .bss           0x20000030        0x4 Drivers/STM32H7xx_HAL_Driver/Src/stm32h7xx_hal.o
 .bss           0x20000034      0x128 Middlewares/Third_Party/FreeRTOS/Source/tasks.o
                0x20000134                pxCurrentTCB
 .bss           0x2000015c        0x8 Middlewares/Third_Party/FreeRTOS/Source/portable/GCC/ARM_CM7/r0p1/port.o
 .bss           0x20000164     0x3c18 Middlewares/Third_Party/FreeRTOS/Source/portable/MemMang/heap_4.o
 .bss           0x20003d7c      0x254 Src/freertos.o
 *(.bss*)
 *(COMMON)
 COMMON         0x20003fd0      0x2a8 Src/freertos.o
                0x20003fd0                txTaskHandle
                0x20003fd4                defaultTaskHandle
                0x20003fd8                semTxControlBlock
                0x20004020                semTxHandle
                0x20004024                txTaskBuffer
                0x20004224                txTaskControlBlock
 COMMON         0x20004278       0x40 Src/stm32h7xx_hal_timebase_TIM.o
                0x20004278                htim1
 COMMON         0x200042b8      0x1f0 Src/usart.o
                0x200042b8                huart3
                0x20004338                hdma_usart3_tx
                0x200043b0                hdma_usart1_tx
                0x20004428                huart1
                0x200044a8                . = ALIGN (0x4)
                0x200044a8                _ebss = .
                0x200044a8                __bss_end__ = _ebss

._user_heap_stack
                0x200044a8      0x600 load address 0x08006044
                0x200044a8                . = ALIGN (0x8)
                [!provide]                PROVIDE (end, .)
                [!provide]                PROVIDE (_end, .)
                0x200046a8                . = (. + _Min_Heap_Size)
 *fill*         0x200044a8      0x200 
                0x20004aa8                . = (. + _Min_Stack_Size)
 *fill*         0x200046a8      0x400 
                0x20004aa8                . = ALIGN (0x8)

/DISCARD/
 libc.a(*)
 libm.a(*)
 libgcc.a(*)

.ARM.attributes
                0x00000000       0x2e
 *(.ARM.attributes)
 .ARM.attributes
                0x00000000       0x20 d:/ac6/systemworkbench/plugins/fr.ac6.mcu.externaltools.arm-none.win32_1.15.0.201708311556/tools/compiler/bin/../lib/gcc/arm-none-eabi/6.3.1/thumb/v7e-m/fpv5/hard/crti.o
 .ARM.attributes
                0x00000020       0x32 d:/ac6/systemworkbench/plugins/fr.ac6.mcu.externaltools.arm-none.win32_1.15.0.201708311556/tools/compiler/bin/../lib/gcc/arm-none-eabi/6.3.1/thumb/v7e-m/fpv5/hard/crtbegin.o
 .ARM.attributes
                0x00000052       0x37 Drivers/STM32H7xx_HAL_Driver/Src/stm32h7xx_hal.o
 .ARM.attributes
                0x00000089       0x37 Drivers/STM32H7xx_HAL_Driver/Src/stm32h7xx_hal_cortex.o
 .ARM.attributes
                0x000000c0       0x37 Drivers/STM32H7xx_HAL_Driver/Src/stm32h7xx_hal_dma.o
 .ARM.attributes
                0x000000f7       0x37 Drivers/STM32H7xx_HAL_Driver/Src/stm32h7xx_hal_gpio.o
 .ARM.attributes
                0x0000012e       0x37 Drivers/STM32H7xx_HAL_Driver/Src/stm32h7xx_hal_rcc.o
 .ARM.attributes
                0x00000165       0x37 Drivers/STM32H7xx_HAL_Driver/Src/stm32h7xx_hal_rcc_ex.o
 .ARM.attributes
                0x0000019c       0x37 Drivers/STM32H7xx_HAL_Driver/Src/stm32h7xx_hal_tim.o
 .ARM.attributes
                0x000001d3       0x37 Drivers/STM32H7xx_HAL_Driver/Src/stm32h7xx_hal_tim_ex.o
 .ARM.attributes
                0x0000020a       0x37 Drivers/STM32H7xx_HAL_Driver/Src/stm32h7xx_hal_uart.o
 .ARM.attributes
                0x00000241       0x37 Drivers/STM32H7xx_HAL_Driver/Src/stm32h7xx_hal_uart_ex.o
 .ARM.attributes
                0x00000278       0x37 Middlewares/Third_Party/FreeRTOS/Source/CMSIS_RTOS/cmsis_os.o
 .ARM.attributes
                0x000002af       0x37 Middlewares/Third_Party/FreeRTOS/Source/list.o
 .ARM.attributes
                0x000002e6       0x37 Middlewares/Third_Party/FreeRTOS/Source/queue.o
 .ARM.attributes
                0x0000031d       0x37 Middlewares/Third_Party/FreeRTOS/Source/tasks.o
 .ARM.attributes
                0x00000354       0x37 Middlewares/Third_Party/FreeRTOS/Source/portable/GCC/ARM_CM7/r0p1/port.o
 .ARM.attributes
                0x0000038b       0x37 Middlewares/Third_Party/FreeRTOS/Source/portable/MemMang/heap_4.o
 .ARM.attributes
                0x000003c2       0x37 Src/dma.o
 .ARM.attributes
                0x000003f9       0x37 Src/freertos.o
 .ARM.attributes
                0x00000430       0x37 Src/gpio.o
 .ARM.attributes
                0x00000467       0x37 Src/main.o
 .ARM.attributes
                0x0000049e       0x37 Src/stm32h7xx_hal_msp.o
 .ARM.attributes
                0x000004d5       0x37 Src/stm32h7xx_hal_timebase_TIM.o
 .ARM.attributes
                0x0000050c       0x37 Src/stm32h7xx_it.o
 .ARM.attributes
                0x00000543       0x37 Src/system_stm32h7xx.o
 .ARM.attributes
                0x0000057a       0x37 Src/usart.o
 .ARM.attributes
                0x000005b1       0x21 startup/startup_stm32h743xx.o
 .ARM.attributes
                0x000005d2       0x20 d:/ac6/systemworkbench/plugins/fr.ac6.mcu.externaltools.arm-none.win32_1.15.0.201708311556/tools/compiler/bin/../lib/gcc/arm-none-eabi/6.3.1/thumb/v7e-m/fpv5/hard\libgcc.a(_aeabi_uldivmod.o)
 .ARM.attributes
                0x000005f2       0x32 d:/ac6/systemworkbench/plugins/fr.ac6.mcu.externaltools.arm-none.win32_1.15.0.201708311556/tools/compiler/bin/../lib/gcc/arm-none-eabi/6.3.1/thumb/v7e-m/fpv5/hard\libgcc.a(_udivmoddi4.o)
 .ARM.attributes
                0x00000624       0x20 d:/ac6/systemworkbench/plugins/fr.ac6.mcu.externaltools.arm-none.win32_1.15.0.201708311556/tools/compiler/bin/../lib/gcc/arm-none-eabi/6.3.1/thumb/v7e-m/fpv5/hard\libgcc.a(_dvmd_tls.o)
 .ARM.attributes
                0x00000644       0x32 d:/ac6/systemworkbench/plugins/fr.ac6.mcu.externaltools.arm-none.win32_1.15.0.201708311556/tools/compiler/bin/../lib/gcc/arm-none-eabi/6.3.1/../../../../arm-none-eabi/lib/thumb/v7e-m/fpv5/hard\libc_nano.a(lib_a-init.o)
 .ARM.attributes
                0x00000676       0x32 d:/ac6/systemworkbench/plugins/fr.ac6.mcu.externaltools.arm-none.win32_1.15.0.201708311556/tools/compiler/bin/../lib/gcc/arm-none-eabi/6.3.1/../../../../arm-none-eabi/lib/thumb/v7e-m/fpv5/hard\libc_nano.a(lib_a-memcpy-stub.o)
 .ARM.attributes
                0x000006a8       0x20 d:/ac6/systemworkbench/plugins/fr.ac6.mcu.externaltools.arm-none.win32_1.15.0.201708311556/tools/compiler/bin/../lib/gcc/arm-none-eabi/6.3.1/thumb/v7e-m/fpv5/hard/crtn.o
OUTPUT(STM32H7_DMA_Test_2018May26.elf elf32-littlearm)

.debug_info     0x00000000    0x28543
 .debug_info    0x00000000     0x1d4d Drivers/STM32H7xx_HAL_Driver/Src/stm32h7xx_hal.o
 .debug_info    0x00001d4d     0x1a5e Drivers/STM32H7xx_HAL_Driver/Src/stm32h7xx_hal_cortex.o
 .debug_info    0x000037ab     0x158b Drivers/STM32H7xx_HAL_Driver/Src/stm32h7xx_hal_dma.o
 .debug_info    0x00004d36     0x14ad Drivers/STM32H7xx_HAL_Driver/Src/stm32h7xx_hal_gpio.o
 .debug_info    0x000061e3     0x1b17 Drivers/STM32H7xx_HAL_Driver/Src/stm32h7xx_hal_rcc.o
 .debug_info    0x00007cfa     0x20b3 Drivers/STM32H7xx_HAL_Driver/Src/stm32h7xx_hal_rcc_ex.o
 .debug_info    0x00009dad     0x3914 Drivers/STM32H7xx_HAL_Driver/Src/stm32h7xx_hal_tim.o
 .debug_info    0x0000d6c1     0x1e79 Drivers/STM32H7xx_HAL_Driver/Src/stm32h7xx_hal_tim_ex.o
 .debug_info    0x0000f53a     0x275b Drivers/STM32H7xx_HAL_Driver/Src/stm32h7xx_hal_uart.o
 .debug_info    0x00011c95     0x12dd Drivers/STM32H7xx_HAL_Driver/Src/stm32h7xx_hal_uart_ex.o
 .debug_info    0x00012f72     0x2740 Middlewares/Third_Party/FreeRTOS/Source/CMSIS_RTOS/cmsis_os.o
 .debug_info    0x000156b2      0xad4 Middlewares/Third_Party/FreeRTOS/Source/list.o
 .debug_info    0x00016186     0x22f8 Middlewares/Third_Party/FreeRTOS/Source/queue.o
 .debug_info    0x0001847e     0x2bc0 Middlewares/Third_Party/FreeRTOS/Source/tasks.o
 .debug_info    0x0001b03e      0x4f0 Middlewares/Third_Party/FreeRTOS/Source/portable/GCC/ARM_CM7/r0p1/port.o
 .debug_info    0x0001b52e      0xc78 Middlewares/Third_Party/FreeRTOS/Source/portable/MemMang/heap_4.o
 .debug_info    0x0001c1a6     0x1157 Src/dma.o
 .debug_info    0x0001d2fd     0x17a9 Src/freertos.o
 .debug_info    0x0001eaa6     0x1039 Src/gpio.o
 .debug_info    0x0001fadf     0x1ddf Src/main.o
 .debug_info    0x000218be     0x11be Src/stm32h7xx_hal_msp.o
 .debug_info    0x00022a7c     0x18b8 Src/stm32h7xx_hal_timebase_TIM.o
 .debug_info    0x00024334     0x13f2 Src/stm32h7xx_it.o
 .debug_info    0x00025726     0x119f Src/system_stm32h7xx.o
 .debug_info    0x000268c5     0x1bbf Src/usart.o
 .debug_info    0x00028484       0xbf startup/startup_stm32h743xx.o

.debug_abbrev   0x00000000     0x488d
 .debug_abbrev  0x00000000      0x379 Drivers/STM32H7xx_HAL_Driver/Src/stm32h7xx_hal.o
 .debug_abbrev  0x00000379      0x3fd Drivers/STM32H7xx_HAL_Driver/Src/stm32h7xx_hal_cortex.o
 .debug_abbrev  0x00000776      0x319 Drivers/STM32H7xx_HAL_Driver/Src/stm32h7xx_hal_dma.o
 .debug_abbrev  0x00000a8f      0x2df Drivers/STM32H7xx_HAL_Driver/Src/stm32h7xx_hal_gpio.o
 .debug_abbrev  0x00000d6e      0x358 Drivers/STM32H7xx_HAL_Driver/Src/stm32h7xx_hal_rcc.o
 .debug_abbrev  0x000010c6      0x387 Drivers/STM32H7xx_HAL_Driver/Src/stm32h7xx_hal_rcc_ex.o
 .debug_abbrev  0x0000144d      0x2eb Drivers/STM32H7xx_HAL_Driver/Src/stm32h7xx_hal_tim.o
 .debug_abbrev  0x00001738      0x2eb Drivers/STM32H7xx_HAL_Driver/Src/stm32h7xx_hal_tim_ex.o
 .debug_abbrev  0x00001a23      0x33b Drivers/STM32H7xx_HAL_Driver/Src/stm32h7xx_hal_uart.o
 .debug_abbrev  0x00001d5e      0x2cd Drivers/STM32H7xx_HAL_Driver/Src/stm32h7xx_hal_uart_ex.o
 .debug_abbrev  0x0000202b      0x3d0 Middlewares/Third_Party/FreeRTOS/Source/CMSIS_RTOS/cmsis_os.o
 .debug_abbrev  0x000023fb      0x21c Middlewares/Third_Party/FreeRTOS/Source/list.o
 .debug_abbrev  0x00002617      0x38e Middlewares/Third_Party/FreeRTOS/Source/queue.o
 .debug_abbrev  0x000029a5      0x3cd Middlewares/Third_Party/FreeRTOS/Source/tasks.o
 .debug_abbrev  0x00002d72      0x216 Middlewares/Third_Party/FreeRTOS/Source/portable/GCC/ARM_CM7/r0p1/port.o
 .debug_abbrev  0x00002f88      0x318 Middlewares/Third_Party/FreeRTOS/Source/portable/MemMang/heap_4.o
 .debug_abbrev  0x000032a0      0x24e Src/dma.o
 .debug_abbrev  0x000034ee      0x284 Src/freertos.o
 .debug_abbrev  0x00003772      0x245 Src/gpio.o
 .debug_abbrev  0x000039b7      0x2a6 Src/main.o
 .debug_abbrev  0x00003c5d      0x24e Src/stm32h7xx_hal_msp.o
 .debug_abbrev  0x00003eab      0x2b1 Src/stm32h7xx_hal_timebase_TIM.o
 .debug_abbrev  0x0000415c      0x214 Src/stm32h7xx_it.o
 .debug_abbrev  0x00004370      0x274 Src/system_stm32h7xx.o
 .debug_abbrev  0x000045e4      0x297 Src/usart.o
 .debug_abbrev  0x0000487b       0x12 startup/startup_stm32h743xx.o

.debug_loc      0x00000000     0xe3ba
 .debug_loc     0x00000000      0x426 Drivers/STM32H7xx_HAL_Driver/Src/stm32h7xx_hal.o
 .debug_loc     0x00000426      0x5e7 Drivers/STM32H7xx_HAL_Driver/Src/stm32h7xx_hal_cortex.o
 .debug_loc     0x00000a0d      0xf28 Drivers/STM32H7xx_HAL_Driver/Src/stm32h7xx_hal_dma.o
 .debug_loc     0x00001935      0x3de Drivers/STM32H7xx_HAL_Driver/Src/stm32h7xx_hal_gpio.o
 .debug_loc     0x00001d13      0x739 Drivers/STM32H7xx_HAL_Driver/Src/stm32h7xx_hal_rcc.o
 .debug_loc     0x0000244c     0x16c7 Drivers/STM32H7xx_HAL_Driver/Src/stm32h7xx_hal_rcc_ex.o
 .debug_loc     0x00003b13     0x374b Drivers/STM32H7xx_HAL_Driver/Src/stm32h7xx_hal_tim.o
 .debug_loc     0x0000725e     0x16ab Drivers/STM32H7xx_HAL_Driver/Src/stm32h7xx_hal_tim_ex.o
 .debug_loc     0x00008909     0x196e Drivers/STM32H7xx_HAL_Driver/Src/stm32h7xx_hal_uart.o
 .debug_loc     0x0000a277      0x38c Drivers/STM32H7xx_HAL_Driver/Src/stm32h7xx_hal_uart_ex.o
 .debug_loc     0x0000a603     0x1088 Middlewares/Third_Party/FreeRTOS/Source/CMSIS_RTOS/cmsis_os.o
 .debug_loc     0x0000b68b       0x70 Middlewares/Third_Party/FreeRTOS/Source/list.o
 .debug_loc     0x0000b6fb      0xfee Middlewares/Third_Party/FreeRTOS/Source/queue.o
 .debug_loc     0x0000c6e9     0x1590 Middlewares/Third_Party/FreeRTOS/Source/tasks.o
 .debug_loc     0x0000dc79       0xdc Middlewares/Third_Party/FreeRTOS/Source/portable/GCC/ARM_CM7/r0p1/port.o
 .debug_loc     0x0000dd55      0x291 Middlewares/Third_Party/FreeRTOS/Source/portable/MemMang/heap_4.o
 .debug_loc     0x0000dfe6       0x63 Src/freertos.o
 .debug_loc     0x0000e049       0x3a Src/main.o
 .debug_loc     0x0000e083       0x79 Src/stm32h7xx_hal_timebase_TIM.o
 .debug_loc     0x0000e0fc      0x22a Src/system_stm32h7xx.o
 .debug_loc     0x0000e326       0x94 Src/usart.o

.debug_aranges  0x00000000     0x12e8
 .debug_aranges
                0x00000000      0x1a0 Drivers/STM32H7xx_HAL_Driver/Src/stm32h7xx_hal.o
 .debug_aranges
                0x000001a0       0xa0 Drivers/STM32H7xx_HAL_Driver/Src/stm32h7xx_hal_cortex.o
 .debug_aranges
                0x00000240       0xa0 Drivers/STM32H7xx_HAL_Driver/Src/stm32h7xx_hal_dma.o
 .debug_aranges
                0x000002e0       0x58 Drivers/STM32H7xx_HAL_Driver/Src/stm32h7xx_hal_gpio.o
 .debug_aranges
                0x00000338       0x80 Drivers/STM32H7xx_HAL_Driver/Src/stm32h7xx_hal_rcc.o
 .debug_aranges
                0x000003b8       0xe0 Drivers/STM32H7xx_HAL_Driver/Src/stm32h7xx_hal_rcc_ex.o
 .debug_aranges
                0x00000498      0x378 Drivers/STM32H7xx_HAL_Driver/Src/stm32h7xx_hal_tim.o
 .debug_aranges
                0x00000810      0x158 Drivers/STM32H7xx_HAL_Driver/Src/stm32h7xx_hal_tim_ex.o
 .debug_aranges
                0x00000968      0x1e8 Drivers/STM32H7xx_HAL_Driver/Src/stm32h7xx_hal_uart.o
 .debug_aranges
                0x00000b50       0x50 Drivers/STM32H7xx_HAL_Driver/Src/stm32h7xx_hal_uart_ex.o
 .debug_aranges
                0x00000ba0      0x1d8 Middlewares/Third_Party/FreeRTOS/Source/CMSIS_RTOS/cmsis_os.o
 .debug_aranges
                0x00000d78       0x40 Middlewares/Third_Party/FreeRTOS/Source/list.o
 .debug_aranges
                0x00000db8       0xf0 Middlewares/Third_Party/FreeRTOS/Source/queue.o
 .debug_aranges
                0x00000ea8      0x198 Middlewares/Third_Party/FreeRTOS/Source/tasks.o
 .debug_aranges
                0x00001040       0x80 Middlewares/Third_Party/FreeRTOS/Source/portable/GCC/ARM_CM7/r0p1/port.o
 .debug_aranges
                0x000010c0       0x50 Middlewares/Third_Party/FreeRTOS/Source/portable/MemMang/heap_4.o
 .debug_aranges
                0x00001110       0x20 Src/dma.o
 .debug_aranges
                0x00001130       0x40 Src/freertos.o
 .debug_aranges
                0x00001170       0x20 Src/gpio.o
 .debug_aranges
                0x00001190       0x38 Src/main.o
 .debug_aranges
                0x000011c8       0x20 Src/stm32h7xx_hal_msp.o
 .debug_aranges
                0x000011e8       0x30 Src/stm32h7xx_hal_timebase_TIM.o
 .debug_aranges
                0x00001218       0x48 Src/stm32h7xx_it.o
 .debug_aranges
                0x00001260       0x28 Src/system_stm32h7xx.o
 .debug_aranges
                0x00001288       0x38 Src/usart.o
 .debug_aranges
                0x000012c0       0x28 startup/startup_stm32h743xx.o

.debug_ranges   0x00000000     0x1300
 .debug_ranges  0x00000000      0x190 Drivers/STM32H7xx_HAL_Driver/Src/stm32h7xx_hal.o
 .debug_ranges  0x00000190       0xf0 Drivers/STM32H7xx_HAL_Driver/Src/stm32h7xx_hal_cortex.o
 .debug_ranges  0x00000280       0x90 Drivers/STM32H7xx_HAL_Driver/Src/stm32h7xx_hal_dma.o
 .debug_ranges  0x00000310       0x48 Drivers/STM32H7xx_HAL_Driver/Src/stm32h7xx_hal_gpio.o
 .debug_ranges  0x00000358       0x70 Drivers/STM32H7xx_HAL_Driver/Src/stm32h7xx_hal_rcc.o
 .debug_ranges  0x000003c8       0xd0 Drivers/STM32H7xx_HAL_Driver/Src/stm32h7xx_hal_rcc_ex.o
 .debug_ranges  0x00000498      0x368 Drivers/STM32H7xx_HAL_Driver/Src/stm32h7xx_hal_tim.o
 .debug_ranges  0x00000800      0x148 Drivers/STM32H7xx_HAL_Driver/Src/stm32h7xx_hal_tim_ex.o
 .debug_ranges  0x00000948      0x1d8 Drivers/STM32H7xx_HAL_Driver/Src/stm32h7xx_hal_uart.o
 .debug_ranges  0x00000b20       0x40 Drivers/STM32H7xx_HAL_Driver/Src/stm32h7xx_hal_uart_ex.o
 .debug_ranges  0x00000b60      0x1c8 Middlewares/Third_Party/FreeRTOS/Source/CMSIS_RTOS/cmsis_os.o
 .debug_ranges  0x00000d28       0x30 Middlewares/Third_Party/FreeRTOS/Source/list.o
 .debug_ranges  0x00000d58      0x190 Middlewares/Third_Party/FreeRTOS/Source/queue.o
 .debug_ranges  0x00000ee8      0x228 Middlewares/Third_Party/FreeRTOS/Source/tasks.o
 .debug_ranges  0x00001110       0x70 Middlewares/Third_Party/FreeRTOS/Source/portable/GCC/ARM_CM7/r0p1/port.o
 .debug_ranges  0x00001180       0x40 Middlewares/Third_Party/FreeRTOS/Source/portable/MemMang/heap_4.o
 .debug_ranges  0x000011c0       0x10 Src/dma.o
 .debug_ranges  0x000011d0       0x30 Src/freertos.o
 .debug_ranges  0x00001200       0x10 Src/gpio.o
 .debug_ranges  0x00001210       0x28 Src/main.o
 .debug_ranges  0x00001238       0x10 Src/stm32h7xx_hal_msp.o
 .debug_ranges  0x00001248       0x20 Src/stm32h7xx_hal_timebase_TIM.o
 .debug_ranges  0x00001268       0x38 Src/stm32h7xx_it.o
 .debug_ranges  0x000012a0       0x18 Src/system_stm32h7xx.o
 .debug_ranges  0x000012b8       0x28 Src/usart.o
 .debug_ranges  0x000012e0       0x20 startup/startup_stm32h743xx.o

.debug_macro    0x00000000    0x36a0a
 .debug_macro   0x00000000      0x358 Drivers/STM32H7xx_HAL_Driver/Src/stm32h7xx_hal.o
 .debug_macro   0x00000358      0x8c8 Drivers/STM32H7xx_HAL_Driver/Src/stm32h7xx_hal.o
 .debug_macro   0x00000c20      0x13d Drivers/STM32H7xx_HAL_Driver/Src/stm32h7xx_hal.o
 .debug_macro   0x00000d5d       0xa5 Drivers/STM32H7xx_HAL_Driver/Src/stm32h7xx_hal.o
 .debug_macro   0x00000e02       0x2e Drivers/STM32H7xx_HAL_Driver/Src/stm32h7xx_hal.o
 .debug_macro   0x00000e30       0x3b Drivers/STM32H7xx_HAL_Driver/Src/stm32h7xx_hal.o
 .debug_macro   0x00000e6b       0x22 Drivers/STM32H7xx_HAL_Driver/Src/stm32h7xx_hal.o
 .debug_macro   0x00000e8d       0x87 Drivers/STM32H7xx_HAL_Driver/Src/stm32h7xx_hal.o
 .debug_macro   0x00000f14       0x51 Drivers/STM32H7xx_HAL_Driver/Src/stm32h7xx_hal.o
 .debug_macro   0x00000f65       0xef Drivers/STM32H7xx_HAL_Driver/Src/stm32h7xx_hal.o
 .debug_macro   0x00001054       0x6a Drivers/STM32H7xx_HAL_Driver/Src/stm32h7xx_hal.o
 .debug_macro   0x000010be      0x1df Drivers/STM32H7xx_HAL_Driver/Src/stm32h7xx_hal.o
 .debug_macro   0x0000129d       0x22 Drivers/STM32H7xx_HAL_Driver/Src/stm32h7xx_hal.o
 .debug_macro   0x000012bf       0xaf Drivers/STM32H7xx_HAL_Driver/Src/stm32h7xx_hal.o
 .debug_macro   0x0000136e     0x128e Drivers/STM32H7xx_HAL_Driver/Src/stm32h7xx_hal.o
 .debug_macro   0x000025fc    0x243b2 Drivers/STM32H7xx_HAL_Driver/Src/stm32h7xx_hal.o
 .debug_macro   0x000269ae       0x43 Drivers/STM32H7xx_HAL_Driver/Src/stm32h7xx_hal.o
 .debug_macro   0x000269f1     0x3631 Drivers/STM32H7xx_HAL_Driver/Src/stm32h7xx_hal.o
 .debug_macro   0x0002a022       0x58 Drivers/STM32H7xx_HAL_Driver/Src/stm32h7xx_hal.o
 .debug_macro   0x0002a07a       0x35 Drivers/STM32H7xx_HAL_Driver/Src/stm32h7xx_hal.o
 .debug_macro   0x0002a0af       0x9c Drivers/STM32H7xx_HAL_Driver/Src/stm32h7xx_hal.o
 .debug_macro   0x0002a14b       0x16 Drivers/STM32H7xx_HAL_Driver/Src/stm32h7xx_hal.o
 .debug_macro   0x0002a161       0x97 Drivers/STM32H7xx_HAL_Driver/Src/stm32h7xx_hal.o
 .debug_macro   0x0002a1f8      0x330 Drivers/STM32H7xx_HAL_Driver/Src/stm32h7xx_hal.o
 .debug_macro   0x0002a528       0xfd Drivers/STM32H7xx_HAL_Driver/Src/stm32h7xx_hal.o
 .debug_macro   0x0002a625       0x10 Drivers/STM32H7xx_HAL_Driver/Src/stm32h7xx_hal.o
 .debug_macro   0x0002a635       0x58 Drivers/STM32H7xx_HAL_Driver/Src/stm32h7xx_hal.o
 .debug_macro   0x0002a68d       0x1f Drivers/STM32H7xx_HAL_Driver/Src/stm32h7xx_hal.o
 .debug_macro   0x0002a6ac       0x43 Drivers/STM32H7xx_HAL_Driver/Src/stm32h7xx_hal.o
 .debug_macro   0x0002a6ef       0x20 Drivers/STM32H7xx_HAL_Driver/Src/stm32h7xx_hal.o
 .debug_macro   0x0002a70f      0x187 Drivers/STM32H7xx_HAL_Driver/Src/stm32h7xx_hal.o
 .debug_macro   0x0002a896       0x10 Drivers/STM32H7xx_HAL_Driver/Src/stm32h7xx_hal.o
 .debug_macro   0x0002a8a6       0x1c Drivers/STM32H7xx_HAL_Driver/Src/stm32h7xx_hal.o
 .debug_macro   0x0002a8c2       0x52 Drivers/STM32H7xx_HAL_Driver/Src/stm32h7xx_hal.o
 .debug_macro   0x0002a914       0x40 Drivers/STM32H7xx_HAL_Driver/Src/stm32h7xx_hal.o
 .debug_macro   0x0002a954       0x10 Drivers/STM32H7xx_HAL_Driver/Src/stm32h7xx_hal.o
 .debug_macro   0x0002a964       0x40 Drivers/STM32H7xx_HAL_Driver/Src/stm32h7xx_hal.o
 .debug_macro   0x0002a9a4       0xd7 Drivers/STM32H7xx_HAL_Driver/Src/stm32h7xx_hal.o
 .debug_macro   0x0002aa7b       0x16 Drivers/STM32H7xx_HAL_Driver/Src/stm32h7xx_hal.o
 .debug_macro   0x0002aa91      0x18b Drivers/STM32H7xx_HAL_Driver/Src/stm32h7xx_hal.o
 .debug_macro   0x0002ac1c       0x50 Drivers/STM32H7xx_HAL_Driver/Src/stm32h7xx_hal.o
 .debug_macro   0x0002ac6c     0x18d8 Drivers/STM32H7xx_HAL_Driver/Src/stm32h7xx_hal.o
 .debug_macro   0x0002c544      0xf30 Drivers/STM32H7xx_HAL_Driver/Src/stm32h7xx_hal.o
 .debug_macro   0x0002d474      0x12a Drivers/STM32H7xx_HAL_Driver/Src/stm32h7xx_hal.o
 .debug_macro   0x0002d59e      0x11e Drivers/STM32H7xx_HAL_Driver/Src/stm32h7xx_hal.o
 .debug_macro   0x0002d6bc      0x34f Drivers/STM32H7xx_HAL_Driver/Src/stm32h7xx_hal.o
 .debug_macro   0x0002da0b       0x27 Drivers/STM32H7xx_HAL_Driver/Src/stm32h7xx_hal.o
 .debug_macro   0x0002da32      0x71f Drivers/STM32H7xx_HAL_Driver/Src/stm32h7xx_hal.o
 .debug_macro   0x0002e151      0x23a Drivers/STM32H7xx_HAL_Driver/Src/stm32h7xx_hal.o
 .debug_macro   0x0002e38b       0x74 Drivers/STM32H7xx_HAL_Driver/Src/stm32h7xx_hal.o
 .debug_macro   0x0002e3ff      0x241 Drivers/STM32H7xx_HAL_Driver/Src/stm32h7xx_hal.o
 .debug_macro   0x0002e640      0x3a7 Drivers/STM32H7xx_HAL_Driver/Src/stm32h7xx_hal.o
 .debug_macro   0x0002e9e7      0x359 Drivers/STM32H7xx_HAL_Driver/Src/stm32h7xx_hal.o
 .debug_macro   0x0002ed40       0x51 Drivers/STM32H7xx_HAL_Driver/Src/stm32h7xx_hal.o
 .debug_macro   0x0002ed91       0x4a Drivers/STM32H7xx_HAL_Driver/Src/stm32h7xx_hal.o
 .debug_macro   0x0002eddb      0x209 Drivers/STM32H7xx_HAL_Driver/Src/stm32h7xx_hal.o
 .debug_macro   0x0002efe4       0x5a Drivers/STM32H7xx_HAL_Driver/Src/stm32h7xx_hal.o
 .debug_macro   0x0002f03e       0x90 Drivers/STM32H7xx_HAL_Driver/Src/stm32h7xx_hal.o
 .debug_macro   0x0002f0ce      0x39f Drivers/STM32H7xx_HAL_Driver/Src/stm32h7xx_hal.o
 .debug_macro   0x0002f46d      0x163 Drivers/STM32H7xx_HAL_Driver/Src/stm32h7xx_hal.o
 .debug_macro   0x0002f5d0      0x265 Drivers/STM32H7xx_HAL_Driver/Src/stm32h7xx_hal.o
 .debug_macro   0x0002f835       0x35 Drivers/STM32H7xx_HAL_Driver/Src/stm32h7xx_hal.o
 .debug_macro   0x0002f86a      0x822 Drivers/STM32H7xx_HAL_Driver/Src/stm32h7xx_hal.o
 .debug_macro   0x0003008c      0x4fd Drivers/STM32H7xx_HAL_Driver/Src/stm32h7xx_hal.o
 .debug_macro   0x00030589      0x670 Drivers/STM32H7xx_HAL_Driver/Src/stm32h7xx_hal.o
 .debug_macro   0x00030bf9       0x44 Drivers/STM32H7xx_HAL_Driver/Src/stm32h7xx_hal.o
 .debug_macro   0x00030c3d      0x51a Drivers/STM32H7xx_HAL_Driver/Src/stm32h7xx_hal.o
 .debug_macro   0x00031157      0x32e Drivers/STM32H7xx_HAL_Driver/Src/stm32h7xx_hal_cortex.o
 .debug_macro   0x00031485      0x37b Drivers/STM32H7xx_HAL_Driver/Src/stm32h7xx_hal_dma.o
 .debug_macro   0x00031800      0x36d Drivers/STM32H7xx_HAL_Driver/Src/stm32h7xx_hal_gpio.o
 .debug_macro   0x00031b6d      0x352 Drivers/STM32H7xx_HAL_Driver/Src/stm32h7xx_hal_rcc.o
 .debug_macro   0x00031ebf      0x340 Drivers/STM32H7xx_HAL_Driver/Src/stm32h7xx_hal_rcc_ex.o
 .debug_macro   0x000321ff      0x32e Drivers/STM32H7xx_HAL_Driver/Src/stm32h7xx_hal_tim.o
 .debug_macro   0x0003252d      0x346 Drivers/STM32H7xx_HAL_Driver/Src/stm32h7xx_hal_tim_ex.o
 .debug_macro   0x00032873      0x348 Drivers/STM32H7xx_HAL_Driver/Src/stm32h7xx_hal_uart.o
 .debug_macro   0x00032bbb      0x32e Drivers/STM32H7xx_HAL_Driver/Src/stm32h7xx_hal_uart_ex.o
 .debug_macro   0x00032ee9      0x1f3 Middlewares/Third_Party/FreeRTOS/Source/CMSIS_RTOS/cmsis_os.o
 .debug_macro   0x000330dc       0x52 Middlewares/Third_Party/FreeRTOS/Source/CMSIS_RTOS/cmsis_os.o
 .debug_macro   0x0003312e       0x8d Middlewares/Third_Party/FreeRTOS/Source/CMSIS_RTOS/cmsis_os.o
 .debug_macro   0x000331bb      0x174 Middlewares/Third_Party/FreeRTOS/Source/CMSIS_RTOS/cmsis_os.o
 .debug_macro   0x0003332f       0x57 Middlewares/Third_Party/FreeRTOS/Source/CMSIS_RTOS/cmsis_os.o
 .debug_macro   0x00033386       0x10 Middlewares/Third_Party/FreeRTOS/Source/CMSIS_RTOS/cmsis_os.o
 .debug_macro   0x00033396       0x35 Middlewares/Third_Party/FreeRTOS/Source/CMSIS_RTOS/cmsis_os.o
 .debug_macro   0x000333cb       0xd2 Middlewares/Third_Party/FreeRTOS/Source/CMSIS_RTOS/cmsis_os.o
 .debug_macro   0x0003349d      0x168 Middlewares/Third_Party/FreeRTOS/Source/CMSIS_RTOS/cmsis_os.o
 .debug_macro   0x00033605       0xe4 Middlewares/Third_Party/FreeRTOS/Source/CMSIS_RTOS/cmsis_os.o
 .debug_macro   0x000336e9       0x10 Middlewares/Third_Party/FreeRTOS/Source/CMSIS_RTOS/cmsis_os.o
 .debug_macro   0x000336f9       0x26 Middlewares/Third_Party/FreeRTOS/Source/CMSIS_RTOS/cmsis_os.o
 .debug_macro   0x0003371f      0x40f Middlewares/Third_Party/FreeRTOS/Source/CMSIS_RTOS/cmsis_os.o
 .debug_macro   0x00033b2e       0xc0 Middlewares/Third_Party/FreeRTOS/Source/CMSIS_RTOS/cmsis_os.o
 .debug_macro   0x00033bee       0x8c Middlewares/Third_Party/FreeRTOS/Source/CMSIS_RTOS/cmsis_os.o
 .debug_macro   0x00033c7a       0x91 Middlewares/Third_Party/FreeRTOS/Source/CMSIS_RTOS/cmsis_os.o
 .debug_macro   0x00033d0b       0x9b Middlewares/Third_Party/FreeRTOS/Source/CMSIS_RTOS/cmsis_os.o
 .debug_macro   0x00033da6       0x78 Middlewares/Third_Party/FreeRTOS/Source/CMSIS_RTOS/cmsis_os.o
 .debug_macro   0x00033e1e       0x19 Middlewares/Third_Party/FreeRTOS/Source/CMSIS_RTOS/cmsis_os.o
 .debug_macro   0x00033e37       0xf2 Middlewares/Third_Party/FreeRTOS/Source/CMSIS_RTOS/cmsis_os.o
 .debug_macro   0x00033f29       0x9d Middlewares/Third_Party/FreeRTOS/Source/CMSIS_RTOS/cmsis_os.o
 .debug_macro   0x00033fc6      0x18b Middlewares/Third_Party/FreeRTOS/Source/list.o
 .debug_macro   0x00034151      0x207 Middlewares/Third_Party/FreeRTOS/Source/queue.o
 .debug_macro   0x00034358       0x16 Middlewares/Third_Party/FreeRTOS/Source/queue.o
 .debug_macro   0x0003436e      0x26a Middlewares/Third_Party/FreeRTOS/Source/tasks.o
 .debug_macro   0x000345d8       0x11 Middlewares/Third_Party/FreeRTOS/Source/tasks.o
 .debug_macro   0x000345e9      0x198 Middlewares/Third_Party/FreeRTOS/Source/portable/GCC/ARM_CM7/r0p1/port.o
 .debug_macro   0x00034781      0x1b2 Middlewares/Third_Party/FreeRTOS/Source/portable/MemMang/heap_4.o
 .debug_macro   0x00034933      0x338 Src/dma.o
 .debug_macro   0x00034c6b      0x3f0 Src/freertos.o
 .debug_macro   0x0003505b       0xab Src/freertos.o
 .debug_macro   0x00035106       0x28 Src/freertos.o
 .debug_macro   0x0003512e      0x338 Src/gpio.o
 .debug_macro   0x00035466      0x404 Src/main.o
 .debug_macro   0x0003586a       0xd8 Src/main.o
 .debug_macro   0x00035942      0x32e Src/stm32h7xx_hal_msp.o
 .debug_macro   0x00035c70      0x32e Src/stm32h7xx_hal_timebase_TIM.o
 .debug_macro   0x00035f9e      0x3ec Src/stm32h7xx_it.o
 .debug_macro   0x0003638a      0x334 Src/system_stm32h7xx.o
 .debug_macro   0x000366be      0x34c Src/usart.o

.debug_line     0x00000000    0x13748
 .debug_line    0x00000000      0xd0b Drivers/STM32H7xx_HAL_Driver/Src/stm32h7xx_hal.o
 .debug_line    0x00000d0b      0xb6e Drivers/STM32H7xx_HAL_Driver/Src/stm32h7xx_hal_cortex.o
 .debug_line    0x00001879      0xec2 Drivers/STM32H7xx_HAL_Driver/Src/stm32h7xx_hal_dma.o
 .debug_line    0x0000273b      0xaf4 Drivers/STM32H7xx_HAL_Driver/Src/stm32h7xx_hal_gpio.o
 .debug_line    0x0000322f      0xd3b Drivers/STM32H7xx_HAL_Driver/Src/stm32h7xx_hal_rcc.o
 .debug_line    0x00003f6a     0x1076 Drivers/STM32H7xx_HAL_Driver/Src/stm32h7xx_hal_rcc_ex.o
 .debug_line    0x00004fe0     0x1b39 Drivers/STM32H7xx_HAL_Driver/Src/stm32h7xx_hal_tim.o
 .debug_line    0x00006b19      0xfd0 Drivers/STM32H7xx_HAL_Driver/Src/stm32h7xx_hal_tim_ex.o
 .debug_line    0x00007ae9     0x15b5 Drivers/STM32H7xx_HAL_Driver/Src/stm32h7xx_hal_uart.o
 .debug_line    0x0000909e      0xab0 Drivers/STM32H7xx_HAL_Driver/Src/stm32h7xx_hal_uart_ex.o
 .debug_line    0x00009b4e      0xd05 Middlewares/Third_Party/FreeRTOS/Source/CMSIS_RTOS/cmsis_os.o
 .debug_line    0x0000a853      0x653 Middlewares/Third_Party/FreeRTOS/Source/list.o
 .debug_line    0x0000aea6      0xbc5 Middlewares/Third_Party/FreeRTOS/Source/queue.o
 .debug_line    0x0000ba6b      0xeee Middlewares/Third_Party/FreeRTOS/Source/tasks.o
 .debug_line    0x0000c959      0x6c6 Middlewares/Third_Party/FreeRTOS/Source/portable/GCC/ARM_CM7/r0p1/port.o
 .debug_line    0x0000d01f      0x705 Middlewares/Third_Party/FreeRTOS/Source/portable/MemMang/heap_4.o
 .debug_line    0x0000d724      0x95f Src/dma.o
 .debug_line    0x0000e083      0xcab Src/freertos.o
 .debug_line    0x0000ed2e      0x993 Src/gpio.o
 .debug_line    0x0000f6c1      0xca9 Src/main.o
 .debug_line    0x0001036a      0x966 Src/stm32h7xx_hal_msp.o
 .debug_line    0x00010cd0      0x997 Src/stm32h7xx_hal_timebase_TIM.o
 .debug_line    0x00011667      0xc92 Src/stm32h7xx_it.o
 .debug_line    0x000122f9      0x9bc Src/system_stm32h7xx.o
 .debug_line    0x00012cb5      0xa14 Src/usart.o
 .debug_line    0x000136c9       0x7f startup/startup_stm32h743xx.o

.debug_str      0x00000000   0x14d634
 .debug_str     0x00000000   0x140bd5 Drivers/STM32H7xx_HAL_Driver/Src/stm32h7xx_hal.o
                             0x1411d0 (size before relaxing)
 .debug_str     0x00140bd5      0x425 Drivers/STM32H7xx_HAL_Driver/Src/stm32h7xx_hal_cortex.o
                             0x140ba7 (size before relaxing)
 .debug_str     0x00140ffa      0x9db Drivers/STM32H7xx_HAL_Driver/Src/stm32h7xx_hal_dma.o
                             0x1407f1 (size before relaxing)
 .debug_str     0x001419d5      0x286 Drivers/STM32H7xx_HAL_Driver/Src/stm32h7xx_hal_gpio.o
                             0x1403bb (size before relaxing)
 .debug_str     0x00141c5b      0x546 Drivers/STM32H7xx_HAL_Driver/Src/stm32h7xx_hal_rcc.o
                             0x1405dd (size before relaxing)
 .debug_str     0x001421a1      0x8b1 Drivers/STM32H7xx_HAL_Driver/Src/stm32h7xx_hal_rcc_ex.o
                             0x14099b (size before relaxing)
 .debug_str     0x00142a52      0xf19 Drivers/STM32H7xx_HAL_Driver/Src/stm32h7xx_hal_tim.o
                             0x1410dc (size before relaxing)
 .debug_str     0x0014396b      0x699 Drivers/STM32H7xx_HAL_Driver/Src/stm32h7xx_hal_tim_ex.o
                             0x140b58 (size before relaxing)
 .debug_str     0x00144004      0xaf2 Drivers/STM32H7xx_HAL_Driver/Src/stm32h7xx_hal_uart.o
                             0x140fc2 (size before relaxing)
 .debug_str     0x00144af6      0x146 Drivers/STM32H7xx_HAL_Driver/Src/stm32h7xx_hal_uart_ex.o
                             0x140567 (size before relaxing)
 .debug_str     0x00144c3c     0x6491 Middlewares/Third_Party/FreeRTOS/Source/CMSIS_RTOS/cmsis_os.o
                               0xd47b (size before relaxing)
 .debug_str     0x0014b0cd      0x225 Middlewares/Third_Party/FreeRTOS/Source/list.o
                               0x9acb (size before relaxing)
 .debug_str     0x0014b2f2      0x6ff Middlewares/Third_Party/FreeRTOS/Source/queue.o
                               0xb2da (size before relaxing)
 .debug_str     0x0014b9f1      0xf4a Middlewares/Third_Party/FreeRTOS/Source/tasks.o
                               0xbc92 (size before relaxing)
 .debug_str     0x0014c93b      0x6fb Middlewares/Third_Party/FreeRTOS/Source/portable/GCC/ARM_CM7/r0p1/port.o
                               0x7ac2 (size before relaxing)
 .debug_str     0x0014d036      0x243 Middlewares/Third_Party/FreeRTOS/Source/portable/MemMang/heap_4.o
                               0xa20b (size before relaxing)
 .debug_str     0x0014d279       0x22 Src/dma.o
                             0x1407dc (size before relaxing)
 .debug_str     0x0014d29b      0x15c Src/freertos.o
                             0x14603c (size before relaxing)
 .debug_str     0x0014d3f7       0x1b Src/gpio.o
                             0x140053 (size before relaxing)
 .debug_str     0x0014d412       0x92 Src/main.o
                             0x146bd5 (size before relaxing)
 .debug_str     0x0014d4a4       0x1b Src/stm32h7xx_hal_msp.o
                             0x1407eb (size before relaxing)
 .debug_str     0x0014d4bf       0x61 Src/stm32h7xx_hal_timebase_TIM.o
                             0x140ebf (size before relaxing)
 .debug_str     0x0014d520       0xaa Src/stm32h7xx_it.o
                             0x145e27 (size before relaxing)
 .debug_str     0x0014d5ca       0x50 Src/system_stm32h7xx.o
                             0x14011f (size before relaxing)
 .debug_str     0x0014d61a       0x1a Src/usart.o
                             0x140f38 (size before relaxing)

.comment        0x00000000       0x7f
 .comment       0x00000000       0x7f Drivers/STM32H7xx_HAL_Driver/Src/stm32h7xx_hal.o
                                 0x80 (size before relaxing)
 .comment       0x0000007f       0x80 Drivers/STM32H7xx_HAL_Driver/Src/stm32h7xx_hal_cortex.o
 .comment       0x0000007f       0x80 Drivers/STM32H7xx_HAL_Driver/Src/stm32h7xx_hal_dma.o
 .comment       0x0000007f       0x80 Drivers/STM32H7xx_HAL_Driver/Src/stm32h7xx_hal_gpio.o
 .comment       0x0000007f       0x80 Drivers/STM32H7xx_HAL_Driver/Src/stm32h7xx_hal_rcc.o
 .comment       0x0000007f       0x80 Drivers/STM32H7xx_HAL_Driver/Src/stm32h7xx_hal_rcc_ex.o
 .comment       0x0000007f       0x80 Drivers/STM32H7xx_HAL_Driver/Src/stm32h7xx_hal_tim.o
 .comment       0x0000007f       0x80 Drivers/STM32H7xx_HAL_Driver/Src/stm32h7xx_hal_tim_ex.o
 .comment       0x0000007f       0x80 Drivers/STM32H7xx_HAL_Driver/Src/stm32h7xx_hal_uart.o
 .comment       0x0000007f       0x80 Drivers/STM32H7xx_HAL_Driver/Src/stm32h7xx_hal_uart_ex.o
 .comment       0x0000007f       0x80 Middlewares/Third_Party/FreeRTOS/Source/CMSIS_RTOS/cmsis_os.o
 .comment       0x0000007f       0x80 Middlewares/Third_Party/FreeRTOS/Source/list.o
 .comment       0x0000007f       0x80 Middlewares/Third_Party/FreeRTOS/Source/queue.o
 .comment       0x0000007f       0x80 Middlewares/Third_Party/FreeRTOS/Source/tasks.o
 .comment       0x0000007f       0x80 Middlewares/Third_Party/FreeRTOS/Source/portable/GCC/ARM_CM7/r0p1/port.o
 .comment       0x0000007f       0x80 Middlewares/Third_Party/FreeRTOS/Source/portable/MemMang/heap_4.o
 .comment       0x0000007f       0x80 Src/dma.o
 .comment       0x0000007f       0x80 Src/freertos.o
 .comment       0x0000007f       0x80 Src/gpio.o
 .comment       0x0000007f       0x80 Src/main.o
 .comment       0x0000007f       0x80 Src/stm32h7xx_hal_msp.o
 .comment       0x0000007f       0x80 Src/stm32h7xx_hal_timebase_TIM.o
 .comment       0x0000007f       0x80 Src/stm32h7xx_it.o
 .comment       0x0000007f       0x80 Src/system_stm32h7xx.o
 .comment       0x0000007f       0x80 Src/usart.o

.debug_frame    0x00000000     0x3360
 .debug_frame   0x00000000      0x3a4 Drivers/STM32H7xx_HAL_Driver/Src/stm32h7xx_hal.o
 .debug_frame   0x000003a4      0x14c Drivers/STM32H7xx_HAL_Driver/Src/stm32h7xx_hal_cortex.o
 .debug_frame   0x000004f0      0x1f0 Drivers/STM32H7xx_HAL_Driver/Src/stm32h7xx_hal_dma.o
 .debug_frame   0x000006e0       0xd0 Drivers/STM32H7xx_HAL_Driver/Src/stm32h7xx_hal_gpio.o
 .debug_frame   0x000007b0      0x14c Drivers/STM32H7xx_HAL_Driver/Src/stm32h7xx_hal_rcc.o
 .debug_frame   0x000008fc      0x24c Drivers/STM32H7xx_HAL_Driver/Src/stm32h7xx_hal_rcc_ex.o
 .debug_frame   0x00000b48      0xa34 Drivers/STM32H7xx_HAL_Driver/Src/stm32h7xx_hal_tim.o
 .debug_frame   0x0000157c      0x404 Drivers/STM32H7xx_HAL_Driver/Src/stm32h7xx_hal_tim_ex.o
 .debug_frame   0x00001980      0x568 Drivers/STM32H7xx_HAL_Driver/Src/stm32h7xx_hal_uart.o
 .debug_frame   0x00001ee8       0xd0 Drivers/STM32H7xx_HAL_Driver/Src/stm32h7xx_hal_uart_ex.o
 .debug_frame   0x00001fb8      0x598 Middlewares/Third_Party/FreeRTOS/Source/CMSIS_RTOS/cmsis_os.o
 .debug_frame   0x00002550       0x6c Middlewares/Third_Party/FreeRTOS/Source/list.o
 .debug_frame   0x000025bc      0x2f8 Middlewares/Third_Party/FreeRTOS/Source/queue.o
 .debug_frame   0x000028b4      0x508 Middlewares/Third_Party/FreeRTOS/Source/tasks.o
 .debug_frame   0x00002dbc       0xf0 Middlewares/Third_Party/FreeRTOS/Source/portable/GCC/ARM_CM7/r0p1/port.o
 .debug_frame   0x00002eac       0xac Middlewares/Third_Party/FreeRTOS/Source/portable/MemMang/heap_4.o
 .debug_frame   0x00002f58       0x2c Src/dma.o
 .debug_frame   0x00002f84       0x90 Src/freertos.o
 .debug_frame   0x00003014       0x3c Src/gpio.o
 .debug_frame   0x00003050       0x70 Src/main.o
 .debug_frame   0x000030c0       0x2c Src/stm32h7xx_hal_msp.o
 .debug_frame   0x000030ec       0x50 Src/stm32h7xx_hal_timebase_TIM.o
 .debug_frame   0x0000313c       0xa0 Src/stm32h7xx_it.o
 .debug_frame   0x000031dc       0x50 Src/system_stm32h7xx.o
 .debug_frame   0x0000322c       0x80 Src/usart.o
 .debug_frame   0x000032ac       0x2c d:/ac6/systemworkbench/plugins/fr.ac6.mcu.externaltools.arm-none.win32_1.15.0.201708311556/tools/compiler/bin/../lib/gcc/arm-none-eabi/6.3.1/thumb/v7e-m/fpv5/hard\libgcc.a(_aeabi_uldivmod.o)
 .debug_frame   0x000032d8       0x34 d:/ac6/systemworkbench/plugins/fr.ac6.mcu.externaltools.arm-none.win32_1.15.0.201708311556/tools/compiler/bin/../lib/gcc/arm-none-eabi/6.3.1/thumb/v7e-m/fpv5/hard\libgcc.a(_udivmoddi4.o)
 .debug_frame   0x0000330c       0x2c d:/ac6/systemworkbench/plugins/fr.ac6.mcu.externaltools.arm-none.win32_1.15.0.201708311556/tools/compiler/bin/../lib/gcc/arm-none-eabi/6.3.1/../../../../arm-none-eabi/lib/thumb/v7e-m/fpv5/hard\libc_nano.a(lib_a-init.o)
 .debug_frame   0x00003338       0x28 d:/ac6/systemworkbench/plugins/fr.ac6.mcu.externaltools.arm-none.win32_1.15.0.201708311556/tools/compiler/bin/../lib/gcc/arm-none-eabi/6.3.1/../../../../arm-none-eabi/lib/thumb/v7e-m/fpv5/hard\libc_nano.a(lib_a-memcpy-stub.o)
